../Core/Src/stm32f4xx_it.c:66:6:system_time_increase	32	static
../Core/Src/stm32f4xx_it.c:120:6:NMI_Handler	4	static
../Core/Src/stm32f4xx_it.c:135:6:HardFault_Handler	4	static
../Core/Src/stm32f4xx_it.c:150:6:MemManage_Handler	4	static
../Core/Src/stm32f4xx_it.c:165:6:BusFault_Handler	4	static
../Core/Src/stm32f4xx_it.c:180:6:UsageFault_Handler	4	static
../Core/Src/stm32f4xx_it.c:195:6:SVC_Handler	4	static
../Core/Src/stm32f4xx_it.c:208:6:DebugMon_Handler	4	static
../Core/Src/stm32f4xx_it.c:221:6:PendSV_Handler	4	static
../Core/Src/stm32f4xx_it.c:234:6:SysTick_Handler	8	static
../Core/Src/stm32f4xx_it.c:255:6:EXTI0_IRQHandler	8	static
../Core/Src/stm32f4xx_it.c:269:6:CAN1_RX0_IRQHandler	8	static
../Core/Src/stm32f4xx_it.c:283:6:CAN1_RX1_IRQHandler	8	static
../Core/Src/stm32f4xx_it.c:297:6:TIM1_UP_TIM10_IRQHandler	8	static
../Core/Src/stm32f4xx_it.c:312:6:USART1_IRQHandler	8	static
../Core/Src/stm32f4xx_it.c:328:6:USART3_IRQHandler	8	static
../Core/Src/stm32f4xx_it.c:342:6:USART6_IRQHandler	8	static
