../Core/Src/can.c:30:6:abs_limit	40	static
../Core/Src/can.c:41:6:smooth	40	static
../Core/Src/can.c:72:6:MX_CAN1_Init	8	static
../Core/Src/can.c:104:6:HAL_CAN_MspInit	48	static
../Core/Src/can.c:139:6:HAL_CAN_MspDeInit	16	static
../Core/Src/can.c:167:6:CAN1_Filter	8	static
../Core/Src/can.c:183:19:CAN1_Tx	16	static
../Core/Src/can.c:199:6:HAL_CAN_RxFifo0MsgPendingCallback	16	static
../Core/Src/can.c:208:6:motor_velo_mode_init	24	static
../Core/Src/can.c:321:6:motor_enable	24	static
../Core/Src/can.c:389:6:motor_disable	16	static
../Core/Src/can.c:403:6:motor_quick_stop	16	static
../Core/Src/can.c:419:6:motor_transmit_velo	24	static
../Core/Src/can.c:438:6:motor_clear_error	16	static
../Core/Src/can.c:452:6:read_motor_state	16	static
../Core/Src/can.c:472:6:controler_control_motor	8	static
../Core/Src/can.c:497:6:coffee_car_test	8	static
