Component: ARM Compiler 5.06 update 7 (build 960) Tool: armlink [4d3601]

==============================================================================

Section Cross References

    startup_stm32f407xx.o(RESET) refers to startup_stm32f407xx.o(STACK) for __initial_sp
    startup_stm32f407xx.o(RESET) refers to startup_stm32f407xx.o(.text) for Reset_Handler
    startup_stm32f407xx.o(RESET) refers to stm32f4xx_it.o(i.NMI_Handler) for NMI_Handler
    startup_stm32f407xx.o(RESET) refers to stm32f4xx_it.o(i.HardFault_Handler) for HardFault_Handler
    startup_stm32f407xx.o(RESET) refers to stm32f4xx_it.o(i.MemManage_Handler) for MemManage_Handler
    startup_stm32f407xx.o(RESET) refers to stm32f4xx_it.o(i.BusFault_Handler) for BusFault_Handler
    startup_stm32f407xx.o(RESET) refers to stm32f4xx_it.o(i.UsageFault_Handler) for UsageFault_Handler
    startup_stm32f407xx.o(RESET) refers to stm32f4xx_it.o(i.SVC_Handler) for SVC_Handler
    startup_stm32f407xx.o(RESET) refers to stm32f4xx_it.o(i.DebugMon_Handler) for DebugMon_Handler
    startup_stm32f407xx.o(RESET) refers to stm32f4xx_it.o(i.PendSV_Handler) for PendSV_Handler
    startup_stm32f407xx.o(RESET) refers to stm32f4xx_it.o(i.SysTick_Handler) for SysTick_Handler
    startup_stm32f407xx.o(RESET) refers to stm32f4xx_it.o(i.EXTI0_IRQHandler) for EXTI0_IRQHandler
    startup_stm32f407xx.o(RESET) refers to stm32f4xx_it.o(i.CAN1_RX0_IRQHandler) for CAN1_RX0_IRQHandler
    startup_stm32f407xx.o(RESET) refers to stm32f4xx_it.o(i.CAN1_RX1_IRQHandler) for CAN1_RX1_IRQHandler
    startup_stm32f407xx.o(RESET) refers to stm32f4xx_it.o(i.TIM1_UP_TIM10_IRQHandler) for TIM1_UP_TIM10_IRQHandler
    startup_stm32f407xx.o(RESET) refers to stm32f4xx_it.o(i.USART1_IRQHandler) for USART1_IRQHandler
    startup_stm32f407xx.o(RESET) refers to stm32f4xx_it.o(i.USART3_IRQHandler) for USART3_IRQHandler
    startup_stm32f407xx.o(RESET) refers to stm32f4xx_it.o(i.USART6_IRQHandler) for USART6_IRQHandler
    startup_stm32f407xx.o(.text) refers to system_stm32f4xx.o(i.SystemInit) for SystemInit
    startup_stm32f407xx.o(.text) refers to entry.o(.ARM.Collect$$$$00000000) for __main
    main.o(i.HAL_GPIO_EXTI_Callback) refers to stm32f4xx_hal_gpio.o(i.HAL_GPIO_ReadPin) for HAL_GPIO_ReadPin
    main.o(i.HAL_GPIO_EXTI_Callback) refers to stm32f4xx_hal_gpio.o(i.HAL_GPIO_TogglePin) for HAL_GPIO_TogglePin
    main.o(i.HAL_GPIO_EXTI_Callback) refers to main.o(.data) for rising_falling_flag
    main.o(i.HAL_TIM_PeriodElapsedCallback) refers to tim.o(.bss) for htim1
    main.o(i.HAL_TIM_PeriodElapsedCallback) refers to main.o(.data) for stop_count
    main.o(i.HAL_TIM_PeriodElapsedCallback) refers to can.o(.data) for target_linear_velocity
    main.o(i.HAL_UART_RxCpltCallback) refers to stm32f4xx_hal_uart.o(i.HAL_UART_Receive_IT) for HAL_UART_Receive_IT
    main.o(i.HAL_UART_RxCpltCallback) refers to main.o(.bss) for speed_data
    main.o(i.HAL_UART_RxCpltCallback) refers to can.o(.data) for target_linear_velocity
    main.o(i.HAL_UART_RxCpltCallback) refers to main.o(.data) for stop_count
    main.o(i.HAL_UART_RxCpltCallback) refers to usart.o(.bss) for huart6
    main.o(i.HAL_UART_TxCpltCallback) refers to printf5.o(i.__0printf$5) for __2printf
    main.o(i.SystemClock_Config) refers to memseta.o(.text) for __aeabi_memclr4
    main.o(i.SystemClock_Config) refers to stm32f4xx_hal_rcc.o(i.HAL_RCC_OscConfig) for HAL_RCC_OscConfig
    main.o(i.SystemClock_Config) refers to main.o(i.Error_Handler) for Error_Handler
    main.o(i.SystemClock_Config) refers to stm32f4xx_hal_rcc.o(i.HAL_RCC_ClockConfig) for HAL_RCC_ClockConfig
    main.o(i.main) refers to stm32f4xx_hal.o(i.HAL_Init) for HAL_Init
    main.o(i.main) refers to main.o(i.SystemClock_Config) for SystemClock_Config
    main.o(i.main) refers to gpio.o(i.MX_GPIO_Init) for MX_GPIO_Init
    main.o(i.main) refers to can.o(i.MX_CAN1_Init) for MX_CAN1_Init
    main.o(i.main) refers to usart.o(i.MX_USART1_UART_Init) for MX_USART1_UART_Init
    main.o(i.main) refers to tim.o(i.MX_TIM1_Init) for MX_TIM1_Init
    main.o(i.main) refers to usart.o(i.MX_USART6_UART_Init) for MX_USART6_UART_Init
    main.o(i.main) refers to usart.o(i.MX_USART3_UART_Init) for MX_USART3_UART_Init
    main.o(i.main) refers to can.o(i.CAN1_Filter) for CAN1_Filter
    main.o(i.main) refers to stm32f4xx_hal_can.o(i.HAL_CAN_ActivateNotification) for HAL_CAN_ActivateNotification
    main.o(i.main) refers to stm32f4xx_hal_can.o(i.HAL_CAN_Start) for HAL_CAN_Start
    main.o(i.main) refers to printf5.o(i.__0printf$5) for __2printf
    main.o(i.main) refers to stm32f4xx_hal_uart.o(i.HAL_UART_Receive_IT) for HAL_UART_Receive_IT
    main.o(i.main) refers to stm32f4xx_hal_tim.o(i.HAL_TIM_Base_Start_IT) for HAL_TIM_Base_Start_IT
    main.o(i.main) refers to stm32f4xx_hal_gpio.o(i.HAL_GPIO_WritePin) for HAL_GPIO_WritePin
    main.o(i.main) refers to stm32f4xx_hal.o(i.HAL_Delay) for HAL_Delay
    main.o(i.main) refers to can.o(i.coffee_car_test) for coffee_car_test
[...]
    Removing motor_can.o(i.origin_3), (648 bytes).
    Removing motor_can.o(i.test_location_1), (504 bytes).
    Removing motor_can.o(i.test_location_3), (692 bytes).
    Removing motor_can.o(i.test_origin), (660 bytes).
    Removing motor_can.o(i.test_save), (208 bytes).
    Removing motor_can.o(i.triangle_control), (1080 bytes).
    Removing motor_can.o(.conststring), (591 bytes).
    Removing dadd.o(.text), (334 bytes).
    Removing dneg.o(.text), (6 bytes).
    Removing dflti.o(.text), (34 bytes).
    Removing cdcmple.o(.text), (48 bytes).
    Removing cdrcmple.o(.text), (48 bytes).
    Removing d2f.o(.text), (56 bytes).
    Removing fepilogue.o(.text), (110 bytes).
    Removing dfixul.o(.text), (48 bytes).

473 unused section(s) (total 55429 bytes) removed from the image.

==============================================================================

Image Symbol Table

    Local Symbols

    Symbol Name                              Value     Ov Type        Size  Object(Section)

    ../Core/Src/can.c                        0x00000000   Number         0  can.o ABSOLUTE
    ../Core/Src/gpio.c                       0x00000000   Number         0  gpio.o ABSOLUTE
    ../Core/Src/main.c                       0x00000000   Number         0  main.o ABSOLUTE
    ../Core/Src/stm32f4xx_hal_msp.c          0x00000000   Number         0  stm32f4xx_hal_msp.o ABSOLUTE
    ../Core/Src/stm32f4xx_it.c               0x00000000   Number         0  stm32f4xx_it.o ABSOLUTE
    ../Core/Src/system_stm32f4xx.c           0x00000000   Number         0  system_stm32f4xx.o ABSOLUTE
    ../Core/Src/tim.c                        0x00000000   Number         0  tim.o ABSOLUTE
    ../Core/Src/usart.c                      0x00000000   Number         0  usart.o ABSOLUTE
    ../Drivers/STM32F4xx_HAL_Driver/Src/stm32f4xx_hal.c 0x00000000   Number         0  stm32f4xx_hal.o ABSOLUTE
    ../Drivers/STM32F4xx_HAL_Driver/Src/stm32f4xx_hal_can.c 0x00000000   Number         0  stm32f4xx_hal_can.o ABSOLUTE
    ../Drivers/STM32F4xx_HAL_Driver/Src/stm32f4xx_hal_cortex.c 0x00000000   Number         0  stm32f4xx_hal_cortex.o ABSOLUTE
    ../Drivers/STM32F4xx_HAL_Driver/Src/stm32f4xx_hal_dma.c 0x00000000   Number         0  stm32f4xx_hal_dma.o ABSOLUTE
    ../Drivers/STM32F4xx_HAL_Driver/Src/stm32f4xx_hal_dma_ex.c 0x00000000   Number         0  stm32f4xx_hal_dma_ex.o ABSOLUTE
    ../Drivers/STM32F4xx_HAL_Driver/Src/stm32f4xx_hal_exti.c 0x00000000   Number         0  stm32f4xx_hal_exti.o ABSOLUTE
    ../Drivers/STM32F4xx_HAL_Driver/Src/stm32f4xx_hal_flash.c 0x00000000   Number         0  stm32f4xx_hal_flash.o ABSOLUTE
    ../Drivers/STM32F4xx_HAL_Driver/Src/stm32f4xx_hal_flash_ex.c 0x00000000   Number         0  stm32f4xx_hal_flash_ex.o ABSOLUTE
    ../Drivers/STM32F4xx_HAL_Driver/Src/stm32f4xx_hal_flash_ramfunc.c 0x00000000   Number         0  stm32f4xx_hal_flash_ramfunc.o ABSOLUTE
    ../Drivers/STM32F4xx_HAL_Driver/Src/stm32f4xx_hal_gpio.c 0x00000000   Number         0  stm32f4xx_hal_gpio.o ABSOLUTE
    ../Drivers/STM32F4xx_HAL_Driver/Src/stm32f4xx_hal_pwr.c 0x00000000   Number         0  stm32f4xx_hal_pwr.o ABSOLUTE
    ../Drivers/STM32F4xx_HAL_Driver/Src/stm32f4xx_hal_pwr_ex.c 0x00000000   Number         0  stm32f4xx_hal_pwr_ex.o ABSOLUTE
    ../Drivers/STM32F4xx_HAL_Driver/Src/stm32f4xx_hal_rcc.c 0x00000000   Number         0  stm32f4xx_hal_rcc.o ABSOLUTE
    ../Drivers/STM32F4xx_HAL_Driver/Src/stm32f4xx_hal_rcc_ex.c 0x00000000   Number         0  stm32f4xx_hal_rcc_ex.o ABSOLUTE
    ../Drivers/STM32F4xx_HAL_Driver/Src/stm32f4xx_hal_tim.c 0x00000000   Number         0  stm32f4xx_hal_tim.o ABSOLUTE
    ../Drivers/STM32F4xx_HAL_Driver/Src/stm32f4xx_hal_tim_ex.c 0x00000000   Number         0  stm32f4xx_hal_tim_ex.o ABSOLUTE
    ../Drivers/STM32F4xx_HAL_Driver/Src/stm32f4xx_hal_uart.c 0x00000000   Number         0  stm32f4xx_hal_uart.o ABSOLUTE
    ../clib/microlib/division.c              0x00000000   Number         0  uldiv.o ABSOLUTE
    ../clib/microlib/division.c              0x00000000   Number         0  uidiv.o ABSOLUTE
    ../clib/microlib/init/entry.s            0x00000000   Number         0  entry12a.o ABSOLUTE
    ../clib/microlib/init/entry.s            0x00000000   Number         0  entry12b.o ABSOLUTE
    ../clib/microlib/init/entry.s            0x00000000   Number         0  entry2.o ABSOLUTE
    ../clib/microlib/init/entry.s            0x00000000   Number         0  entry5.o ABSOLUTE
    ../clib/microlib/init/entry.s            0x00000000   Number         0  entry7a.o ABSOLUTE
    ../clib/microlib/init/entry.s            0x00000000   Number         0  entry7b.o ABSOLUTE
    ../clib/microlib/init/entry.s            0x00000000   Number         0  entry8a.o ABSOLUTE
    ../clib/microlib/init/entry.s            0x00000000   Number         0  entry.o ABSOLUTE
    ../clib/microlib/init/entry.s            0x00000000   Number         0  entry9a.o ABSOLUTE
    ../clib/microlib/init/entry.s            0x00000000   Number         0  entry9b.o ABSOLUTE
    ../clib/microlib/init/entry.s            0x00000000   Number         0  entry10a.o ABSOLUTE
    ../clib/microlib/init/entry.s            0x00000000   Number         0  entry10b.o ABSOLUTE
    ../clib/microlib/init/entry.s            0x00000000   Number         0  entry8b.o ABSOLUTE
    ../clib/microlib/init/entry.s            0x00000000   Number         0  entry11a.o ABSOLUTE
    ../clib/microlib/init/entry.s            0x00000000   Number         0  entry11b.o ABSOLUTE
    ../clib/microlib/longlong.c              0x00000000   Number         0  llushr.o ABSOLUTE
    ../clib/microlib/longlong.c              0x00000000   Number         0  llshl.o ABSOLUTE
    ../clib/microlib/longlong.c              0x00000000   Number         0  llsshr.o ABSOLUTE
    ../clib/microlib/printf/printf.c         0x00000000   Number         0  printf6.o ABSOLUTE
    ../clib/microlib/printf/printf.c         0x00000000   Number         0  printf3.o ABSOLUTE
    ../clib/microlib/printf/printf.c         0x00000000   Number         0  printf5.o ABSOLUTE
    ../clib/microlib/printf/printf.c         0x00000000   Number         0  printf4.o ABSOLUTE
    ../clib/microlib/printf/printf.c         0x00000000   Number         0  printf1.o ABSOLUTE
    ../clib/microlib/printf/printf.c         0x00000000   Number         0  printf0.o ABSOLUTE
    ../clib/microlib/printf/printf.c         0x00000000   Number         0  printfb.o ABSOLUTE
    ../clib/microlib/printf/printf.c         0x00000000   Number         0  printfa.o ABSOLUTE
    ../clib/microlib/printf/printf.c         0x00000000   Number         0  printf8.o ABSOLUTE
    ../clib/microlib/printf/printf.c         0x00000000   Number         0  printf7.o ABSOLUTE
    ../clib/microlib/printf/printf.c         0x00000000   Number         0  printf2.o ABSOLUTE
    ../clib/microlib/printf/stubs.s          0x00000000   Number         0  stubs.o ABSOLUTE
    ../clib/microlib/stdio/streams.c         0x00000000   Number         0  stdout.o ABSOLUTE
    ../clib/microlib/string/memset.c         0x00000000   Number         0  memseta.o ABSOLUTE
    ../clib/microlib/stubs.s                 0x00000000   Number         0  iusefp.o ABSOLUTE
    ../fplib/microlib/d2f.c                  0x00000000   Number         0  d2f.o ABSOLUTE
    ../fplib/microlib/f2d.c                  0x00000000   Number         0  f2d.o ABSOLUTE
    ../fplib/microlib/fpadd.c                0x00000000   Number         0  dadd.o ABSOLUTE
    ../fplib/microlib/fpdiv.c                0x00000000   Number         0  ddiv.o ABSOLUTE
    ../fplib/microlib/fpepilogue.c           0x00000000   Number         0  depilogue.o ABSOLUTE
    ../fplib/microlib/fpepilogue.c           0x00000000   Number         0  fepilogue.o ABSOLUTE
    ../fplib/microlib/fpfix.c                0x00000000   Number         0  dfixul.o ABSOLUTE
    ../fplib/microlib/fpfix.c                0x00000000   Number         0  dfixi.o ABSOLUTE
    ../fplib/microlib/fpflt.c                0x00000000   Number         0  dflti.o ABSOLUTE
    ../fplib/microlib/fpmul.c                0x00000000   Number         0  dmul.o ABSOLUTE
    ../fplib/microlib/fpneg.c                0x00000000   Number         0  dneg.o ABSOLUTE
    ../mathlib/fabs.c                        0x00000000   Number         0  fabs.o ABSOLUTE
    ..\Core\Inc\APP\motor_can.c              0x00000000   Number         0  motor_can.o ABSOLUTE
    ..\Core\Src\can.c                        0x00000000   Number         0  can.o ABSOLUTE
    ..\Core\Src\chassis_subipc.c             0x00000000   Number         0  chassis_subipc.o ABSOLUTE
    ..\Core\Src\controler.c                  0x00000000   Number         0  controler.o ABSOLUTE
    ..\Core\Src\gpio.c                       0x00000000   Number         0  gpio.o ABSOLUTE
    ..\Core\Src\main.c                       0x00000000   Number         0  main.o ABSOLUTE
    ..\Core\Src\stm32f4xx_hal_msp.c          0x00000000   Number         0  stm32f4xx_hal_msp.o ABSOLUTE
    ..\Core\Src\stm32f4xx_it.c               0x00000000   Number         0  stm32f4xx_it.o ABSOLUTE
    ..\Core\Src\system_stm32f4xx.c           0x00000000   Number         0  system_stm32f4xx.o ABSOLUTE
    ..\Core\Src\tim.c                        0x00000000   Number         0  tim.o ABSOLUTE
    ..\Core\Src\usart.c                      0x00000000   Number         0  usart.o ABSOLUTE
    ..\Drivers\STM32F4xx_HAL_Driver\Src\stm32f4xx_hal.c 0x00000000   Number         0  stm32f4xx_hal.o ABSOLUTE
    ..\Drivers\STM32F4xx_HAL_Driver\Src\stm32f4xx_hal_can.c 0x00000000   Number         0  stm32f4xx_hal_can.o ABSOLUTE
    ..\Drivers\STM32F4xx_HAL_Driver\Src\stm32f4xx_hal_cortex.c 0x00000000   Number         0  stm32f4xx_hal_cortex.o ABSOLUTE
    ..\Drivers\STM32F4xx_HAL_Driver\Src\stm32f4xx_hal_dma.c 0x00000000   Number         0  stm32f4xx_hal_dma.o ABSOLUTE
    ..\Drivers\STM32F4xx_HAL_Driver\Src\stm32f4xx_hal_dma_ex.c 0x00000000   Number         0  stm32f4xx_hal_dma_ex.o ABSOLUTE
    ..\Drivers\STM32F4xx_HAL_Driver\Src\stm32f4xx_hal_exti.c 0x00000000   Number         0  stm32f4xx_hal_exti.o ABSOLUTE
    ..\Drivers\STM32F4xx_HAL_Driver\Src\stm32f4xx_hal_flash.c 0x00000000   Number         0  stm32f4xx_hal_flash.o ABSOLUTE
    ..\Drivers\STM32F4xx_HAL_Driver\Src\stm32f4xx_hal_flash_ex.c 0x00000000   Number         0  stm32f4xx_hal_flash_ex.o ABSOLUTE
    ..\Drivers\STM32F4xx_HAL_Driver\Src\stm32f4xx_hal_flash_ramfunc.c 0x00000000   Number         0  stm32f4xx_hal_flash_ramfunc.o ABSOLUTE
    ..\Drivers\STM32F4xx_HAL_Driver\Src\stm32f4xx_hal_gpio.c 0x00000000   Number         0  stm32f4xx_hal_gpio.o ABSOLUTE
    ..\Drivers\STM32F4xx_HAL_Driver\Src\stm32f4xx_hal_pwr.c 0x00000000   Number         0  stm32f4xx_hal_pwr.o ABSOLUTE
    ..\Drivers\STM32F4xx_HAL_Driver\Src\stm32f4xx_hal_pwr_ex.c 0x00000000   Number         0  stm32f4xx_hal_pwr_ex.o ABSOLUTE
    ..\Drivers\STM32F4xx_HAL_Driver\Src\stm32f4xx_hal_rcc.c 0x00000000   Number         0  stm32f4xx_hal_rcc.o ABSOLUTE
    ..\Drivers\STM32F4xx_HAL_Driver\Src\stm32f4xx_hal_rcc_ex.c 0x00000000   Number         0  stm32f4xx_hal_rcc_ex.o ABSOLUTE
    ..\Drivers\STM32F4xx_HAL_Driver\Src\stm32f4xx_hal_tim.c 0x00000000   Number         0  stm32f4xx_hal_tim.o ABSOLUTE
    ..\Drivers\STM32F4xx_HAL_Driver\Src\stm32f4xx_hal_tim_ex.c 0x00000000   Number         0  stm32f4xx_hal_tim_ex.o ABSOLUTE
    ..\Drivers\STM32F4xx_HAL_Driver\Src\stm32f4xx_hal_uart.c 0x00000000   Number         0  stm32f4xx_hal_uart.o ABSOLUTE
    ..\\Core\\Inc\\APP\\motor_can.c          0x00000000   Number         0  motor_can.o ABSOLUTE
    ..\\Core\\Src\\chassis_subipc.c          0x00000000   Number         0  chassis_subipc.o ABSOLUTE
    ..\\Core\\Src\\controler.c               0x00000000   Number         0  controler.o ABSOLUTE
    cdcmple.s                                0x00000000   Number         0  cdcmple.o ABSOLUTE
    cdrcmple.s                               0x00000000   Number         0  cdrcmple.o ABSOLUTE
    dc.s                                     0x00000000   Number         0  dc.o ABSOLUTE
    handlers.s                               0x00000000   Number         0  handlers.o ABSOLUTE
    init.s                                   0x00000000   Number         0  init.o ABSOLUTE
    startup_stm32f407xx.s                    0x00000000   Number         0  startup_stm32f407xx.o ABSOLUTE
    RESET                                    0x08000000   Section      392  startup_stm32f407xx.o(RESET)
    .ARM.Collect$$$$00000000                 0x08000188   Section        0  entry.o(.ARM.Collect$$$$00000000)
    .ARM.Collect$$$$00000001                 0x08000188   Section        4  entry2.o(.ARM.Collect$$$$00000001)
    .ARM.Collect$$$$00000004                 0x0800018c   Section        4  entry5.o(.ARM.Collect$$$$00000004)
    .ARM.Collect$$$$00000008                 0x08000190   Section        0  entry7b.o(.ARM.Collect$$$$00000008)
    .ARM.Collect$$$$0000000A                 0x08000190   Section        0  entry8b.o(.ARM.Collect$$$$0000000A)
    .ARM.Collect$$$$0000000B                 0x08000190   Section        8  entry9a.o(.ARM.Collect$$$$0000000B)
    .ARM.Collect$$$$0000000E                 0x08000198   Section        4  entry12b.o(.ARM.Collect$$$$0000000E)
    .ARM.Collect$$$$0000000F                 0x0800019c   Section        0  entry10a.o(.ARM.Collect$$$$0000000F)
    .ARM.Collect$$$$00000011                 0x0800019c   Section        0  entry11a.o(.ARM.Collect$$$$00000011)
    .ARM.Collect$$$$00002712                 0x0800019c   Section        4  entry2.o(.ARM.Collect$$$$00002712)
    __lit__00000000                          0x0800019c   Data           4  entry2.o(.ARM.Collect$$$$00002712)
    .text                                    0x080001a0   Section       36  startup_stm32f407xx.o(.text)
    $v0                                      0x080001a0   Number         0  startup_stm32f407xx.o(.text)
    .text                                    0x080001c4   Section        0  uldiv.o(.text)
    .text                                    0x08000226   Section        0  memseta.o(.text)
    .text                                    0x0800024a   Section        0  dmul.o(.text)
    .text                                    0x0800032e   Section        0  ddiv.o(.text)
    .text                                    0x0800040c   Section        0  dfixi.o(.text)
    .text                                    0x0800044a   Section        0  f2d.o(.text)
    .text                                    0x08000470   Section        0  llshl.o(.text)
    .text                                    0x0800048e   Section        0  llushr.o(.text)
    .text                                    0x080004ae   Section        0  depilogue.o(.text)
    .text                                    0x080004ae   Section        0  iusefp.o(.text)
    .text                                    0x08000568   Section       36  init.o(.text)
    i.BusFault_Handler                       0x0800058c   Section        0  stm32f4xx_it.o(i.BusFault_Handler)
    i.CAN1_Filter                            0x08000590   Section        0  can.o(i.CAN1_Filter)
    i.CAN1_RX0_IRQHandler                    0x080005bc   Section        0  stm32f4xx_it.o(i.CAN1_RX0_IRQHandler)
    i.CAN1_RX1_IRQHandler                    0x080005cc   Section        0  stm32f4xx_it.o(i.CAN1_RX1_IRQHandler)
    i.CAN1_Tx                                0x080005dc   Section        0  can.o(i.CAN1_Tx)
    i.DebugMon_Handler                       0x08000624   Section        0  stm32f4xx_it.o(i.DebugMon_Handler)
    i.EXTI0_IRQHandler                       0x08000626   Section        0  stm32f4xx_it.o(i.EXTI0_IRQHandler)
    i.Error_Handler                          0x08000630   Section        0  main.o(i.Error_Handler)
    i.HAL_CAN_ActivateNotification           0x08000632   Section        0  stm32f4xx_hal_can.o(i.HAL_CAN_ActivateNotification)
    i.HAL_CAN_AddTxMessage                   0x0800065c   Section        0  stm32f4xx_hal_can.o(i.HAL_CAN_AddTxMessage)
    i.HAL_CAN_ConfigFilter                   0x080007b4   Section        0  stm32f4xx_hal_can.o(i.HAL_CAN_ConfigFilter)
    i.HAL_CAN_ErrorCallback                  0x080008d8   Section        0  stm32f4xx_hal_can.o(i.HAL_CAN_ErrorCallback)
    i.HAL_CAN_GetRxMessage                   0x080008da   Section        0  stm32f4xx_hal_can.o(i.HAL_CAN_GetRxMessage)
    i.HAL_CAN_IRQHandler                     0x08000a54   Section        0  stm32f4xx_hal_can.o(i.HAL_CAN_IRQHandler)
    i.HAL_CAN_Init                           0x08000ca2   Section        0  stm32f4xx_hal_can.o(i.HAL_CAN_Init)
    i.HAL_CAN_MspInit                        0x08000e18   Section        0  can.o(i.HAL_CAN_MspInit)
    i.HAL_CAN_RxFifo0FullCallback            0x08000ec0   Section        0  stm32f4xx_hal_can.o(i.HAL_CAN_RxFifo0FullCallback)
    i.HAL_CAN_RxFifo0MsgPendingCallback      0x08000ec4   Section        0  can.o(i.HAL_CAN_RxFifo0MsgPendingCallback)
    i.HAL_CAN_RxFifo1FullCallback            0x08000ef4   Section        0  stm32f4xx_hal_can.o(i.HAL_CAN_RxFifo1FullCallback)
    i.HAL_CAN_RxFifo1MsgPendingCallback      0x08000ef6   Section        0  stm32f4xx_hal_can.o(i.HAL_CAN_RxFifo1MsgPendingCallback)
    i.HAL_CAN_SleepCallback                  0x08000ef8   Section        0  stm32f4xx_hal_can.o(i.HAL_CAN_SleepCallback)
    i.HAL_CAN_Start                          0x08000efa   Section        0  stm32f4xx_hal_can.o(i.HAL_CAN_Start)
    i.HAL_CAN_TxMailbox0AbortCallback        0x08000f58   Section        0  stm32f4xx_hal_can.o(i.HAL_CAN_TxMailbox0AbortCallback)
    i.HAL_CAN_TxMailbox0CompleteCallback     0x08000f5a   Section        0  stm32f4xx_hal_can.o(i.HAL_CAN_TxMailbox0CompleteCallback)
    i.HAL_CAN_TxMailbox1AbortCallback        0x08000f5c   Section        0  stm32f4xx_hal_can.o(i.HAL_CAN_TxMailbox1AbortCallback)
    i.HAL_CAN_TxMailbox1CompleteCallback     0x08000f5e   Section        0  stm32f4xx_hal_can.o(i.HAL_CAN_TxMailbox1CompleteCallback)
    i.HAL_CAN_TxMailbox2AbortCallback        0x08000f60   Section        0  stm32f4xx_hal_can.o(i.HAL_CAN_TxMailbox2AbortCallback)
    i.HAL_CAN_TxMailbox2CompleteCallback     0x08000f62   Section        0  stm32f4xx_hal_can.o(i.HAL_CAN_TxMailbox2CompleteCallback)
    i.HAL_CAN_WakeUpFromRxMsgCallback        0x08000f64   Section        0  stm32f4xx_hal_can.o(i.HAL_CAN_WakeUpFromRxMsgCallback)
    i.HAL_DMA_Abort                          0x08000f66   Section        0  stm32f4xx_hal_dma.o(i.HAL_DMA_Abort)
    i.HAL_DMA_Abort_IT                       0x08001012   Section        0  stm32f4xx_hal_dma.o(i.HAL_DMA_Abort_IT)
    i.HAL_Delay                              0x0800103c   Section        0  stm32f4xx_hal.o(i.HAL_Delay)
    i.HAL_GPIO_EXTI_Callback                 0x08001064   Section        0  main.o(i.HAL_GPIO_EXTI_Callback)
    i.HAL_GPIO_EXTI_IRQHandler               0x080010a4   Section        0  stm32f4xx_hal_gpio.o(i.HAL_GPIO_EXTI_IRQHandler)
    i.HAL_GPIO_Init                          0x080010c0   Section        0  stm32f4xx_hal_gpio.o(i.HAL_GPIO_Init)
    i.HAL_GPIO_ReadPin                       0x080012b4   Section        0  stm32f4xx_hal_gpio.o(i.HAL_GPIO_ReadPin)
    i.HAL_GPIO_TogglePin                     0x080012c4   Section        0  stm32f4xx_hal_gpio.o(i.HAL_GPIO_TogglePin)
    i.HAL_GPIO_WritePin                      0x080012d8   Section        0  stm32f4xx_hal_gpio.o(i.HAL_GPIO_WritePin)
    i.HAL_GetTick                            0x080012e4   Section        0  stm32f4xx_hal.o(i.HAL_GetTick)
    i.HAL_IncTick                            0x080012f0   Section        0  stm32f4xx_hal.o(i.HAL_IncTick)
    i.HAL_Init                               0x08001308   Section        0  stm32f4xx_hal.o(i.HAL_Init)
    i.HAL_InitTick                           0x08001344   Section        0  stm32f4xx_hal.o(i.HAL_InitTick)
    i.HAL_MspInit                            0x08001390   Section        0  stm32f4xx_hal_msp.o(i.HAL_MspInit)
    i.HAL_NVIC_EnableIRQ                     0x080013d8   Section        0  stm32f4xx_hal_cortex.o(i.HAL_NVIC_EnableIRQ)
    i.HAL_NVIC_SetPriority                   0x080013f8   Section        0  stm32f4xx_hal_cortex.o(i.HAL_NVIC_SetPriority)
    i.HAL_NVIC_SetPriorityGrouping           0x08001474   Section        0  stm32f4xx_hal_cortex.o(i.HAL_NVIC_SetPriorityGrouping)
    i.HAL_RCC_ClockConfig                    0x0800149c   Section        0  stm32f4xx_hal_rcc.o(i.HAL_RCC_ClockConfig)
    i.HAL_RCC_GetHCLKFreq                    0x08001620   Section        0  stm32f4xx_hal_rcc.o(i.HAL_RCC_GetHCLKFreq)
    i.HAL_RCC_GetPCLK1Freq                   0x0800162c   Section        0  stm32f4xx_hal_rcc.o(i.HAL_RCC_GetPCLK1Freq)
    i.HAL_RCC_GetPCLK2Freq                   0x0800164c   Section        0  stm32f4xx_hal_rcc.o(i.HAL_RCC_GetPCLK2Freq)
    i.HAL_RCC_GetSysClockFreq                0x0800166c   Section        0  stm32f4xx_hal_rcc.o(i.HAL_RCC_GetSysClockFreq)
    i.HAL_RCC_OscConfig                      0x0800171c   Section        0  stm32f4xx_hal_rcc.o(i.HAL_RCC_OscConfig)
    i.HAL_SYSTICK_Config                     0x08001bb8   Section        0  stm32f4xx_hal_cortex.o(i.HAL_SYSTICK_Config)
    i.HAL_TIMEx_BreakCallback                0x08001bec   Section        0  stm32f4xx_hal_tim_ex.o(i.HAL_TIMEx_BreakCallback)
    i.HAL_TIMEx_CommutCallback               0x08001bee   Section        0  stm32f4xx_hal_tim_ex.o(i.HAL_TIMEx_CommutCallback)
    i.HAL_TIMEx_MasterConfigSynchronization  0x08001bf0   Section        0  stm32f4xx_hal_tim_ex.o(i.HAL_TIMEx_MasterConfigSynchronization)
    i.HAL_TIM_Base_Init                      0x08001ca4   Section        0  stm32f4xx_hal_tim.o(i.HAL_TIM_Base_Init)
    i.HAL_TIM_Base_MspInit                   0x08001d0c   Section        0  tim.o(i.HAL_TIM_Base_MspInit)
    i.HAL_TIM_Base_Start_IT                  0x08001d54   Section        0  stm32f4xx_hal_tim.o(i.HAL_TIM_Base_Start_IT)
    i.HAL_TIM_ConfigClockSource              0x08001dfc   Section        0  stm32f4xx_hal_tim.o(i.HAL_TIM_ConfigClockSource)
    i.HAL_TIM_IC_CaptureCallback             0x08001f08   Section        0  stm32f4xx_hal_tim.o(i.HAL_TIM_IC_CaptureCallback)
    i.HAL_TIM_IRQHandler                     0x08001f0a   Section        0  stm32f4xx_hal_tim.o(i.HAL_TIM_IRQHandler)
    i.HAL_TIM_OC_DelayElapsedCallback        0x080020a0   Section        0  stm32f4xx_hal_tim.o(i.HAL_TIM_OC_DelayElapsedCallback)
    i.HAL_TIM_PWM_PulseFinishedCallback      0x080020a2   Section        0  stm32f4xx_hal_tim.o(i.HAL_TIM_PWM_PulseFinishedCallback)
    i.HAL_TIM_PeriodElapsedCallback          0x080020a4   Section        0  main.o(i.HAL_TIM_PeriodElapsedCallback)
    i.HAL_TIM_TriggerCallback                0x080020ec   Section        0  stm32f4xx_hal_tim.o(i.HAL_TIM_TriggerCallback)
    i.HAL_UARTEx_RxEventCallback             0x080020ee   Section        0  stm32f4xx_hal_uart.o(i.HAL_UARTEx_RxEventCallback)
    i.HAL_UART_ErrorCallback                 0x080020f0   Section        0  stm32f4xx_hal_uart.o(i.HAL_UART_ErrorCallback)
    i.HAL_UART_IRQHandler                    0x080020f4   Section        0  stm32f4xx_hal_uart.o(i.HAL_UART_IRQHandler)
    i.HAL_UART_Init                          0x080023d4   Section        0  stm32f4xx_hal_uart.o(i.HAL_UART_Init)
    i.HAL_UART_MspInit                       0x08002448   Section        0  usart.o(i.HAL_UART_MspInit)
    i.HAL_UART_Receive_IT                    0x0800262c   Section        0  stm32f4xx_hal_uart.o(i.HAL_UART_Receive_IT)
    i.HAL_UART_RxCpltCallback                0x08002670   Section        0  main.o(i.HAL_UART_RxCpltCallback)
    i.HAL_UART_TxCpltCallback                0x080026cc   Section        0  main.o(i.HAL_UART_TxCpltCallback)
    i.HardFault_Handler                      0x080026f4   Section        0  stm32f4xx_it.o(i.HardFault_Handler)
    i.MX_CAN1_Init                           0x080026f8   Section        0  can.o(i.MX_CAN1_Init)
    i.MX_GPIO_Init                           0x0800273c   Section        0  gpio.o(i.MX_GPIO_Init)
    i.MX_TIM1_Init                           0x08002874   Section        0  tim.o(i.MX_TIM1_Init)
    i.MX_USART1_UART_Init                    0x080028e4   Section        0  usart.o(i.MX_USART1_UART_Init)
    i.MX_USART3_UART_Init                    0x0800291c   Section        0  usart.o(i.MX_USART3_UART_Init)
    i.MX_USART6_UART_Init                    0x08002958   Section        0  usart.o(i.MX_USART6_UART_Init)
    i.MemManage_Handler                      0x08002990   Section        0  stm32f4xx_it.o(i.MemManage_Handler)
    i.NMI_Handler                            0x08002994   Section        0  stm32f4xx_it.o(i.NMI_Handler)
    i.PendSV_Handler                         0x08002998   Section        0  stm32f4xx_it.o(i.PendSV_Handler)
    i.SVC_Handler                            0x0800299a   Section        0  stm32f4xx_it.o(i.SVC_Handler)
    i.SysTick_Handler                        0x0800299c   Section        0  stm32f4xx_it.o(i.SysTick_Handler)
    i.SystemClock_Config                     0x080029a4   Section        0  main.o(i.SystemClock_Config)
    i.SystemInit                             0x08002a58   Section        0  system_stm32f4xx.o(i.SystemInit)
    i.TIM1_UP_TIM10_IRQHandler               0x08002a6c   Section        0  stm32f4xx_it.o(i.TIM1_UP_TIM10_IRQHandler)
    i.TIM_Base_SetConfig                     0x08002a88   Section        0  stm32f4xx_hal_tim.o(i.TIM_Base_SetConfig)
    i.TIM_ETR_SetConfig                      0x08002b60   Section        0  stm32f4xx_hal_tim.o(i.TIM_ETR_SetConfig)
    i.TIM_ITRx_SetConfig                     0x08002b76   Section        0  stm32f4xx_hal_tim.o(i.TIM_ITRx_SetConfig)
    TIM_ITRx_SetConfig                       0x08002b77   Thumb Code    18  stm32f4xx_hal_tim.o(i.TIM_ITRx_SetConfig)
    i.TIM_TI1_ConfigInputStage               0x08002b88   Section        0  stm32f4xx_hal_tim.o(i.TIM_TI1_ConfigInputStage)
    TIM_TI1_ConfigInputStage                 0x08002b89   Thumb Code    38  stm32f4xx_hal_tim.o(i.TIM_TI1_ConfigInputStage)
    i.TIM_TI2_ConfigInputStage               0x08002bae   Section        0  stm32f4xx_hal_tim.o(i.TIM_TI2_ConfigInputStage)
    TIM_TI2_ConfigInputStage                 0x08002baf   Thumb Code    40  stm32f4xx_hal_tim.o(i.TIM_TI2_ConfigInputStage)
    i.UART_DMAAbortOnError                   0x08002bd6   Section        0  stm32f4xx_hal_uart.o(i.UART_DMAAbortOnError)
    UART_DMAAbortOnError                     0x08002bd7   Thumb Code    20  stm32f4xx_hal_uart.o(i.UART_DMAAbortOnError)
    i.UART_EndRxTransfer                     0x08002bea   Section        0  stm32f4xx_hal_uart.o(i.UART_EndRxTransfer)
    UART_EndRxTransfer                       0x08002beb   Thumb Code   108  stm32f4xx_hal_uart.o(i.UART_EndRxTransfer)
    i.UART_EndTransmit_IT                    0x08002c56   Section        0  stm32f4xx_hal_uart.o(i.UART_EndTransmit_IT)
    UART_EndTransmit_IT                      0x08002c57   Thumb Code    32  stm32f4xx_hal_uart.o(i.UART_EndTransmit_IT)
    i.UART_Receive_IT                        0x08002c76   Section        0  stm32f4xx_hal_uart.o(i.UART_Receive_IT)
    UART_Receive_IT                          0x08002c77   Thumb Code   248  stm32f4xx_hal_uart.o(i.UART_Receive_IT)
    i.UART_SetConfig                         0x08002d70   Section        0  stm32f4xx_hal_uart.o(i.UART_SetConfig)
    UART_SetConfig                           0x08002d71   Thumb Code   546  stm32f4xx_hal_uart.o(i.UART_SetConfig)
    i.UART_Start_Receive_IT                  0x08002f9c   Section        0  stm32f4xx_hal_uart.o(i.UART_Start_Receive_IT)
    i.UART_Transmit_IT                       0x08002fe6   Section        0  stm32f4xx_hal_uart.o(i.UART_Transmit_IT)
    UART_Transmit_IT                         0x08002fe7   Thumb Code    96  stm32f4xx_hal_uart.o(i.UART_Transmit_IT)
    i.USART1_IRQHandler                      0x08003048   Section        0  stm32f4xx_it.o(i.USART1_IRQHandler)
    i.USART3_IRQHandler                      0x08003058   Section        0  stm32f4xx_it.o(i.USART3_IRQHandler)
    i.USART6_IRQHandler                      0x08003068   Section        0  stm32f4xx_it.o(i.USART6_IRQHandler)
    i.UsageFault_Handler                     0x08003078   Section        0  stm32f4xx_it.o(i.UsageFault_Handler)
    i.__0printf$5                            0x0800307c   Section        0  printf5.o(i.__0printf$5)
    i.__NVIC_GetPriorityGrouping             0x0800309c   Section        0  stm32f4xx_hal_cortex.o(i.__NVIC_GetPriorityGrouping)
    __NVIC_GetPriorityGrouping               0x0800309d   Thumb Code    10  stm32f4xx_hal_cortex.o(i.__NVIC_GetPriorityGrouping)
    i.__NVIC_SetPriority                     0x080030ac   Section        0  stm32f4xx_hal_cortex.o(i.__NVIC_SetPriority)
    __NVIC_SetPriority                       0x080030ad   Thumb Code    32  stm32f4xx_hal_cortex.o(i.__NVIC_SetPriority)
    i.__scatterload_copy                     0x080030d4   Section       14  handlers.o(i.__scatterload_copy)
    i.__scatterload_null                     0x080030e2   Section        2  handlers.o(i.__scatterload_null)
    i.__scatterload_zeroinit                 0x080030e4   Section       14  handlers.o(i.__scatterload_zeroinit)
    i._printf_core                           0x080030f4   Section        0  printf5.o(i._printf_core)
    _printf_core                             0x080030f5   Thumb Code   660  printf5.o(i._printf_core)
    i.coffee_car_test                        0x080033b4   Section        0  can.o(i.coffee_car_test)
    i.coffee_motor_control                   0x0800340c   Section        0  controler.o(i.coffee_motor_control)
    i.controler_control_motor                0x08003440   Section        0  can.o(i.controler_control_motor)
    i.fputc                                  0x080035c4   Section        0  main.o(i.fputc)
    i.location_control_run                   0x080035fc   Section        0  motor_can.o(i.location_control_run)
    i.main                                   0x080038c8   Section        0  main.o(i.main)
    i.motor_clear_error                      0x08003a44   Section        0  can.o(i.motor_clear_error)
    i.motor_disable                          0x08003a78   Section        0  can.o(i.motor_disable)
    i.motor_enable                           0x08003ab4   Section        0  can.o(i.motor_enable)
    i.motor_transmit_velo                    0x08003b88   Section        0  can.o(i.motor_transmit_velo)
    i.motor_velo_mode_init                   0x08003bdc   Section        0  can.o(i.motor_velo_mode_init)
    i.read_motor_state_4                     0x08003d30   Section        0  motor_can.o(i.read_motor_state_4)
    i.read_motor_state_5                     0x08003d70   Section        0  motor_can.o(i.read_motor_state_5)
    i.soft_scram                             0x08003db0   Section        0  motor_can.o(i.soft_scram)
    i.test_location_2                        0x08003e50   Section        0  motor_can.o(i.test_location_2)
    i.test_remove_alarm                      0x080040b8   Section        0  motor_can.o(i.test_remove_alarm)
    .constdata                               0x08004118   Section       24  system_stm32f4xx.o(.constdata)
    .data                                    0x20000000   Section       73  main.o(.data)
    .data                                    0x20000050   Section      108  can.o(.data)
    .data                                    0x200000bc   Section        9  stm32f4xx_hal.o(.data)
    .data                                    0x200000c8   Section        4  system_stm32f4xx.o(.data)
    .data                                    0x200000cc   Section        5  motor_can.o(.data)
    .data                                    0x200000d4   Section        4  stdout.o(.data)
    .bss                                     0x200000d8   Section     1044  main.o(.bss)
    .bss                                     0x200004ec   Section      132  can.o(.bss)
    .bss                                     0x20000570   Section       72  tim.o(.bss)
    .bss                                     0x200005b8   Section      204  usart.o(.bss)
    .bss                                     0x20000684   Section       96  controler.o(.bss)
    STACK                                    0x200006e8   Section     1024  startup_stm32f407xx.o(STACK)

    Global Symbols

    Symbol Name                              Value     Ov Type        Size  Object(Section)

    BuildAttributes$$THM_ISAv4$E$P$D$K$B$S$7EM$VFPi3$EXTD16$VFPS$VFMA$PE$A:L22UL41UL21$X:L11$S22US41US21$IEEE1$IW$USESV6$~STKCKD$USESV7$~SHL$OTIME$ROPI$IEEEJ$EBA8$MICROLIB$REQ8$PRES8$EABIv2 0x00000000   Number         0  anon$$obj.o ABSOLUTE
    __ARM_use_no_argv                        0x00000000   Number         0  main.o ABSOLUTE
    _printf_a                                0x00000000   Number         0  stubs.o ABSOLUTE
    _printf_c                                0x00000000   Number         0  stubs.o ABSOLUTE
    _printf_charcount                        0x00000000   Number         0  stubs.o ABSOLUTE
    _printf_d                                0x00000000   Number         0  stubs.o ABSOLUTE
    _printf_e                                0x00000000   Number         0  stubs.o ABSOLUTE
    _printf_f                                0x00000000   Number         0  stubs.o ABSOLUTE
    _printf_flags                            0x00000000   Number         0  stubs.o ABSOLUTE
    _printf_fp_dec                           0x00000000   Number         0  stubs.o ABSOLUTE
    _printf_fp_hex                           0x00000000   Number         0  stubs.o ABSOLUTE
    _printf_g                                0x00000000   Number         0  stubs.o ABSOLUTE
    _printf_i                                0x00000000   Number         0  stubs.o ABSOLUTE
    _printf_int_dec                          0x00000000   Number         0  stubs.o ABSOLUTE
    _printf_l                                0x00000000   Number         0  stubs.o ABSOLUTE
    _printf_lc                               0x00000000   Number         0  stubs.o ABSOLUTE
    _printf_ll                               0x00000000   Number         0  stubs.o ABSOLUTE
    _printf_lld                              0x00000000   Number         0  stubs.o ABSOLUTE
    _printf_lli                              0x00000000   Number         0  stubs.o ABSOLUTE
    _printf_llo                              0x00000000   Number         0  stubs.o ABSOLUTE
    _printf_llu                              0x00000000   Number         0  stubs.o ABSOLUTE
    _printf_llx                              0x00000000   Number         0  stubs.o ABSOLUTE
    _printf_longlong_dec                     0x00000000   Number         0  stubs.o ABSOLUTE
    _printf_longlong_hex                     0x00000000   Number         0  stubs.o ABSOLUTE
    _printf_longlong_oct                     0x00000000   Number         0  stubs.o ABSOLUTE
    _printf_ls                               0x00000000   Number         0  stubs.o ABSOLUTE
    _printf_mbtowc                           0x00000000   Number         0  stubs.o ABSOLUTE
    _printf_n                                0x00000000   Number         0  stubs.o ABSOLUTE
    _printf_o                                0x00000000   Number         0  stubs.o ABSOLUTE
    _printf_p                                0x00000000   Number         0  stubs.o ABSOLUTE
    _printf_percent                          0x00000000   Number         0  stubs.o ABSOLUTE
    _printf_pre_padding                      0x00000000   Number         0  stubs.o ABSOLUTE
    _printf_return_value                     0x00000000   Number         0  stubs.o ABSOLUTE
    _printf_s                                0x00000000   Number         0  stubs.o ABSOLUTE
    _printf_sizespec                         0x00000000   Number         0  stubs.o ABSOLUTE
    _printf_str                              0x00000000   Number         0  stubs.o ABSOLUTE
    _printf_truncate_signed                  0x00000000   Number         0  stubs.o ABSOLUTE
    _printf_truncate_unsigned                0x00000000   Number         0  stubs.o ABSOLUTE
    _printf_u                                0x00000000   Number         0  stubs.o ABSOLUTE
    _printf_wc                               0x00000000   Number         0  stubs.o ABSOLUTE
    _printf_wctomb                           0x00000000   Number         0  stubs.o ABSOLUTE
    _printf_widthprec                        0x00000000   Number         0  stubs.o ABSOLUTE
    _printf_x                                0x00000000   Number         0  stubs.o ABSOLUTE
    __arm_fini_                               - Undefined Weak Reference
    __cpp_initialize__aeabi_                  - Undefined Weak Reference
    __cxa_finalize                            - Undefined Weak Reference
    __decompress                              - Undefined Weak Reference
    _clock_init                               - Undefined Weak Reference
    _microlib_exit                            - Undefined Weak Reference
    __Vectors_Size                           0x00000188   Number         0  startup_stm32f407xx.o ABSOLUTE
    __Vectors                                0x08000000   Data           4  startup_stm32f407xx.o(RESET)
    __Vectors_End                            0x08000188   Data           0  startup_stm32f407xx.o(RESET)
    __main                                   0x08000189   Thumb Code     0  entry.o(.ARM.Collect$$$$00000000)
    _main_stk                                0x08000189   Thumb Code     0  entry2.o(.ARM.Collect$$$$00000001)
    _main_scatterload                        0x0800018d   Thumb Code     0  entry5.o(.ARM.Collect$$$$00000004)
    __main_after_scatterload                 0x08000191   Thumb Code     0  entry5.o(.ARM.Collect$$$$00000004)
    _main_clock                              0x08000191   Thumb Code     0  entry7b.o(.ARM.Collect$$$$00000008)
    _main_cpp_init                           0x08000191   Thumb Code     0  entry8b.o(.ARM.Collect$$$$0000000A)
    _main_init                               0x08000191   Thumb Code     0  entry9a.o(.ARM.Collect$$$$0000000B)
    __rt_lib_shutdown_fini                   0x08000199   Thumb Code     0  entry12b.o(.ARM.Collect$$$$0000000E)
    __rt_final_cpp                           0x0800019d   Thumb Code     0  entry10a.o(.ARM.Collect$$$$0000000F)
    __rt_final_exit                          0x0800019d   Thumb Code     0  entry11a.o(.ARM.Collect$$$$00000011)
    Reset_Handler                            0x080001a1   Thumb Code     8  startup_stm32f407xx.o(.text)
    ADC_IRQHandler                           0x080001bb   Thumb Code     0  startup_stm32f407xx.o(.text)
    CAN1_SCE_IRQHandler                      0x080001bb   Thumb Code     0  startup_stm32f407xx.o(.text)
    CAN1_TX_IRQHandler                       0x080001bb   Thumb Code     0  startup_stm32f407xx.o(.text)
    CAN2_RX0_IRQHandler                      0x080001bb   Thumb Code     0  startup_stm32f407xx.o(.text)
    CAN2_RX1_IRQHandler                      0x080001bb   Thumb Code     0  startup_stm32f407xx.o(.text)
    CAN2_SCE_IRQHandler                      0x080001bb   Thumb Code     0  startup_stm32f407xx.o(.text)
    CAN2_TX_IRQHandler                       0x080001bb   Thumb Code     0  startup_stm32f407xx.o(.text)
    DCMI_IRQHandler                          0x080001bb   Thumb Code     0  startup_stm32f407xx.o(.text)
    DMA1_Stream0_IRQHandler                  0x080001bb   Thumb Code     0  startup_stm32f407xx.o(.text)
    DMA1_Stream1_IRQHandler                  0x080001bb   Thumb Code     0  startup_stm32f407xx.o(.text)
    DMA1_Stream2_IRQHandler                  0x080001bb   Thumb Code     0  startup_stm32f407xx.o(.text)
    DMA1_Stream3_IRQHandler                  0x080001bb   Thumb Code     0  startup_stm32f407xx.o(.text)
    DMA1_Stream4_IRQHandler                  0x080001bb   Thumb Code     0  startup_stm32f407xx.o(.text)
    DMA1_Stream5_IRQHandler                  0x080001bb   Thumb Code     0  startup_stm32f407xx.o(.text)
    DMA1_Stream6_IRQHandler                  0x080001bb   Thumb Code     0  startup_stm32f407xx.o(.text)
    DMA1_Stream7_IRQHandler                  0x080001bb   Thumb Code     0  startup_stm32f407xx.o(.text)
    DMA2_Stream0_IRQHandler                  0x080001bb   Thumb Code     0  startup_stm32f407xx.o(.text)
    DMA2_Stream1_IRQHandler                  0x080001bb   Thumb Code     0  startup_stm32f407xx.o(.text)
    DMA2_Stream2_IRQHandler                  0x080001bb   Thumb Code     0  startup_stm32f407xx.o(.text)
    DMA2_Stream3_IRQHandler                  0x080001bb   Thumb Code     0  startup_stm32f407xx.o(.text)
    DMA2_Stream4_IRQHandler                  0x080001bb   Thumb Code     0  startup_stm32f407xx.o(.text)
    DMA2_Stream5_IRQHandler                  0x080001bb   Thumb Code     0  startup_stm32f407xx.o(.text)
    DMA2_Stream6_IRQHandler                  0x080001bb   Thumb Code     0  startup_stm32f407xx.o(.text)
    DMA2_Stream7_IRQHandler                  0x080001bb   Thumb Code     0  startup_stm32f407xx.o(.text)
    ETH_IRQHandler                           0x080001bb   Thumb Code     0  startup_stm32f407xx.o(.text)
    ETH_WKUP_IRQHandler                      0x080001bb   Thumb Code     0  startup_stm32f407xx.o(.text)
    EXTI15_10_IRQHandler                     0x080001bb   Thumb Code     0  startup_stm32f407xx.o(.text)
    EXTI1_IRQHandler                         0x080001bb   Thumb Code     0  startup_stm32f407xx.o(.text)
    EXTI2_IRQHandler                         0x080001bb   Thumb Code     0  startup_stm32f407xx.o(.text)
    EXTI3_IRQHandler                         0x080001bb   Thumb Code     0  startup_stm32f407xx.o(.text)
    EXTI4_IRQHandler                         0x080001bb   Thumb Code     0  startup_stm32f407xx.o(.text)
    EXTI9_5_IRQHandler                       0x080001bb   Thumb Code     0  startup_stm32f407xx.o(.text)
    FLASH_IRQHandler                         0x080001bb   Thumb Code     0  startup_stm32f407xx.o(.text)
    FMC_IRQHandler                           0x080001bb   Thumb Code     0  startup_stm32f407xx.o(.text)
    FPU_IRQHandler                           0x080001bb   Thumb Code     0  startup_stm32f407xx.o(.text)
    HASH_RNG_IRQHandler                      0x080001bb   Thumb Code     0  startup_stm32f407xx.o(.text)
    I2C1_ER_IRQHandler                       0x080001bb   Thumb Code     0  startup_stm32f407xx.o(.text)
    I2C1_EV_IRQHandler                       0x080001bb   Thumb Code     0  startup_stm32f407xx.o(.text)
    I2C2_ER_IRQHandler                       0x080001bb   Thumb Code     0  startup_stm32f407xx.o(.text)
    I2C2_EV_IRQHandler                       0x080001bb   Thumb Code     0  startup_stm32f407xx.o(.text)
    I2C3_ER_IRQHandler                       0x080001bb   Thumb Code     0  startup_stm32f407xx.o(.text)
    I2C3_EV_IRQHandler                       0x080001bb   Thumb Code     0  startup_stm32f407xx.o(.text)
    OTG_FS_IRQHandler                        0x080001bb   Thumb Code     0  startup_stm32f407xx.o(.text)
    OTG_FS_WKUP_IRQHandler                   0x080001bb   Thumb Code     0  startup_stm32f407xx.o(.text)
    OTG_HS_EP1_IN_IRQHandler                 0x080001bb   Thumb Code     0  startup_stm32f407xx.o(.text)
    OTG_HS_EP1_OUT_IRQHandler                0x080001bb   Thumb Code     0  startup_stm32f407xx.o(.text)
    OTG_HS_IRQHandler                        0x080001bb   Thumb Code     0  startup_stm32f407xx.o(.text)
    OTG_HS_WKUP_IRQHandler                   0x080001bb   Thumb Code     0  startup_stm32f407xx.o(.text)
    PVD_IRQHandler                           0x080001bb   Thumb Code     0  startup_stm32f407xx.o(.text)
    RCC_IRQHandler                           0x080001bb   Thumb Code     0  startup_stm32f407xx.o(.text)
    RTC_Alarm_IRQHandler                     0x080001bb   Thumb Code     0  startup_stm32f407xx.o(.text)
    RTC_WKUP_IRQHandler                      0x080001bb   Thumb Code     0  startup_stm32f407xx.o(.text)
    SDIO_IRQHandler                          0x080001bb   Thumb Code     0  startup_stm32f407xx.o(.text)
    SPI1_IRQHandler                          0x080001bb   Thumb Code     0  startup_stm32f407xx.o(.text)
    SPI2_IRQHandler                          0x080001bb   Thumb Code     0  startup_stm32f407xx.o(.text)
    SPI3_IRQHandler                          0x080001bb   Thumb Code     0  startup_stm32f407xx.o(.text)
    TAMP_STAMP_IRQHandler                    0x080001bb   Thumb Code     0  startup_stm32f407xx.o(.text)
    TIM1_BRK_TIM9_IRQHandler                 0x080001bb   Thumb Code     0  startup_stm32f407xx.o(.text)
    TIM1_CC_IRQHandler                       0x080001bb   Thumb Code     0  startup_stm32f407xx.o(.text)
    TIM1_TRG_COM_TIM11_IRQHandler            0x080001bb   Thumb Code     0  startup_stm32f407xx.o(.text)
    TIM2_IRQHandler                          0x080001bb   Thumb Code     0  startup_stm32f407xx.o(.text)
    TIM3_IRQHandler                          0x080001bb   Thumb Code     0  startup_stm32f407xx.o(.text)
    TIM4_IRQHandler                          0x080001bb   Thumb Code     0  startup_stm32f407xx.o(.text)
    TIM5_IRQHandler                          0x080001bb   Thumb Code     0  startup_stm32f407xx.o(.text)
    TIM6_DAC_IRQHandler                      0x080001bb   Thumb Code     0  startup_stm32f407xx.o(.text)
    TIM7_IRQHandler                          0x080001bb   Thumb Code     0  startup_stm32f407xx.o(.text)
    TIM8_BRK_TIM12_IRQHandler                0x080001bb   Thumb Code     0  startup_stm32f407xx.o(.text)
    TIM8_CC_IRQHandler                       0x080001bb   Thumb Code     0  startup_stm32f407xx.o(.text)
    TIM8_TRG_COM_TIM14_IRQHandler            0x080001bb   Thumb Code     0  startup_stm32f407xx.o(.text)
    TIM8_UP_TIM13_IRQHandler                 0x080001bb   Thumb Code     0  startup_stm32f407xx.o(.text)
    UART4_IRQHandler                         0x080001bb   Thumb Code     0  startup_stm32f407xx.o(.text)
    UART5_IRQHandler                         0x080001bb   Thumb Code     0  startup_stm32f407xx.o(.text)
    USART2_IRQHandler                        0x080001bb   Thumb Code     0  startup_stm32f407xx.o(.text)
    WWDG_IRQHandler                          0x080001bb   Thumb Code     0  startup_stm32f407xx.o(.text)
    __aeabi_uldivmod                         0x080001c5   Thumb Code    98  uldiv.o(.text)
    __aeabi_memset                           0x08000227   Thumb Code    14  memseta.o(.text)
    __aeabi_memset4                          0x08000227   Thumb Code     0  memseta.o(.text)
    __aeabi_memset8                          0x08000227   Thumb Code     0  memseta.o(.text)
    __aeabi_memclr                           0x08000235   Thumb Code     4  memseta.o(.text)
    __aeabi_memclr4                          0x08000235   Thumb Code     0  memseta.o(.text)
    __aeabi_memclr8                          0x08000235   Thumb Code     0  memseta.o(.text)
    _memset$wrapper                          0x08000239   Thumb Code    18  memseta.o(.text)
    __aeabi_dmul                             0x0800024b   Thumb Code   228  dmul.o(.text)
    __aeabi_ddiv                             0x0800032f   Thumb Code   222  ddiv.o(.text)
    __aeabi_d2iz                             0x0800040d   Thumb Code    62  dfixi.o(.text)
    __aeabi_f2d                              0x0800044b   Thumb Code    38  f2d.o(.text)
    __aeabi_llsl                             0x08000471   Thumb Code    30  llshl.o(.text)
    _ll_shift_l                              0x08000471   Thumb Code     0  llshl.o(.text)
    __aeabi_llsr                             0x0800048f   Thumb Code    32  llushr.o(.text)
    _ll_ushift_r                             0x0800048f   Thumb Code     0  llushr.o(.text)
    __I$use$fp                               0x080004af   Thumb Code     0  iusefp.o(.text)
    _double_round                            0x080004af   Thumb Code    30  depilogue.o(.text)
    _double_epilogue                         0x080004cd   Thumb Code   156  depilogue.o(.text)
    __scatterload                            0x08000569   Thumb Code    28  init.o(.text)
    __scatterload_rt2                        0x08000569   Thumb Code     0  init.o(.text)
    BusFault_Handler                         0x0800058d   Thumb Code     4  stm32f4xx_it.o(i.BusFault_Handler)
    CAN1_Filter                              0x08000591   Thumb Code    36  can.o(i.CAN1_Filter)
    CAN1_RX0_IRQHandler                      0x080005bd   Thumb Code    10  stm32f4xx_it.o(i.CAN1_RX0_IRQHandler)
    CAN1_RX1_IRQHandler                      0x080005cd   Thumb Code    10  stm32f4xx_it.o(i.CAN1_RX1_IRQHandler)
    CAN1_Tx                                  0x080005dd   Thumb Code    54  can.o(i.CAN1_Tx)
    DebugMon_Handler                         0x08000625   Thumb Code     2  stm32f4xx_it.o(i.DebugMon_Handler)
    EXTI0_IRQHandler                         0x08000627   Thumb Code    10  stm32f4xx_it.o(i.EXTI0_IRQHandler)
    Error_Handler                            0x08000631   Thumb Code     2  main.o(i.Error_Handler)
    HAL_CAN_ActivateNotification             0x08000633   Thumb Code    42  stm32f4xx_hal_can.o(i.HAL_CAN_ActivateNotification)
    HAL_CAN_AddTxMessage                     0x0800065d   Thumb Code   342  stm32f4xx_hal_can.o(i.HAL_CAN_AddTxMessage)
    HAL_CAN_ConfigFilter                     0x080007b5   Thumb Code   286  stm32f4xx_hal_can.o(i.HAL_CAN_ConfigFilter)
    HAL_CAN_ErrorCallback                    0x080008d9   Thumb Code     2  stm32f4xx_hal_can.o(i.HAL_CAN_ErrorCallback)
    HAL_CAN_GetRxMessage                     0x080008db   Thumb Code   378  stm32f4xx_hal_can.o(i.HAL_CAN_GetRxMessage)
    HAL_CAN_IRQHandler                       0x08000a55   Thumb Code   590  stm32f4xx_hal_can.o(i.HAL_CAN_IRQHandler)
    HAL_CAN_Init                             0x08000ca3   Thumb Code   372  stm32f4xx_hal_can.o(i.HAL_CAN_Init)
    HAL_CAN_MspInit                          0x08000e19   Thumb Code   154  can.o(i.HAL_CAN_MspInit)
    HAL_CAN_RxFifo0FullCallback              0x08000ec1   Thumb Code     2  stm32f4xx_hal_can.o(i.HAL_CAN_RxFifo0FullCallback)
    HAL_CAN_RxFifo0MsgPendingCallback        0x08000ec5   Thumb Code    34  can.o(i.HAL_CAN_RxFifo0MsgPendingCallback)
    HAL_CAN_RxFifo1FullCallback              0x08000ef5   Thumb Code     2  stm32f4xx_hal_can.o(i.HAL_CAN_RxFifo1FullCallback)
    HAL_CAN_RxFifo1MsgPendingCallback        0x08000ef7   Thumb Code     2  stm32f4xx_hal_can.o(i.HAL_CAN_RxFifo1MsgPendingCallback)
    HAL_CAN_SleepCallback                    0x08000ef9   Thumb Code     2  stm32f4xx_hal_can.o(i.HAL_CAN_SleepCallback)
    HAL_CAN_Start                            0x08000efb   Thumb Code    94  stm32f4xx_hal_can.o(i.HAL_CAN_Start)
    HAL_CAN_TxMailbox0AbortCallback          0x08000f59   Thumb Code     2  stm32f4xx_hal_can.o(i.HAL_CAN_TxMailbox0AbortCallback)
    HAL_CAN_TxMailbox0CompleteCallback       0x08000f5b   Thumb Code     2  stm32f4xx_hal_can.o(i.HAL_CAN_TxMailbox0CompleteCallback)
    HAL_CAN_TxMailbox1AbortCallback          0x08000f5d   Thumb Code     2  stm32f4xx_hal_can.o(i.HAL_CAN_TxMailbox1AbortCallback)
    HAL_CAN_TxMailbox1CompleteCallback       0x08000f5f   Thumb Code     2  stm32f4xx_hal_can.o(i.HAL_CAN_TxMailbox1CompleteCallback)
    HAL_CAN_TxMailbox2AbortCallback          0x08000f61   Thumb Code     2  stm32f4xx_hal_can.o(i.HAL_CAN_TxMailbox2AbortCallback)
    HAL_CAN_TxMailbox2CompleteCallback       0x08000f63   Thumb Code     2  stm32f4xx_hal_can.o(i.HAL_CAN_TxMailbox2CompleteCallback)
    HAL_CAN_WakeUpFromRxMsgCallback          0x08000f65   Thumb Code     2  stm32f4xx_hal_can.o(i.HAL_CAN_WakeUpFromRxMsgCallback)
    HAL_DMA_Abort                            0x08000f67   Thumb Code   172  stm32f4xx_hal_dma.o(i.HAL_DMA_Abort)
    HAL_DMA_Abort_IT                         0x08001013   Thumb Code    40  stm32f4xx_hal_dma.o(i.HAL_DMA_Abort_IT)
    HAL_Delay                                0x0800103d   Thumb Code    36  stm32f4xx_hal.o(i.HAL_Delay)
    HAL_GPIO_EXTI_Callback                   0x08001065   Thumb Code    50  main.o(i.HAL_GPIO_EXTI_Callback)
    HAL_GPIO_EXTI_IRQHandler                 0x080010a5   Thumb Code    24  stm32f4xx_hal_gpio.o(i.HAL_GPIO_EXTI_IRQHandler)
    HAL_GPIO_Init                            0x080010c1   Thumb Code   454  stm32f4xx_hal_gpio.o(i.HAL_GPIO_Init)
    HAL_GPIO_ReadPin                         0x080012b5   Thumb Code    16  stm32f4xx_hal_gpio.o(i.HAL_GPIO_ReadPin)
    HAL_GPIO_TogglePin                       0x080012c5   Thumb Code    20  stm32f4xx_hal_gpio.o(i.HAL_GPIO_TogglePin)
    HAL_GPIO_WritePin                        0x080012d9   Thumb Code    12  stm32f4xx_hal_gpio.o(i.HAL_GPIO_WritePin)
    HAL_GetTick                              0x080012e5   Thumb Code     6  stm32f4xx_hal.o(i.HAL_GetTick)
    HAL_IncTick                              0x080012f1   Thumb Code    16  stm32f4xx_hal.o(i.HAL_IncTick)
    HAL_Init                                 0x08001309   Thumb Code    54  stm32f4xx_hal.o(i.HAL_Init)
    HAL_InitTick                             0x08001345   Thumb Code    64  stm32f4xx_hal.o(i.HAL_InitTick)
    HAL_MspInit                              0x08001391   Thumb Code    68  stm32f4xx_hal_msp.o(i.HAL_MspInit)
    HAL_NVIC_EnableIRQ                       0x080013d9   Thumb Code    32  stm32f4xx_hal_cortex.o(i.HAL_NVIC_EnableIRQ)
    HAL_NVIC_SetPriority                     0x080013f9   Thumb Code   124  stm32f4xx_hal_cortex.o(i.HAL_NVIC_SetPriority)
    HAL_NVIC_SetPriorityGrouping             0x08001475   Thumb Code    32  stm32f4xx_hal_cortex.o(i.HAL_NVIC_SetPriorityGrouping)
    HAL_RCC_ClockConfig                      0x0800149d   Thumb Code   368  stm32f4xx_hal_rcc.o(i.HAL_RCC_ClockConfig)
    HAL_RCC_GetHCLKFreq                      0x08001621   Thumb Code     6  stm32f4xx_hal_rcc.o(i.HAL_RCC_GetHCLKFreq)
    HAL_RCC_GetPCLK1Freq                     0x0800162d   Thumb Code    22  stm32f4xx_hal_rcc.o(i.HAL_RCC_GetPCLK1Freq)
    HAL_RCC_GetPCLK2Freq                     0x0800164d   Thumb Code    22  stm32f4xx_hal_rcc.o(i.HAL_RCC_GetPCLK2Freq)
    HAL_RCC_GetSysClockFreq                  0x0800166d   Thumb Code   162  stm32f4xx_hal_rcc.o(i.HAL_RCC_GetSysClockFreq)
    HAL_RCC_OscConfig                        0x0800171d   Thumb Code  1172  stm32f4xx_hal_rcc.o(i.HAL_RCC_OscConfig)
    HAL_SYSTICK_Config                       0x08001bb9   Thumb Code    52  stm32f4xx_hal_cortex.o(i.HAL_SYSTICK_Config)
    HAL_TIMEx_BreakCallback                  0x08001bed   Thumb Code     2  stm32f4xx_hal_tim_ex.o(i.HAL_TIMEx_BreakCallback)
    HAL_TIMEx_CommutCallback                 0x08001bef   Thumb Code     2  stm32f4xx_hal_tim_ex.o(i.HAL_TIMEx_CommutCallback)
    HAL_TIMEx_MasterConfigSynchronization    0x08001bf1   Thumb Code   150  stm32f4xx_hal_tim_ex.o(i.HAL_TIMEx_MasterConfigSynchronization)
    HAL_TIM_Base_Init                        0x08001ca5   Thumb Code   102  stm32f4xx_hal_tim.o(i.HAL_TIM_Base_Init)
    HAL_TIM_Base_MspInit                     0x08001d0d   Thumb Code    62  tim.o(i.HAL_TIM_Base_MspInit)
    HAL_TIM_Base_Start_IT                    0x08001d55   Thumb Code   138  stm32f4xx_hal_tim.o(i.HAL_TIM_Base_Start_IT)
    HAL_TIM_ConfigClockSource                0x08001dfd   Thumb Code   268  stm32f4xx_hal_tim.o(i.HAL_TIM_ConfigClockSource)
    HAL_TIM_IC_CaptureCallback               0x08001f09   Thumb Code     2  stm32f4xx_hal_tim.o(i.HAL_TIM_IC_CaptureCallback)
    HAL_TIM_IRQHandler                       0x08001f0b   Thumb Code   406  stm32f4xx_hal_tim.o(i.HAL_TIM_IRQHandler)
    HAL_TIM_OC_DelayElapsedCallback          0x080020a1   Thumb Code     2  stm32f4xx_hal_tim.o(i.HAL_TIM_OC_DelayElapsedCallback)
    HAL_TIM_PWM_PulseFinishedCallback        0x080020a3   Thumb Code     2  stm32f4xx_hal_tim.o(i.HAL_TIM_PWM_PulseFinishedCallback)
    HAL_TIM_PeriodElapsedCallback            0x080020a5   Thumb Code    50  main.o(i.HAL_TIM_PeriodElapsedCallback)
    HAL_TIM_TriggerCallback                  0x080020ed   Thumb Code     2  stm32f4xx_hal_tim.o(i.HAL_TIM_TriggerCallback)
    HAL_UARTEx_RxEventCallback               0x080020ef   Thumb Code     2  stm32f4xx_hal_uart.o(i.HAL_UARTEx_RxEventCallback)
    HAL_UART_ErrorCallback                   0x080020f1   Thumb Code     2  stm32f4xx_hal_uart.o(i.HAL_UART_ErrorCallback)
    HAL_UART_IRQHandler                      0x080020f5   Thumb Code   732  stm32f4xx_hal_uart.o(i.HAL_UART_IRQHandler)
    HAL_UART_Init                            0x080023d5   Thumb Code   114  stm32f4xx_hal_uart.o(i.HAL_UART_Init)
    HAL_UART_MspInit                         0x08002449   Thumb Code   450  usart.o(i.HAL_UART_MspInit)
    HAL_UART_Receive_IT                      0x0800262d   Thumb Code    66  stm32f4xx_hal_uart.o(i.HAL_UART_Receive_IT)
    HAL_UART_RxCpltCallback                  0x08002671   Thumb Code    66  main.o(i.HAL_UART_RxCpltCallback)
    HAL_UART_TxCpltCallback                  0x080026cd   Thumb Code    20  main.o(i.HAL_UART_TxCpltCallback)
    HardFault_Handler                        0x080026f5   Thumb Code     4  stm32f4xx_it.o(i.HardFault_Handler)
    MX_CAN1_Init                             0x080026f9   Thumb Code    58  can.o(i.MX_CAN1_Init)
    MX_GPIO_Init                             0x0800273d   Thumb Code   294  gpio.o(i.MX_GPIO_Init)
    MX_TIM1_Init                             0x08002875   Thumb Code   104  tim.o(i.MX_TIM1_Init)
    MX_USART1_UART_Init                      0x080028e5   Thumb Code    46  usart.o(i.MX_USART1_UART_Init)
    MX_USART3_UART_Init                      0x0800291d   Thumb Code    48  usart.o(i.MX_USART3_UART_Init)
    MX_USART6_UART_Init                      0x08002959   Thumb Code    46  usart.o(i.MX_USART6_UART_Init)
    MemManage_Handler                        0x08002991   Thumb Code     4  stm32f4xx_it.o(i.MemManage_Handler)
    NMI_Handler                              0x08002995   Thumb Code     4  stm32f4xx_it.o(i.NMI_Handler)
    PendSV_Handler                           0x08002999   Thumb Code     2  stm32f4xx_it.o(i.PendSV_Handler)
    SVC_Handler                              0x0800299b   Thumb Code     2  stm32f4xx_it.o(i.SVC_Handler)
    SysTick_Handler                          0x0800299d   Thumb Code     8  stm32f4xx_it.o(i.SysTick_Handler)
    SystemClock_Config                       0x080029a5   Thumb Code   170  main.o(i.SystemClock_Config)
    SystemInit                               0x08002a59   Thumb Code    14  system_stm32f4xx.o(i.SystemInit)
    TIM1_UP_TIM10_IRQHandler                 0x08002a6d   Thumb Code    20  stm32f4xx_it.o(i.TIM1_UP_TIM10_IRQHandler)
    TIM_Base_SetConfig                       0x08002a89   Thumb Code   170  stm32f4xx_hal_tim.o(i.TIM_Base_SetConfig)
    TIM_ETR_SetConfig                        0x08002b61   Thumb Code    22  stm32f4xx_hal_tim.o(i.TIM_ETR_SetConfig)
    UART_Start_Receive_IT                    0x08002f9d   Thumb Code    74  stm32f4xx_hal_uart.o(i.UART_Start_Receive_IT)
    USART1_IRQHandler                        0x08003049   Thumb Code    10  stm32f4xx_it.o(i.USART1_IRQHandler)
    USART3_IRQHandler                        0x08003059   Thumb Code    10  stm32f4xx_it.o(i.USART3_IRQHandler)
    USART6_IRQHandler                        0x08003069   Thumb Code    10  stm32f4xx_it.o(i.USART6_IRQHandler)
    UsageFault_Handler                       0x08003079   Thumb Code     4  stm32f4xx_it.o(i.UsageFault_Handler)
    __0printf$5                              0x0800307d   Thumb Code    22  printf5.o(i.__0printf$5)
    __1printf$5                              0x0800307d   Thumb Code     0  printf5.o(i.__0printf$5)
    __2printf                                0x0800307d   Thumb Code     0  printf5.o(i.__0printf$5)
    __scatterload_copy                       0x080030d5   Thumb Code    14  handlers.o(i.__scatterload_copy)
    __scatterload_null                       0x080030e3   Thumb Code     2  handlers.o(i.__scatterload_null)
    __scatterload_zeroinit                   0x080030e5   Thumb Code    14  handlers.o(i.__scatterload_zeroinit)
    coffee_car_test                          0x080033b5   Thumb Code    76  can.o(i.coffee_car_test)
    coffee_motor_control                     0x0800340d   Thumb Code    42  controler.o(i.coffee_motor_control)
    controler_control_motor                  0x08003441   Thumb Code   340  can.o(i.controler_control_motor)
    fputc                                    0x080035c5   Thumb Code    52  main.o(i.fputc)
    location_control_run                     0x080035fd   Thumb Code   702  motor_can.o(i.location_control_run)
    main                                     0x080038c9   Thumb Code   318  main.o(i.main)
    motor_clear_error                        0x08003a45   Thumb Code    48  can.o(i.motor_clear_error)
    motor_disable                            0x08003a79   Thumb Code    50  can.o(i.motor_disable)
    motor_enable                             0x08003ab5   Thumb Code   198  can.o(i.motor_enable)
    motor_transmit_velo                      0x08003b89   Thumb Code    72  can.o(i.motor_transmit_velo)
    motor_velo_mode_init                     0x08003bdd   Thumb Code   330  can.o(i.motor_velo_mode_init)
    read_motor_state_4                       0x08003d31   Thumb Code    52  motor_can.o(i.read_motor_state_4)
    read_motor_state_5                       0x08003d71   Thumb Code    52  motor_can.o(i.read_motor_state_5)
    soft_scram                               0x08003db1   Thumb Code    98  motor_can.o(i.soft_scram)
    test_location_2                          0x08003e51   Thumb Code   512  motor_can.o(i.test_location_2)
    test_remove_alarm                        0x080040b9   Thumb Code    86  motor_can.o(i.test_remove_alarm)
    AHBPrescTable                            0x08004118   Data          16  system_stm32f4xx.o(.constdata)
    APBPrescTable                            0x08004128   Data           8  system_stm32f4xx.o(.constdata)
    Region$$Table$$Base                      0x08004130   Number         0  anon$$obj.o(Region$$Table)
    Region$$Table$$Limit                     0x08004150   Number         0  anon$$obj.o(Region$$Table)
    count                                    0x20000000   Data           4  main.o(.data)
    stop_count                               0x20000004   Data           4  main.o(.data)
    ID                                       0x20000008   Data           4  main.o(.data)
    ID1                                      0x2000000c   Data           4  main.o(.data)
    ID2                                      0x20000010   Data           4  main.o(.data)
    ID3                                      0x20000014   Data           4  main.o(.data)
    ID1_Rx_Data_4                            0x20000018   Data           1  main.o(.data)
    ID2_Rx_Data_4                            0x20000019   Data           1  main.o(.data)
    ID3_Rx_Data_4                            0x2000001a   Data           1  main.o(.data)
    ID1_Rx_Data_5                            0x2000001b   Data           1  main.o(.data)
    ID2_Rx_Data_5                            0x2000001c   Data           1  main.o(.data)
    ID3_Rx_Data_5                            0x2000001d   Data           1  main.o(.data)
    rising_falling_flag                      0x2000001e   Data           1  main.o(.data)
    test_state                               0x20000020   Data           2  main.o(.data)
    test_flag                                0x20000022   Data           2  main.o(.data)
    jerk_process4                            0x20000024   Data           1  main.o(.data)
    jerk_door                                0x20000025   Data           1  main.o(.data)
    jerk_triangle                            0x20000026   Data           1  main.o(.data)
    jerk_bia_bin                             0x20000027   Data           1  main.o(.data)
    flag_door                                0x20000028   Data           1  main.o(.data)
    flag_triangle                            0x20000029   Data           1  main.o(.data)
    flag_big_bin                             0x2000002a   Data           1  main.o(.data)
    flag_door_goback                         0x2000002b   Data           1  main.o(.data)
    flag_big_bin_and_triangle                0x2000002c   Data           1  main.o(.data)
    star                                     0x2000002d   Data           1  main.o(.data)
    len                                      0x20000030   Data           4  main.o(.data)
    countmain                                0x20000034   Data           4  main.o(.data)
    device_responded                         0x20000038   Data           1  main.o(.data)
    last_check_time                          0x2000003c   Data           4  main.o(.data)
    linear_x                                 0x20000040   Data           4  main.o(.data)
    angular_z                                0x20000044   Data           4  main.o(.data)
    rx_flag                                  0x20000048   Data           1  main.o(.data)
    ipc_target_angular_velocity              0x20000050   Data           8  can.o(.data)
    ipc_target_linear_velocity               0x20000058   Data           8  can.o(.data)
    target_linear_velocity                   0x20000060   Data           4  can.o(.data)
    target_angular_velocity                  0x20000064   Data           4  can.o(.data)
    target_velocity_left                     0x20000068   Data           4  can.o(.data)
    target_velocity_right                    0x2000006c   Data           4  can.o(.data)
    r                                        0x20000070   Data           4  can.o(.data)
    WHEEL_BASE                               0x20000074   Data           4  can.o(.data)
    target_rpm_left                          0x20000078   Data           4  can.o(.data)
    target_rpm_right                         0x2000007c   Data           4  can.o(.data)
    temp                                     0x20000080   Data           1  can.o(.data)
    CAN_Tx_Data                              0x20000081   Data           8  can.o(.data)
    CAN_Rx_Data                              0x20000089   Data           8  can.o(.data)
    pTxMailbox                               0x20000094   Data           4  can.o(.data)
    flag_init                                0x20000098   Data           1  can.o(.data)
    flag_enabled                             0x20000099   Data           1  can.o(.data)
    flag_quick_stop                          0x2000009a   Data           1  can.o(.data)
    jerk_process                             0x2000009b   Data           1  can.o(.data)
    p_limit_process                          0x2000009c   Data           1  can.o(.data)
    n_limit_process                          0x2000009d   Data           1  can.o(.data)
    origin_process                           0x2000009e   Data           1  can.o(.data)
    error                                    0x2000009f   Data           1  can.o(.data)
    velo_left                                0x200000a0   Data           4  can.o(.data)
    velo_right                               0x200000a4   Data           4  can.o(.data)
    act_velo_left                            0x200000a8   Data           4  can.o(.data)
    act_velo_right                           0x200000ac   Data           4  can.o(.data)
    startup_step                             0x200000b0   Data           4  can.o(.data)
    filtered_linear_velocity                 0x200000b4   Data           4  can.o(.data)
    filtered_angular_velocity                0x200000b8   Data           4  can.o(.data)
    uwTick                                   0x200000bc   Data           4  stm32f4xx_hal.o(.data)
    uwTickPrio                               0x200000c0   Data           4  stm32f4xx_hal.o(.data)
    uwTickFreq                               0x200000c4   Data           1  stm32f4xx_hal.o(.data)
    SystemCoreClock                          0x200000c8   Data           4  system_stm32f4xx.o(.data)
    jerk_process2                            0x200000cc   Data           1  motor_can.o(.data)
    jerk_process3                            0x200000cd   Data           1  motor_can.o(.data)
    flag_location_run                        0x200000ce   Data           1  motor_can.o(.data)
    flag_runrun                              0x200000cf   Data           1  motor_can.o(.data)
    flag_coffee                              0x200000d0   Data           1  motor_can.o(.data)
    __stdout                                 0x200000d4   Data           4  stdout.o(.data)
    RX                                       0x200000d8   Data          10  main.o(.bss)
    speed_data                               0x200000e2   Data          10  main.o(.bss)
    rec                                      0x200000ec   Data        1024  main.o(.bss)
    CAN_Filter_Structure                     0x200004ec   Data          40  can.o(.bss)
    Can_Tx                                   0x20000514   Data          24  can.o(.bss)
    CAN_Rx                                   0x2000052c   Data          28  can.o(.bss)
    hcan1                                    0x20000548   Data          40  can.o(.bss)
    htim1                                    0x20000570   Data          72  tim.o(.bss)
    huart1                                   0x200005b8   Data          68  usart.o(.bss)
    huart3                                   0x200005fc   Data          68  usart.o(.bss)
    huart6                                   0x20000640   Data          68  usart.o(.bss)
    channels                                 0x20000684   Data          48  controler.o(.bss)
    last_channels                            0x200006b4   Data          48  controler.o(.bss)
    __initial_sp                             0x20000ae8   Data           0  startup_stm32f407xx.o(STACK)



==============================================================================

Memory Map of the image

  Image Entry point : 0x08000189

  Load Region LR_IROM1 (Base: 0x08000000, Size: 0x00004228, Max: 0x00100000, ABSOLUTE)

    Execution Region ER_IROM1 (Exec base: 0x08000000, Load base: 0x08000000, Size: 0x00004150, Max: 0x00100000, ABSOLUTE)

    Exec Addr    Load Addr    Size         Type   Attr      Idx    E Section Name        Object

    0x08000000   0x08000000   0x00000188   Data   RO            3    RESET               startup_stm32f407xx.o
    0x08000188   0x08000188   0x00000000   Code   RO         3677  * .ARM.Collect$$$$00000000  mc_w.l(entry.o)
    0x08000188   0x08000188   0x00000004   Code   RO         3965    .ARM.Collect$$$$00000001  mc_w.l(entry2.o)
    0x0800018c   0x0800018c   0x00000004   Code   RO         3968    .ARM.Collect$$$$00000004  mc_w.l(entry5.o)
    0x08000190   0x08000190   0x00000000   Code   RO         3970    .ARM.Collect$$$$00000008  mc_w.l(entry7b.o)
    0x08000190   0x08000190   0x00000000   Code   RO         3972    .ARM.Collect$$$$0000000A  mc_w.l(entry8b.o)
    0x08000190   0x08000190   0x00000008   Code   RO         3973    .ARM.Collect$$$$0000000B  mc_w.l(entry9a.o)
    0x08000198   0x08000198   0x00000004   Code   RO         3980    .ARM.Collect$$$$0000000E  mc_w.l(entry12b.o)
    0x0800019c   0x0800019c   0x00000000   Code   RO         3975    .ARM.Collect$$$$0000000F  mc_w.l(entry10a.o)
    0x0800019c   0x0800019c   0x00000000   Code   RO         3977    .ARM.Collect$$$$00000011  mc_w.l(entry11a.o)
    0x0800019c   0x0800019c   0x00000004   Code   RO         3966    .ARM.Collect$$$$00002712  mc_w.l(entry2.o)
    0x080001a0   0x080001a0   0x00000024   Code   RO            4    .text               startup_stm32f407xx.o
    0x080001c4   0x080001c4   0x00000062   Code   RO         3680    .text               mc_w.l(uldiv.o)
    0x08000226   0x08000226   0x00000024   Code   RO         3682    .text               mc_w.l(memseta.o)
    0x0800024a   0x0800024a   0x000000e4   Code   RO         3947    .text               mf_w.l(dmul.o)
    0x0800032e   0x0800032e   0x000000de   Code   RO         3949    .text               mf_w.l(ddiv.o)
    0x0800040c   0x0800040c   0x0000003e   Code   RO         3955    .text               mf_w.l(dfixi.o)
    0x0800044a   0x0800044a   0x00000026   Code   RO         3957    .text               mf_w.l(f2d.o)
    0x08000470   0x08000470   0x0000001e   Code   RO         3984    .text               mc_w.l(llshl.o)
    0x0800048e   0x0800048e   0x00000020   Code   RO         3986    .text               mc_w.l(llushr.o)
    0x080004ae   0x080004ae   0x00000000   Code   RO         3990    .text               mc_w.l(iusefp.o)
    0x080004ae   0x080004ae   0x000000ba   Code   RO         3993    .text               mf_w.l(depilogue.o)
    0x08000568   0x08000568   0x00000024   Code   RO         3997    .text               mc_w.l(init.o)
    0x0800058c   0x0800058c   0x00000004   Code   RO          483    i.BusFault_Handler  stm32f4xx_it.o
    0x08000590   0x08000590   0x0000002c   Code   RO          250    i.CAN1_Filter       can.o
    0x080005bc   0x080005bc   0x00000010   Code   RO          484    i.CAN1_RX0_IRQHandler  stm32f4xx_it.o
    0x080005cc   0x080005cc   0x00000010   Code   RO          485    i.CAN1_RX1_IRQHandler  stm32f4xx_it.o
    0x080005dc   0x080005dc   0x00000048   Code   RO          251    i.CAN1_Tx           can.o
    0x08000624   0x08000624   0x00000002   Code   RO          486    i.DebugMon_Handler  stm32f4xx_it.o
    0x08000626   0x08000626   0x0000000a   Code   RO          487    i.EXTI0_IRQHandler  stm32f4xx_it.o
    0x08000630   0x08000630   0x00000002   Code   RO           13    i.Error_Handler     main.o
    0x08000632   0x08000632   0x0000002a   Code   RO          729    i.HAL_CAN_ActivateNotification  stm32f4xx_hal_can.o
    0x0800065c   0x0800065c   0x00000156   Code   RO          730    i.HAL_CAN_AddTxMessage  stm32f4xx_hal_can.o
    0x080007b2   0x080007b2   0x00000002   PAD
    0x080007b4   0x080007b4   0x00000124   Code   RO          731    i.HAL_CAN_ConfigFilter  stm32f4xx_hal_can.o
    0x080008d8   0x080008d8   0x00000002   Code   RO          734    i.HAL_CAN_ErrorCallback  stm32f4xx_hal_can.o
    0x080008da   0x080008da   0x0000017a   Code   RO          737    i.HAL_CAN_GetRxMessage  stm32f4xx_hal_can.o
    0x08000a54   0x08000a54   0x0000024e   Code   RO          741    i.HAL_CAN_IRQHandler  stm32f4xx_hal_can.o
    0x08000ca2   0x08000ca2   0x00000174   Code   RO          742    i.HAL_CAN_Init      stm32f4xx_hal_can.o
    0x08000e16   0x08000e16   0x00000002   PAD
    0x08000e18   0x08000e18   0x000000a8   Code   RO          253    i.HAL_CAN_MspInit   can.o
    0x08000ec0   0x08000ec0   0x00000002   Code   RO          749    i.HAL_CAN_RxFifo0FullCallback  stm32f4xx_hal_can.o
    0x08000ec2   0x08000ec2   0x00000002   PAD
    0x08000ec4   0x08000ec4   0x00000030   Code   RO          254    i.HAL_CAN_RxFifo0MsgPendingCallback  can.o
    0x08000ef4   0x08000ef4   0x00000002   Code   RO          751    i.HAL_CAN_RxFifo1FullCallback  stm32f4xx_hal_can.o
    0x08000ef6   0x08000ef6   0x00000002   Code   RO          752    i.HAL_CAN_RxFifo1MsgPendingCallback  stm32f4xx_hal_can.o
    0x08000ef8   0x08000ef8   0x00000002   Code   RO          753    i.HAL_CAN_SleepCallback  stm32f4xx_hal_can.o
    0x08000efa   0x08000efa   0x0000005e   Code   RO          754    i.HAL_CAN_Start     stm32f4xx_hal_can.o
    0x08000f58   0x08000f58   0x00000002   Code   RO          756    i.HAL_CAN_TxMailbox0AbortCallback  stm32f4xx_hal_can.o
    0x08000f5a   0x08000f5a   0x00000002   Code   RO          757    i.HAL_CAN_TxMailbox0CompleteCallback  stm32f4xx_hal_can.o
    0x08000f5c   0x08000f5c   0x00000002   Code   RO          758    i.HAL_CAN_TxMailbox1AbortCallback  stm32f4xx_hal_can.o
    0x08000f5e   0x08000f5e   0x00000002   Code   RO          759    i.HAL_CAN_TxMailbox1CompleteCallback  stm32f4xx_hal_can.o
    0x08000f60   0x08000f60   0x00000002   Code   RO          760    i.HAL_CAN_TxMailbox2AbortCallback  stm32f4xx_hal_can.o
    0x08000f62   0x08000f62   0x00000002   Code   RO          761    i.HAL_CAN_TxMailbox2CompleteCallback  stm32f4xx_hal_can.o
    0x08000f64   0x08000f64   0x00000002   Code   RO          763    i.HAL_CAN_WakeUpFromRxMsgCallback  stm32f4xx_hal_can.o
    0x08000f66   0x08000f66   0x000000ac   Code   RO         1469    i.HAL_DMA_Abort     stm32f4xx_hal_dma.o
    0x08001012   0x08001012   0x00000028   Code   RO         1470    i.HAL_DMA_Abort_IT  stm32f4xx_hal_dma.o
    0x0800103a   0x0800103a   0x00000002   PAD
    0x0800103c   0x0800103c   0x00000028   Code   RO         1893    i.HAL_Delay         stm32f4xx_hal.o
    0x08001064   0x08001064   0x00000040   Code   RO           14    i.HAL_GPIO_EXTI_Callback  main.o
    0x080010a4   0x080010a4   0x0000001c   Code   RO         1361    i.HAL_GPIO_EXTI_IRQHandler  stm32f4xx_hal_gpio.o
    0x080010c0   0x080010c0   0x000001f4   Code   RO         1362    i.HAL_GPIO_Init     stm32f4xx_hal_gpio.o
    0x080012b4   0x080012b4   0x00000010   Code   RO         1364    i.HAL_GPIO_ReadPin  stm32f4xx_hal_gpio.o
    0x080012c4   0x080012c4   0x00000014   Code   RO         1365    i.HAL_GPIO_TogglePin  stm32f4xx_hal_gpio.o
    0x080012d8   0x080012d8   0x0000000c   Code   RO         1366    i.HAL_GPIO_WritePin  stm32f4xx_hal_gpio.o
    0x080012e4   0x080012e4   0x0000000c   Code   RO         1899    i.HAL_GetTick       stm32f4xx_hal.o
    0x080012f0   0x080012f0   0x00000018   Code   RO         1905    i.HAL_IncTick       stm32f4xx_hal.o
    0x08001308   0x08001308   0x0000003c   Code   RO         1906    i.HAL_Init          stm32f4xx_hal.o
    0x08001344   0x08001344   0x0000004c   Code   RO         1907    i.HAL_InitTick      stm32f4xx_hal.o
    0x08001390   0x08001390   0x00000048   Code   RO          610    i.HAL_MspInit       stm32f4xx_hal_msp.o
    0x080013d8   0x080013d8   0x00000020   Code   RO         1751    i.HAL_NVIC_EnableIRQ  stm32f4xx_hal_cortex.o
    0x080013f8   0x080013f8   0x0000007c   Code   RO         1757    i.HAL_NVIC_SetPriority  stm32f4xx_hal_cortex.o
    0x08001474   0x08001474   0x00000028   Code   RO         1758    i.HAL_NVIC_SetPriorityGrouping  stm32f4xx_hal_cortex.o
    0x0800149c   0x0800149c   0x00000184   Code   RO          963    i.HAL_RCC_ClockConfig  stm32f4xx_hal_rcc.o
    0x08001620   0x08001620   0x0000000c   Code   RO          968    i.HAL_RCC_GetHCLKFreq  stm32f4xx_hal_rcc.o
    0x0800162c   0x0800162c   0x00000020   Code   RO          970    i.HAL_RCC_GetPCLK1Freq  stm32f4xx_hal_rcc.o
    0x0800164c   0x0800164c   0x00000020   Code   RO          971    i.HAL_RCC_GetPCLK2Freq  stm32f4xx_hal_rcc.o
    0x0800166c   0x0800166c   0x000000b0   Code   RO          972    i.HAL_RCC_GetSysClockFreq  stm32f4xx_hal_rcc.o
    0x0800171c   0x0800171c   0x0000049c   Code   RO          975    i.HAL_RCC_OscConfig  stm32f4xx_hal_rcc.o
    0x08001bb8   0x08001bb8   0x00000034   Code   RO         1762    i.HAL_SYSTICK_Config  stm32f4xx_hal_cortex.o
    0x08001bec   0x08001bec   0x00000002   Code   RO         2861    i.HAL_TIMEx_BreakCallback  stm32f4xx_hal_tim_ex.o
    0x08001bee   0x08001bee   0x00000002   Code   RO         2862    i.HAL_TIMEx_CommutCallback  stm32f4xx_hal_tim_ex.o
    0x08001bf0   0x08001bf0   0x000000b4   Code   RO         2880    i.HAL_TIMEx_MasterConfigSynchronization  stm32f4xx_hal_tim_ex.o
    0x08001ca4   0x08001ca4   0x00000066   Code   RO         2146    i.HAL_TIM_Base_Init  stm32f4xx_hal_tim.o
    0x08001d0a   0x08001d0a   0x00000002   PAD
    0x08001d0c   0x08001d0c   0x00000048   Code   RO          388    i.HAL_TIM_Base_MspInit  tim.o
    0x08001d54   0x08001d54   0x000000a8   Code   RO         2151    i.HAL_TIM_Base_Start_IT  stm32f4xx_hal_tim.o
    0x08001dfc   0x08001dfc   0x0000010c   Code   RO         2155    i.HAL_TIM_ConfigClockSource  stm32f4xx_hal_tim.o
    0x08001f08   0x08001f08   0x00000002   Code   RO         2180    i.HAL_TIM_IC_CaptureCallback  stm32f4xx_hal_tim.o
    0x08001f0a   0x08001f0a   0x00000196   Code   RO         2194    i.HAL_TIM_IRQHandler  stm32f4xx_hal_tim.o
    0x080020a0   0x080020a0   0x00000002   Code   RO         2197    i.HAL_TIM_OC_DelayElapsedCallback  stm32f4xx_hal_tim.o
    0x080020a2   0x080020a2   0x00000002   Code   RO         2224    i.HAL_TIM_PWM_PulseFinishedCallback  stm32f4xx_hal_tim.o
    0x080020a4   0x080020a4   0x00000048   Code   RO           15    i.HAL_TIM_PeriodElapsedCallback  main.o
    0x080020ec   0x080020ec   0x00000002   Code   RO         2237    i.HAL_TIM_TriggerCallback  stm32f4xx_hal_tim.o
    0x080020ee   0x080020ee   0x00000002   Code   RO         3139    i.HAL_UARTEx_RxEventCallback  stm32f4xx_hal_uart.o
    0x080020f0   0x080020f0   0x00000002   Code   RO         3153    i.HAL_UART_ErrorCallback  stm32f4xx_hal_uart.o
    0x080020f2   0x080020f2   0x00000002   PAD
    0x080020f4   0x080020f4   0x000002e0   Code   RO         3156    i.HAL_UART_IRQHandler  stm32f4xx_hal_uart.o
    0x080023d4   0x080023d4   0x00000072   Code   RO         3157    i.HAL_UART_Init     stm32f4xx_hal_uart.o
    0x08002446   0x08002446   0x00000002   PAD
    0x08002448   0x08002448   0x000001e4   Code   RO          430    i.HAL_UART_MspInit  usart.o
    0x0800262c   0x0800262c   0x00000042   Code   RO         3162    i.HAL_UART_Receive_IT  stm32f4xx_hal_uart.o
    0x0800266e   0x0800266e   0x00000002   PAD
    0x08002670   0x08002670   0x0000005c   Code   RO           16    i.HAL_UART_RxCpltCallback  main.o
    0x080026cc   0x080026cc   0x00000028   Code   RO           17    i.HAL_UART_TxCpltCallback  main.o
    0x080026f4   0x080026f4   0x00000004   Code   RO          488    i.HardFault_Handler  stm32f4xx_it.o
    0x080026f8   0x080026f8   0x00000044   Code   RO          255    i.MX_CAN1_Init      can.o
    0x0800273c   0x0800273c   0x00000138   Code   RO          218    i.MX_GPIO_Init      gpio.o
    0x08002874   0x08002874   0x00000070   Code   RO          389    i.MX_TIM1_Init      tim.o
    0x080028e4   0x080028e4   0x00000038   Code   RO          431    i.MX_USART1_UART_Init  usart.o
    0x0800291c   0x0800291c   0x0000003c   Code   RO          432    i.MX_USART3_UART_Init  usart.o
    0x08002958   0x08002958   0x00000038   Code   RO          433    i.MX_USART6_UART_Init  usart.o
    0x08002990   0x08002990   0x00000004   Code   RO          489    i.MemManage_Handler  stm32f4xx_it.o
    0x08002994   0x08002994   0x00000004   Code   RO          490    i.NMI_Handler       stm32f4xx_it.o
    0x08002998   0x08002998   0x00000002   Code   RO          491    i.PendSV_Handler    stm32f4xx_it.o
    0x0800299a   0x0800299a   0x00000002   Code   RO          492    i.SVC_Handler       stm32f4xx_it.o
    0x0800299c   0x0800299c   0x00000008   Code   RO          493    i.SysTick_Handler   stm32f4xx_it.o
    0x080029a4   0x080029a4   0x000000b4   Code   RO           18    i.SystemClock_Config  main.o
    0x08002a58   0x08002a58   0x00000014   Code   RO         3496    i.SystemInit        system_stm32f4xx.o
    0x08002a6c   0x08002a6c   0x0000001c   Code   RO          494    i.TIM1_UP_TIM10_IRQHandler  stm32f4xx_it.o
    0x08002a88   0x08002a88   0x000000d8   Code   RO         2239    i.TIM_Base_SetConfig  stm32f4xx_hal_tim.o
    0x08002b60   0x08002b60   0x00000016   Code   RO         2250    i.TIM_ETR_SetConfig  stm32f4xx_hal_tim.o
    0x08002b76   0x08002b76   0x00000012   Code   RO         2251    i.TIM_ITRx_SetConfig  stm32f4xx_hal_tim.o
    0x08002b88   0x08002b88   0x00000026   Code   RO         2257    i.TIM_TI1_ConfigInputStage  stm32f4xx_hal_tim.o
    0x08002bae   0x08002bae   0x00000028   Code   RO         2259    i.TIM_TI2_ConfigInputStage  stm32f4xx_hal_tim.o
    0x08002bd6   0x08002bd6   0x00000014   Code   RO         3170    i.UART_DMAAbortOnError  stm32f4xx_hal_uart.o
    0x08002bea   0x08002bea   0x0000006c   Code   RO         3180    i.UART_EndRxTransfer  stm32f4xx_hal_uart.o
    0x08002c56   0x08002c56   0x00000020   Code   RO         3181    i.UART_EndTransmit_IT  stm32f4xx_hal_uart.o
    0x08002c76   0x08002c76   0x000000f8   Code   RO         3183    i.UART_Receive_IT   stm32f4xx_hal_uart.o
    0x08002d6e   0x08002d6e   0x00000002   PAD
    0x08002d70   0x08002d70   0x0000022c   Code   RO         3184    i.UART_SetConfig    stm32f4xx_hal_uart.o
    0x08002f9c   0x08002f9c   0x0000004a   Code   RO         3186    i.UART_Start_Receive_IT  stm32f4xx_hal_uart.o
    0x08002fe6   0x08002fe6   0x00000060   Code   RO         3187    i.UART_Transmit_IT  stm32f4xx_hal_uart.o
    0x08003046   0x08003046   0x00000002   PAD
    0x08003048   0x08003048   0x00000010   Code   RO          495    i.USART1_IRQHandler  stm32f4xx_it.o
    0x08003058   0x08003058   0x00000010   Code   RO          496    i.USART3_IRQHandler  stm32f4xx_it.o
    0x08003068   0x08003068   0x00000010   Code   RO          497    i.USART6_IRQHandler  stm32f4xx_it.o
    0x08003078   0x08003078   0x00000004   Code   RO          498    i.UsageFault_Handler  stm32f4xx_it.o
    0x0800307c   0x0800307c   0x00000020   Code   RO         3817    i.__0printf$5       mc_w.l(printf5.o)
    0x0800309c   0x0800309c   0x00000010   Code   RO         1764    i.__NVIC_GetPriorityGrouping  stm32f4xx_hal_cortex.o
    0x080030ac   0x080030ac   0x00000028   Code   RO         1765    i.__NVIC_SetPriority  stm32f4xx_hal_cortex.o
    0x080030d4   0x080030d4   0x0000000e   Code   RO         4001    i.__scatterload_copy  mc_w.l(handlers.o)
    0x080030e2   0x080030e2   0x00000002   Code   RO         4002    i.__scatterload_null  mc_w.l(handlers.o)
    0x080030e4   0x080030e4   0x0000000e   Code   RO         4003    i.__scatterload_zeroinit  mc_w.l(handlers.o)
    0x080030f2   0x080030f2   0x00000002   PAD
    0x080030f4   0x080030f4   0x000002c0   Code   RO         3824    i._printf_core      mc_w.l(printf5.o)
    0x080033b4   0x080033b4   0x00000058   Code   RO          257    i.coffee_car_test   can.o
    0x0800340c   0x0800340c   0x00000034   Code   RO          670    i.coffee_motor_control  controler.o
    0x08003440   0x08003440   0x00000184   Code   RO          258    i.controler_control_motor  can.o
    0x080035c4   0x080035c4   0x00000038   Code   RO           19    i.fputc             main.o
    0x080035fc   0x080035fc   0x000002cc   Code   RO         3537    i.location_control_run  motor_can.o
    0x080038c8   0x080038c8   0x0000017c   Code   RO           20    i.main              main.o
    0x08003a44   0x08003a44   0x00000034   Code   RO          259    i.motor_clear_error  can.o
    0x08003a78   0x08003a78   0x0000003c   Code   RO          260    i.motor_disable     can.o
    0x08003ab4   0x08003ab4   0x000000d4   Code   RO          261    i.motor_enable      can.o
    0x08003b88   0x08003b88   0x00000054   Code   RO          263    i.motor_transmit_velo  can.o
    0x08003bdc   0x08003bdc   0x00000154   Code   RO          264    i.motor_velo_mode_init  can.o
    0x08003d30   0x08003d30   0x00000040   Code   RO         3541    i.read_motor_state_4  motor_can.o
    0x08003d70   0x08003d70   0x00000040   Code   RO         3542    i.read_motor_state_5  motor_can.o
    0x08003db0   0x08003db0   0x000000a0   Code   RO         3543    i.soft_scram        motor_can.o
    0x08003e50   0x08003e50   0x00000268   Code   RO         3545    i.test_location_2   motor_can.o
    0x080040b8   0x080040b8   0x00000060   Code   RO         3548    i.test_remove_alarm  motor_can.o
    0x08004118   0x08004118   0x00000018   Data   RO         3497    .constdata          system_stm32f4xx.o
    0x08004130   0x08004130   0x00000020   Data   RO         3999    Region$$Table       anon$$obj.o


    Execution Region RW_IRAM1 (Exec base: 0x20000000, Load base: 0x08004150, Size: 0x00000ae8, Max: 0x0001c000, ABSOLUTE)

    Exec Addr    Load Addr    Size         Type   Attr      Idx    E Section Name        Object

    0x20000000   0x08004150   0x00000049   Data   RW           22    .data               main.o
    0x20000049   0x08004199   0x00000007   PAD
    0x20000050   0x080041a0   0x0000006c   Data   RW          268    .data               can.o
    0x200000bc   0x0800420c   0x00000009   Data   RW         1913    .data               stm32f4xx_hal.o
    0x200000c5   0x08004215   0x00000003   PAD
    0x200000c8   0x08004218   0x00000004   Data   RW         3498    .data               system_stm32f4xx.o
    0x200000cc   0x0800421c   0x00000005   Data   RW         3552    .data               motor_can.o
    0x200000d1   0x08004221   0x00000003   PAD
    0x200000d4   0x08004224   0x00000004   Data   RW         3981    .data               mc_w.l(stdout.o)
    0x200000d8        -       0x00000414   Zero   RW           21    .bss                main.o
    0x200004ec        -       0x00000084   Zero   RW          267    .bss                can.o
    0x20000570        -       0x00000048   Zero   RW          390    .bss                tim.o
    0x200005b8        -       0x000000cc   Zero   RW          434    .bss                usart.o
    0x20000684        -       0x00000060   Zero   RW          675    .bss                controler.o
    0x200006e4   0x08004228   0x00000004   PAD
    0x200006e8        -       0x00000400   Zero   RW            1    STACK               startup_stm32f407xx.o


    Execution Region RW_IRAM2 (Exec base: 0x2001c000, Load base: 0x08004228, Size: 0x00000000, Max: 0x00004000, ABSOLUTE)

    **** No section assigned to this execution region ****


==============================================================================

Image component sizes


      Code (inc. data)   RO Data    RW Data    ZI Data      Debug   Object Name

      1624        182          0        108        132      10318   can.o
        52         10          0          0         96       1435   controler.o
       312         18          0          0          0       1159   gpio.o
       886        158          0         73       1044     739634   main.o
      1716        228          0          5          0       6361   motor_can.o
        36          8        392          0       1024        868   startup_stm32f407xx.o
       212         36          0          9          0       9649   stm32f4xx_hal.o
      2134          6          0          0          0      14939   stm32f4xx_hal_can.o
       304         22          0          0          0      34671   stm32f4xx_hal_cortex.o
       212          0          0          0          0       2051   stm32f4xx_hal_dma.o
       576         50          0          0          0       4259   stm32f4xx_hal_gpio.o
        72          4          0          0          0        918   stm32f4xx_hal_msp.o
      1820         84          0          0          0       5844   stm32f4xx_hal_rcc.o
      1286         76          0          0          0      10115   stm32f4xx_hal_tim.o
       184         30          0          0          0       2621   stm32f4xx_hal_tim_ex.o
      2054         14          0          0          0      10342   stm32f4xx_hal_uart.o
       152         38          0          0          0       8228   stm32f4xx_it.o
        20          6         24          4          0       1223   system_stm32f4xx.o
       184         18          0          0         72       1814   tim.o
       656         66          0          0        204       3344   usart.o

    ----------------------------------------------------------------------
     14512       1054        448        212       2576     869793   Object Totals
         0          0         32          0          0          0   (incl. Generated)
        20          0          0         13          4          0   (incl. Padding)

    ----------------------------------------------------------------------

      Code (inc. data)   RO Data    RW Data    ZI Data      Debug   Library Member Name

         0          0          0          0          0          0   entry.o
         0          0          0          0          0          0   entry10a.o
         0          0          0          0          0          0   entry11a.o
         4          0          0          0          0          0   entry12b.o
         8          4          0          0          0          0   entry2.o
         4          0          0          0          0          0   entry5.o
         0          0          0          0          0          0   entry7b.o
         0          0          0          0          0          0   entry8b.o
         8          4          0          0          0          0   entry9a.o
        30          0          0          0          0          0   handlers.o
        36          8          0          0          0         68   init.o
         0          0          0          0          0          0   iusefp.o
        30          0          0          0          0         68   llshl.o
        32          0          0          0          0         68   llushr.o
        36          0          0          0          0        108   memseta.o
       736         54          0          0          0        184   printf5.o
         0          0          0          4          0          0   stdout.o
        98          0          0          0          0         92   uldiv.o
       222          0          0          0          0        100   ddiv.o
       186          0          0          0          0        176   depilogue.o
        62          0          0          0          0         80   dfixi.o
       228          0          0          0          0         96   dmul.o
        38          0          0          0          0         68   f2d.o

    ----------------------------------------------------------------------
      1760         70          0          4          0       1108   Library Totals
         2          0          0          0          0          0   (incl. Padding)

    ----------------------------------------------------------------------

      Code (inc. data)   RO Data    RW Data    ZI Data      Debug   Library Name

      1022         70          0          4          0        588   mc_w.l
       736          0          0          0          0        520   mf_w.l

    ----------------------------------------------------------------------
      1760         70          0          4          0       1108   Library Totals

    ----------------------------------------------------------------------

==============================================================================


      Code (inc. data)   RO Data    RW Data    ZI Data      Debug   

     16272       1124        448        216       2576     859137   Grand Totals
     16272       1124        448        216       2576     859137   ELF Image Totals
     16272       1124        448        216          0          0   ROM Totals

==============================================================================

    Total RO  Size (Code + RO Data)                16720 (  16.33kB)
    Total RW  Size (RW Data + ZI Data)              2792 (   2.73kB)
    Total ROM Size (Code + RO Data + RW Data)      16936 (  16.54kB)

==============================================================================

