Component: ARM Compiler 5.06 update 7 (build 960) Tool: armlink [4d3601]

==============================================================================

Section Cross References

    startup_stm32f407xx.o(RESET) refers to startup_stm32f407xx.o(STACK) for __initial_sp
    startup_stm32f407xx.o(RESET) refers to startup_stm32f407xx.o(.text) for Reset_Handler
    startup_stm32f407xx.o(RESET) refers to stm32f4xx_it.o(i.NMI_Handler) for NMI_Handler
    startup_stm32f407xx.o(RESET) refers to stm32f4xx_it.o(i.HardFault_Handler) for HardFault_Handler
    startup_stm32f407xx.o(RESET) refers to stm32f4xx_it.o(i.MemManage_Handler) for MemManage_Handler
    startup_stm32f407xx.o(RESET) refers to stm32f4xx_it.o(i.BusFault_Handler) for BusFault_Handler
    startup_stm32f407xx.o(RESET) refers to stm32f4xx_it.o(i.UsageFault_Handler) for UsageFault_Handler
    startup_stm32f407xx.o(RESET) refers to stm32f4xx_it.o(i.SVC_Handler) for SVC_Handler
    startup_stm32f407xx.o(RESET) refers to stm32f4xx_it.o(i.DebugMon_Handler) for DebugMon_Handler
    startup_stm32f407xx.o(RESET) refers to stm32f4xx_it.o(i.PendSV_Handler) for PendSV_Handler
    startup_stm32f407xx.o(RESET) refers to stm32f4xx_it.o(i.SysTick_Handler) for SysTick_Handler
    startup_stm32f407xx.o(RESET) refers to stm32f4xx_it.o(i.EXTI0_IRQHandler) for EXTI0_IRQHandler
    startup_stm32f407xx.o(RESET) refers to stm32f4xx_it.o(i.CAN1_RX0_IRQHandler) for CAN1_RX0_IRQHandler
    startup_stm32f407xx.o(RESET) refers to stm32f4xx_it.o(i.CAN1_RX1_IRQHandler) for CAN1_RX1_IRQHandler
    startup_stm32f407xx.o(RESET) refers to stm32f4xx_it.o(i.TIM1_UP_TIM10_IRQHandler) for TIM1_UP_TIM10_IRQHandler
    startup_stm32f407xx.o(RESET) refers to stm32f4xx_it.o(i.USART1_IRQHandler) for USART1_IRQHandler
    startup_stm32f407xx.o(RESET) refers to stm32f4xx_it.o(i.USART3_IRQHandler) for USART3_IRQHandler
    startup_stm32f407xx.o(RESET) refers to stm32f4xx_it.o(i.USART6_IRQHandler) for USART6_IRQHandler
    startup_stm32f407xx.o(.text) refers to system_stm32f4xx.o(i.SystemInit) for SystemInit
    startup_stm32f407xx.o(.text) refers to entry.o(.ARM.Collect$$$$00000000) for __main
    main.o(i.HAL_GPIO_EXTI_Callback) refers to stm32f4xx_hal_gpio.o(i.HAL_GPIO_ReadPin) for HAL_GPIO_ReadPin
    main.o(i.HAL_GPIO_EXTI_Callback) refers to stm32f4xx_hal_gpio.o(i.HAL_GPIO_TogglePin) for HAL_GPIO_TogglePin
    main.o(i.HAL_GPIO_EXTI_Callback) refers to main.o(.data) for .data
    main.o(i.HAL_UART_RxCpltCallback) refers to controler.o(i.receive_data_handle) for receive_data_handle
    main.o(i.HAL_UART_RxCpltCallback) refers to stm32f4xx_hal_uart.o(i.HAL_UART_Receive_IT) for HAL_UART_Receive_IT
    main.o(i.HAL_UART_RxCpltCallback) refers to printf5.o(i.__0printf$5) for __2printf
    main.o(i.HAL_UART_RxCpltCallback) refers to main.o(.bss) for .bss
    main.o(i.HAL_UART_RxCpltCallback) refers to main.o(.data) for .data
    main.o(i.HAL_UART_RxCpltCallback) refers to usart.o(.bss) for huart3
    main.o(i.HAL_UART_TxCpltCallback) refers to printf5.o(i.__0printf$5) for __2printf
    main.o(i.SystemClock_Config) refers to memseta.o(.text) for __aeabi_memclr4
    main.o(i.SystemClock_Config) refers to stm32f4xx_hal_rcc.o(i.HAL_RCC_OscConfig) for HAL_RCC_OscConfig
    main.o(i.SystemClock_Config) refers to stm32f4xx_hal_rcc.o(i.HAL_RCC_ClockConfig) for HAL_RCC_ClockConfig
    main.o(i.main) refers to stm32f4xx_hal.o(i.HAL_Init) for HAL_Init
    main.o(i.main) refers to main.o(i.SystemClock_Config) for SystemClock_Config
    main.o(i.main) refers to gpio.o(i.MX_GPIO_Init) for MX_GPIO_Init
    main.o(i.main) refers to can.o(i.MX_CAN1_Init) for MX_CAN1_Init
    main.o(i.main) refers to usart.o(i.MX_USART1_UART_Init) for MX_USART1_UART_Init
    main.o(i.main) refers to tim.o(i.MX_TIM1_Init) for MX_TIM1_Init
    main.o(i.main) refers to usart.o(i.MX_USART6_UART_Init) for MX_USART6_UART_Init
    main.o(i.main) refers to usart.o(i.MX_USART3_UART_Init) for MX_USART3_UART_Init
    main.o(i.main) refers to can.o(i.CAN1_Filter) for CAN1_Filter
    main.o(i.main) refers to stm32f4xx_hal_can.o(i.HAL_CAN_ActivateNotification) for HAL_CAN_ActivateNotification
    main.o(i.main) refers to stm32f4xx_hal_can.o(i.HAL_CAN_Start) for HAL_CAN_Start
    main.o(i.main) refers to printf5.o(i.__0printf$5) for __2printf
    main.o(i.main) refers to stm32f4xx_hal_uart.o(i.HAL_UART_Receive_IT) for HAL_UART_Receive_IT
    main.o(i.main) refers to stm32f4xx_hal_gpio.o(i.HAL_GPIO_WritePin) for HAL_GPIO_WritePin
    main.o(i.main) refers to stm32f4xx_hal.o(i.HAL_Delay) for HAL_Delay
    main.o(i.main) refers to can.o(i.coffee_car_test) for coffee_car_test
    main.o(i.main) refers to controler.o(i.coffee_motor_control) for coffee_motor_control
    main.o(i.main) refers to motor_can.o(i.test_location_2) for test_location_2
    main.o(i.main) refers to motor_can.o(i.test_remove_alarm) for test_remove_alarm
    main.o(i.main) refers to motor_can.o(i.soft_scram) for soft_scram
[...]
    Removing stm32f4xx_hal_uart.o(i.UART_DMAReceiveCplt), (130 bytes).
    Removing stm32f4xx_hal_uart.o(i.UART_DMARxAbortCallback), (44 bytes).
    Removing stm32f4xx_hal_uart.o(i.UART_DMARxHalfCplt), (26 bytes).
    Removing stm32f4xx_hal_uart.o(i.UART_DMARxOnlyAbortCallback), (22 bytes).
    Removing stm32f4xx_hal_uart.o(i.UART_DMATransmitCplt), (66 bytes).
    Removing stm32f4xx_hal_uart.o(i.UART_DMATxAbortCallback), (44 bytes).
    Removing stm32f4xx_hal_uart.o(i.UART_DMATxHalfCplt), (10 bytes).
    Removing stm32f4xx_hal_uart.o(i.UART_DMATxOnlyAbortCallback), (20 bytes).
    Removing stm32f4xx_hal_uart.o(i.UART_EndTxTransfer), (28 bytes).
    Removing stm32f4xx_hal_uart.o(i.UART_Start_Receive_DMA), (148 bytes).
    Removing stm32f4xx_hal_uart.o(i.UART_WaitOnFlagUntilTimeout), (120 bytes).
    Removing system_stm32f4xx.o(.rev16_text), (4 bytes).
    Removing system_stm32f4xx.o(.revsh_text), (4 bytes).
    Removing system_stm32f4xx.o(.rrx_text), (6 bytes).
    Removing system_stm32f4xx.o(i.SystemCoreClockUpdate), (124 bytes).
    Removing motor_can.o(.rev16_text), (4 bytes).
    Removing motor_can.o(.revsh_text), (4 bytes).
    Removing motor_can.o(.rrx_text), (6 bytes).
    Removing motor_can.o(i.big_bin_and_triangle_back), (1200 bytes).
    Removing motor_can.o(i.big_bin_control), (1236 bytes).
    Removing motor_can.o(i.deliver_from_godown), (368 bytes).
    Removing motor_can.o(i.door_control), (1256 bytes).
    Removing motor_can.o(i.door_go_back), (604 bytes).
    Removing motor_can.o(i.origin_1), (528 bytes).
    Removing motor_can.o(i.origin_2), (520 bytes).
    Removing motor_can.o(i.origin_3), (60 bytes).
    Removing motor_can.o(i.test_location_1), (364 bytes).
    Removing motor_can.o(i.test_location_3), (560 bytes).
    Removing motor_can.o(i.test_origin), (544 bytes).
    Removing motor_can.o(i.test_save), (176 bytes).
    Removing motor_can.o(i.triangle_control), (876 bytes).
    Removing motor_can.o(.conststring), (591 bytes).
    Removing motor_can.o(.data), (1 bytes).
    Removing dneg.o(.text), (6 bytes).
    Removing cdcmple.o(.text), (48 bytes).
    Removing cdrcmple.o(.text), (48 bytes).
    Removing dfixul.o(.text), (48 bytes).

482 unused section(s) (total 41211 bytes) removed from the image.

==============================================================================

Image Symbol Table

    Local Symbols

    Symbol Name                              Value     Ov Type        Size  Object(Section)

    ../Core/Src/can.c                        0x00000000   Number         0  can.o ABSOLUTE
    ../Core/Src/gpio.c                       0x00000000   Number         0  gpio.o ABSOLUTE
    ../Core/Src/main.c                       0x00000000   Number         0  main.o ABSOLUTE
    ../Core/Src/stm32f4xx_hal_msp.c          0x00000000   Number         0  stm32f4xx_hal_msp.o ABSOLUTE
    ../Core/Src/stm32f4xx_it.c               0x00000000   Number         0  stm32f4xx_it.o ABSOLUTE
    ../Core/Src/system_stm32f4xx.c           0x00000000   Number         0  system_stm32f4xx.o ABSOLUTE
    ../Core/Src/tim.c                        0x00000000   Number         0  tim.o ABSOLUTE
    ../Core/Src/usart.c                      0x00000000   Number         0  usart.o ABSOLUTE
    ../Drivers/STM32F4xx_HAL_Driver/Src/stm32f4xx_hal.c 0x00000000   Number         0  stm32f4xx_hal.o ABSOLUTE
    ../Drivers/STM32F4xx_HAL_Driver/Src/stm32f4xx_hal_can.c 0x00000000   Number         0  stm32f4xx_hal_can.o ABSOLUTE
    ../Drivers/STM32F4xx_HAL_Driver/Src/stm32f4xx_hal_cortex.c 0x00000000   Number         0  stm32f4xx_hal_cortex.o ABSOLUTE
    ../Drivers/STM32F4xx_HAL_Driver/Src/stm32f4xx_hal_dma.c 0x00000000   Number         0  stm32f4xx_hal_dma.o ABSOLUTE
    ../Drivers/STM32F4xx_HAL_Driver/Src/stm32f4xx_hal_dma_ex.c 0x00000000   Number         0  stm32f4xx_hal_dma_ex.o ABSOLUTE
    ../Drivers/STM32F4xx_HAL_Driver/Src/stm32f4xx_hal_exti.c 0x00000000   Number         0  stm32f4xx_hal_exti.o ABSOLUTE
    ../Drivers/STM32F4xx_HAL_Driver/Src/stm32f4xx_hal_flash.c 0x00000000   Number         0  stm32f4xx_hal_flash.o ABSOLUTE
    ../Drivers/STM32F4xx_HAL_Driver/Src/stm32f4xx_hal_flash_ex.c 0x00000000   Number         0  stm32f4xx_hal_flash_ex.o ABSOLUTE
    ../Drivers/STM32F4xx_HAL_Driver/Src/stm32f4xx_hal_flash_ramfunc.c 0x00000000   Number         0  stm32f4xx_hal_flash_ramfunc.o ABSOLUTE
    ../Drivers/STM32F4xx_HAL_Driver/Src/stm32f4xx_hal_gpio.c 0x00000000   Number         0  stm32f4xx_hal_gpio.o ABSOLUTE
    ../Drivers/STM32F4xx_HAL_Driver/Src/stm32f4xx_hal_pwr.c 0x00000000   Number         0  stm32f4xx_hal_pwr.o ABSOLUTE
    ../Drivers/STM32F4xx_HAL_Driver/Src/stm32f4xx_hal_pwr_ex.c 0x00000000   Number         0  stm32f4xx_hal_pwr_ex.o ABSOLUTE
    ../Drivers/STM32F4xx_HAL_Driver/Src/stm32f4xx_hal_rcc.c 0x00000000   Number         0  stm32f4xx_hal_rcc.o ABSOLUTE
    ../Drivers/STM32F4xx_HAL_Driver/Src/stm32f4xx_hal_rcc_ex.c 0x00000000   Number         0  stm32f4xx_hal_rcc_ex.o ABSOLUTE
    ../Drivers/STM32F4xx_HAL_Driver/Src/stm32f4xx_hal_tim.c 0x00000000   Number         0  stm32f4xx_hal_tim.o ABSOLUTE
    ../Drivers/STM32F4xx_HAL_Driver/Src/stm32f4xx_hal_tim_ex.c 0x00000000   Number         0  stm32f4xx_hal_tim_ex.o ABSOLUTE
    ../Drivers/STM32F4xx_HAL_Driver/Src/stm32f4xx_hal_uart.c 0x00000000   Number         0  stm32f4xx_hal_uart.o ABSOLUTE
    ../clib/microlib/division.c              0x00000000   Number         0  uidiv.o ABSOLUTE
    ../clib/microlib/division.c              0x00000000   Number         0  uldiv.o ABSOLUTE
    ../clib/microlib/init/entry.s            0x00000000   Number         0  entry5.o ABSOLUTE
    ../clib/microlib/init/entry.s            0x00000000   Number         0  entry10a.o ABSOLUTE
    ../clib/microlib/init/entry.s            0x00000000   Number         0  entry12a.o ABSOLUTE
    ../clib/microlib/init/entry.s            0x00000000   Number         0  entry11a.o ABSOLUTE
    ../clib/microlib/init/entry.s            0x00000000   Number         0  entry2.o ABSOLUTE
    ../clib/microlib/init/entry.s            0x00000000   Number         0  entry11b.o ABSOLUTE
    ../clib/microlib/init/entry.s            0x00000000   Number         0  entry9b.o ABSOLUTE
    ../clib/microlib/init/entry.s            0x00000000   Number         0  entry9a.o ABSOLUTE
    ../clib/microlib/init/entry.s            0x00000000   Number         0  entry10b.o ABSOLUTE
    ../clib/microlib/init/entry.s            0x00000000   Number         0  entry7b.o ABSOLUTE
    ../clib/microlib/init/entry.s            0x00000000   Number         0  entry.o ABSOLUTE
    ../clib/microlib/init/entry.s            0x00000000   Number         0  entry8a.o ABSOLUTE
    ../clib/microlib/init/entry.s            0x00000000   Number         0  entry12b.o ABSOLUTE
    ../clib/microlib/init/entry.s            0x00000000   Number         0  entry8b.o ABSOLUTE
    ../clib/microlib/init/entry.s            0x00000000   Number         0  entry7a.o ABSOLUTE
    ../clib/microlib/longlong.c              0x00000000   Number         0  llushr.o ABSOLUTE
    ../clib/microlib/longlong.c              0x00000000   Number         0  llshl.o ABSOLUTE
    ../clib/microlib/longlong.c              0x00000000   Number         0  llsshr.o ABSOLUTE
    ../clib/microlib/printf/printf.c         0x00000000   Number         0  printf7.o ABSOLUTE
    ../clib/microlib/printf/printf.c         0x00000000   Number         0  printf6.o ABSOLUTE
    ../clib/microlib/printf/printf.c         0x00000000   Number         0  printf5.o ABSOLUTE
    ../clib/microlib/printf/printf.c         0x00000000   Number         0  printf4.o ABSOLUTE
    ../clib/microlib/printf/printf.c         0x00000000   Number         0  printf3.o ABSOLUTE
    ../clib/microlib/printf/printf.c         0x00000000   Number         0  printf2.o ABSOLUTE
    ../clib/microlib/printf/printf.c         0x00000000   Number         0  printfa.o ABSOLUTE
    ../clib/microlib/printf/printf.c         0x00000000   Number         0  printf0.o ABSOLUTE
    ../clib/microlib/printf/printf.c         0x00000000   Number         0  printfb.o ABSOLUTE
    ../clib/microlib/printf/printf.c         0x00000000   Number         0  printf1.o ABSOLUTE
    ../clib/microlib/printf/printf.c         0x00000000   Number         0  printf8.o ABSOLUTE
    ../clib/microlib/printf/stubs.s          0x00000000   Number         0  stubs.o ABSOLUTE
    ../clib/microlib/stdio/streams.c         0x00000000   Number         0  stdout.o ABSOLUTE
    ../clib/microlib/string/memset.c         0x00000000   Number         0  memseta.o ABSOLUTE
    ../clib/microlib/stubs.s                 0x00000000   Number         0  iusefp.o ABSOLUTE
    ../fplib/microlib/fpadd.c                0x00000000   Number         0  dadd.o ABSOLUTE
    ../fplib/microlib/fpdiv.c                0x00000000   Number         0  ddiv.o ABSOLUTE
    ../fplib/microlib/fpepilogue.c           0x00000000   Number         0  depilogue.o ABSOLUTE
    ../fplib/microlib/fpfix.c                0x00000000   Number         0  dfixul.o ABSOLUTE
    ../fplib/microlib/fpfix.c                0x00000000   Number         0  dfixi.o ABSOLUTE
    ../fplib/microlib/fpflt.c                0x00000000   Number         0  dflti.o ABSOLUTE
    ../fplib/microlib/fpmul.c                0x00000000   Number         0  dmul.o ABSOLUTE
    ../fplib/microlib/fpneg.c                0x00000000   Number         0  dneg.o ABSOLUTE
    ../mathlib/fabs.c                        0x00000000   Number         0  fabs.o ABSOLUTE
    ..\Core\Inc\APP\motor_can.c              0x00000000   Number         0  motor_can.o ABSOLUTE
    ..\Core\Src\can.c                        0x00000000   Number         0  can.o ABSOLUTE
    ..\Core\Src\chassis_subipc.c             0x00000000   Number         0  chassis_subipc.o ABSOLUTE
    ..\Core\Src\controler.c                  0x00000000   Number         0  controler.o ABSOLUTE
    ..\Core\Src\gpio.c                       0x00000000   Number         0  gpio.o ABSOLUTE
    ..\Core\Src\main.c                       0x00000000   Number         0  main.o ABSOLUTE
    ..\Core\Src\stm32f4xx_hal_msp.c          0x00000000   Number         0  stm32f4xx_hal_msp.o ABSOLUTE
    ..\Core\Src\stm32f4xx_it.c               0x00000000   Number         0  stm32f4xx_it.o ABSOLUTE
    ..\Core\Src\system_stm32f4xx.c           0x00000000   Number         0  system_stm32f4xx.o ABSOLUTE
    ..\Core\Src\tim.c                        0x00000000   Number         0  tim.o ABSOLUTE
    ..\Core\Src\usart.c                      0x00000000   Number         0  usart.o ABSOLUTE
    ..\Drivers\STM32F4xx_HAL_Driver\Src\stm32f4xx_hal.c 0x00000000   Number         0  stm32f4xx_hal.o ABSOLUTE
    ..\Drivers\STM32F4xx_HAL_Driver\Src\stm32f4xx_hal_can.c 0x00000000   Number         0  stm32f4xx_hal_can.o ABSOLUTE
    ..\Drivers\STM32F4xx_HAL_Driver\Src\stm32f4xx_hal_cortex.c 0x00000000   Number         0  stm32f4xx_hal_cortex.o ABSOLUTE
    ..\Drivers\STM32F4xx_HAL_Driver\Src\stm32f4xx_hal_dma.c 0x00000000   Number         0  stm32f4xx_hal_dma.o ABSOLUTE
    ..\Drivers\STM32F4xx_HAL_Driver\Src\stm32f4xx_hal_dma_ex.c 0x00000000   Number         0  stm32f4xx_hal_dma_ex.o ABSOLUTE
    ..\Drivers\STM32F4xx_HAL_Driver\Src\stm32f4xx_hal_exti.c 0x00000000   Number         0  stm32f4xx_hal_exti.o ABSOLUTE
    ..\Drivers\STM32F4xx_HAL_Driver\Src\stm32f4xx_hal_flash.c 0x00000000   Number         0  stm32f4xx_hal_flash.o ABSOLUTE
    ..\Drivers\STM32F4xx_HAL_Driver\Src\stm32f4xx_hal_flash_ex.c 0x00000000   Number         0  stm32f4xx_hal_flash_ex.o ABSOLUTE
    ..\Drivers\STM32F4xx_HAL_Driver\Src\stm32f4xx_hal_flash_ramfunc.c 0x00000000   Number         0  stm32f4xx_hal_flash_ramfunc.o ABSOLUTE
    ..\Drivers\STM32F4xx_HAL_Driver\Src\stm32f4xx_hal_gpio.c 0x00000000   Number         0  stm32f4xx_hal_gpio.o ABSOLUTE
    ..\Drivers\STM32F4xx_HAL_Driver\Src\stm32f4xx_hal_pwr.c 0x00000000   Number         0  stm32f4xx_hal_pwr.o ABSOLUTE
    ..\Drivers\STM32F4xx_HAL_Driver\Src\stm32f4xx_hal_pwr_ex.c 0x00000000   Number         0  stm32f4xx_hal_pwr_ex.o ABSOLUTE
    ..\Drivers\STM32F4xx_HAL_Driver\Src\stm32f4xx_hal_rcc.c 0x00000000   Number         0  stm32f4xx_hal_rcc.o ABSOLUTE
    ..\Drivers\STM32F4xx_HAL_Driver\Src\stm32f4xx_hal_rcc_ex.c 0x00000000   Number         0  stm32f4xx_hal_rcc_ex.o ABSOLUTE
    ..\Drivers\STM32F4xx_HAL_Driver\Src\stm32f4xx_hal_tim.c 0x00000000   Number         0  stm32f4xx_hal_tim.o ABSOLUTE
    ..\Drivers\STM32F4xx_HAL_Driver\Src\stm32f4xx_hal_tim_ex.c 0x00000000   Number         0  stm32f4xx_hal_tim_ex.o ABSOLUTE
    ..\Drivers\STM32F4xx_HAL_Driver\Src\stm32f4xx_hal_uart.c 0x00000000   Number         0  stm32f4xx_hal_uart.o ABSOLUTE
    ..\\Core\\Inc\\APP\\motor_can.c          0x00000000   Number         0  motor_can.o ABSOLUTE
    ..\\Core\\Src\\chassis_subipc.c          0x00000000   Number         0  chassis_subipc.o ABSOLUTE
    ..\\Core\\Src\\controler.c               0x00000000   Number         0  controler.o ABSOLUTE
    cdcmple.s                                0x00000000   Number         0  cdcmple.o ABSOLUTE
    cdrcmple.s                               0x00000000   Number         0  cdrcmple.o ABSOLUTE
    dc.s                                     0x00000000   Number         0  dc.o ABSOLUTE
    handlers.s                               0x00000000   Number         0  handlers.o ABSOLUTE
    init.s                                   0x00000000   Number         0  init.o ABSOLUTE
    startup_stm32f407xx.s                    0x00000000   Number         0  startup_stm32f407xx.o ABSOLUTE
    RESET                                    0x08000000   Section      392  startup_stm32f407xx.o(RESET)
    .ARM.Collect$$$$00000000                 0x08000188   Section        0  entry.o(.ARM.Collect$$$$00000000)
    .ARM.Collect$$$$00000001                 0x08000188   Section        4  entry2.o(.ARM.Collect$$$$00000001)
    .ARM.Collect$$$$00000004                 0x0800018c   Section        4  entry5.o(.ARM.Collect$$$$00000004)
    .ARM.Collect$$$$00000008                 0x08000190   Section        0  entry7b.o(.ARM.Collect$$$$00000008)
    .ARM.Collect$$$$0000000A                 0x08000190   Section        0  entry8b.o(.ARM.Collect$$$$0000000A)
    .ARM.Collect$$$$0000000B                 0x08000190   Section        8  entry9a.o(.ARM.Collect$$$$0000000B)
    .ARM.Collect$$$$0000000E                 0x08000198   Section        4  entry12b.o(.ARM.Collect$$$$0000000E)
    .ARM.Collect$$$$0000000F                 0x0800019c   Section        0  entry10a.o(.ARM.Collect$$$$0000000F)
    .ARM.Collect$$$$00000011                 0x0800019c   Section        0  entry11a.o(.ARM.Collect$$$$00000011)
    .ARM.Collect$$$$00002712                 0x0800019c   Section        4  entry2.o(.ARM.Collect$$$$00002712)
    __lit__00000000                          0x0800019c   Data           4  entry2.o(.ARM.Collect$$$$00002712)
    .text                                    0x080001a0   Section       36  startup_stm32f407xx.o(.text)
    $v0                                      0x080001a0   Number         0  startup_stm32f407xx.o(.text)
    .text                                    0x080001c4   Section        0  uldiv.o(.text)
    .text                                    0x08000226   Section        0  memseta.o(.text)
    .text                                    0x0800024a   Section        0  dadd.o(.text)
    .text                                    0x08000398   Section        0  dmul.o(.text)
    .text                                    0x0800047c   Section        0  ddiv.o(.text)
    .text                                    0x0800055a   Section        0  dflti.o(.text)
    .text                                    0x0800057c   Section        0  dfixi.o(.text)
    .text                                    0x080005ba   Section        0  llshl.o(.text)
    .text                                    0x080005d8   Section        0  llushr.o(.text)
    .text                                    0x080005f8   Section        0  llsshr.o(.text)
    .text                                    0x0800061c   Section        0  iusefp.o(.text)
    .text                                    0x0800061c   Section        0  depilogue.o(.text)
    .text                                    0x080006d8   Section       36  init.o(.text)
    i.BusFault_Handler                       0x080006fc   Section        0  stm32f4xx_it.o(i.BusFault_Handler)
    i.CAN1_Filter                            0x08000700   Section        0  can.o(i.CAN1_Filter)
    i.CAN1_RX0_IRQHandler                    0x08000724   Section        0  stm32f4xx_it.o(i.CAN1_RX0_IRQHandler)
    i.CAN1_RX1_IRQHandler                    0x08000730   Section        0  stm32f4xx_it.o(i.CAN1_RX1_IRQHandler)
    i.CAN1_Tx                                0x0800073c   Section        0  can.o(i.CAN1_Tx)
    i.DebugMon_Handler                       0x0800077c   Section        0  stm32f4xx_it.o(i.DebugMon_Handler)
    i.EXTI0_IRQHandler                       0x0800077e   Section        0  stm32f4xx_it.o(i.EXTI0_IRQHandler)
    i.Error_Handler                          0x08000784   Section        0  main.o(i.Error_Handler)
    i.HAL_CAN_ActivateNotification           0x08000786   Section        0  stm32f4xx_hal_can.o(i.HAL_CAN_ActivateNotification)
    i.HAL_CAN_AddTxMessage                   0x080007aa   Section        0  stm32f4xx_hal_can.o(i.HAL_CAN_AddTxMessage)
    i.HAL_CAN_ConfigFilter                   0x08000888   Section        0  stm32f4xx_hal_can.o(i.HAL_CAN_ConfigFilter)
    i.HAL_CAN_ErrorCallback                  0x08000994   Section        0  stm32f4xx_hal_can.o(i.HAL_CAN_ErrorCallback)
    i.HAL_CAN_GetRxMessage                   0x08000996   Section        0  stm32f4xx_hal_can.o(i.HAL_CAN_GetRxMessage)
    i.HAL_CAN_IRQHandler                     0x08000a7e   Section        0  stm32f4xx_hal_can.o(i.HAL_CAN_IRQHandler)
    i.HAL_CAN_Init                           0x08000c7a   Section        0  stm32f4xx_hal_can.o(i.HAL_CAN_Init)
    i.HAL_CAN_MspInit                        0x08000d94   Section        0  can.o(i.HAL_CAN_MspInit)
    i.HAL_CAN_RxFifo0FullCallback            0x08000e1c   Section        0  stm32f4xx_hal_can.o(i.HAL_CAN_RxFifo0FullCallback)
    i.HAL_CAN_RxFifo0MsgPendingCallback      0x08000e20   Section        0  can.o(i.HAL_CAN_RxFifo0MsgPendingCallback)
    i.HAL_CAN_RxFifo1FullCallback            0x08000e50   Section        0  stm32f4xx_hal_can.o(i.HAL_CAN_RxFifo1FullCallback)
    i.HAL_CAN_RxFifo1MsgPendingCallback      0x08000e52   Section        0  stm32f4xx_hal_can.o(i.HAL_CAN_RxFifo1MsgPendingCallback)
    i.HAL_CAN_SleepCallback                  0x08000e54   Section        0  stm32f4xx_hal_can.o(i.HAL_CAN_SleepCallback)
    i.HAL_CAN_Start                          0x08000e58   Section        0  stm32f4xx_hal_can.o(i.HAL_CAN_Start)
    i.HAL_CAN_TxMailbox0AbortCallback        0x08000eb0   Section        0  stm32f4xx_hal_can.o(i.HAL_CAN_TxMailbox0AbortCallback)
    i.HAL_CAN_TxMailbox0CompleteCallback     0x08000eb2   Section        0  stm32f4xx_hal_can.o(i.HAL_CAN_TxMailbox0CompleteCallback)
    i.HAL_CAN_TxMailbox1AbortCallback        0x08000eb4   Section        0  stm32f4xx_hal_can.o(i.HAL_CAN_TxMailbox1AbortCallback)
    i.HAL_CAN_TxMailbox1CompleteCallback     0x08000eb6   Section        0  stm32f4xx_hal_can.o(i.HAL_CAN_TxMailbox1CompleteCallback)
    i.HAL_CAN_TxMailbox2AbortCallback        0x08000eb8   Section        0  stm32f4xx_hal_can.o(i.HAL_CAN_TxMailbox2AbortCallback)
    i.HAL_CAN_TxMailbox2CompleteCallback     0x08000eba   Section        0  stm32f4xx_hal_can.o(i.HAL_CAN_TxMailbox2CompleteCallback)
    i.HAL_CAN_WakeUpFromRxMsgCallback        0x08000ebc   Section        0  stm32f4xx_hal_can.o(i.HAL_CAN_WakeUpFromRxMsgCallback)
    i.HAL_DMA_Abort                          0x08000ebe   Section        0  stm32f4xx_hal_dma.o(i.HAL_DMA_Abort)
    i.HAL_DMA_Abort_IT                       0x08000f50   Section        0  stm32f4xx_hal_dma.o(i.HAL_DMA_Abort_IT)
    i.HAL_Delay                              0x08000f74   Section        0  stm32f4xx_hal.o(i.HAL_Delay)
    i.HAL_GPIO_EXTI_Callback                 0x08000f98   Section        0  main.o(i.HAL_GPIO_EXTI_Callback)
    i.HAL_GPIO_EXTI_IRQHandler               0x08000fd0   Section        0  stm32f4xx_hal_gpio.o(i.HAL_GPIO_EXTI_IRQHandler)
    i.HAL_GPIO_Init                          0x08000fe8   Section        0  stm32f4xx_hal_gpio.o(i.HAL_GPIO_Init)
    i.HAL_GPIO_ReadPin                       0x080011d8   Section        0  stm32f4xx_hal_gpio.o(i.HAL_GPIO_ReadPin)
    i.HAL_GPIO_TogglePin                     0x080011e2   Section        0  stm32f4xx_hal_gpio.o(i.HAL_GPIO_TogglePin)
    i.HAL_GPIO_WritePin                      0x080011f2   Section        0  stm32f4xx_hal_gpio.o(i.HAL_GPIO_WritePin)
    i.HAL_GetTick                            0x080011fc   Section        0  stm32f4xx_hal.o(i.HAL_GetTick)
    i.HAL_IncTick                            0x08001208   Section        0  stm32f4xx_hal.o(i.HAL_IncTick)
    i.HAL_Init                               0x08001218   Section        0  stm32f4xx_hal.o(i.HAL_Init)
    i.HAL_InitTick                           0x0800124c   Section        0  stm32f4xx_hal.o(i.HAL_InitTick)
    i.HAL_MspInit                            0x0800128c   Section        0  stm32f4xx_hal_msp.o(i.HAL_MspInit)
    i.HAL_NVIC_EnableIRQ                     0x080012bc   Section        0  stm32f4xx_hal_cortex.o(i.HAL_NVIC_EnableIRQ)
    i.HAL_NVIC_SetPriority                   0x080012d8   Section        0  stm32f4xx_hal_cortex.o(i.HAL_NVIC_SetPriority)
    i.HAL_NVIC_SetPriorityGrouping           0x08001318   Section        0  stm32f4xx_hal_cortex.o(i.HAL_NVIC_SetPriorityGrouping)
    i.HAL_RCC_ClockConfig                    0x0800133c   Section        0  stm32f4xx_hal_rcc.o(i.HAL_RCC_ClockConfig)
    i.HAL_RCC_GetPCLK1Freq                   0x08001470   Section        0  stm32f4xx_hal_rcc.o(i.HAL_RCC_GetPCLK1Freq)
    i.HAL_RCC_GetPCLK2Freq                   0x08001490   Section        0  stm32f4xx_hal_rcc.o(i.HAL_RCC_GetPCLK2Freq)
    i.HAL_RCC_GetSysClockFreq                0x080014b0   Section        0  stm32f4xx_hal_rcc.o(i.HAL_RCC_GetSysClockFreq)
    i.HAL_RCC_OscConfig                      0x08001514   Section        0  stm32f4xx_hal_rcc.o(i.HAL_RCC_OscConfig)
    i.HAL_SYSTICK_Config                     0x08001880   Section        0  stm32f4xx_hal_cortex.o(i.HAL_SYSTICK_Config)
    i.HAL_TIMEx_BreakCallback                0x080018a8   Section        0  stm32f4xx_hal_tim_ex.o(i.HAL_TIMEx_BreakCallback)
    i.HAL_TIMEx_CommutCallback               0x080018aa   Section        0  stm32f4xx_hal_tim_ex.o(i.HAL_TIMEx_CommutCallback)
    i.HAL_TIMEx_MasterConfigSynchronization  0x080018ac   Section        0  stm32f4xx_hal_tim_ex.o(i.HAL_TIMEx_MasterConfigSynchronization)
    i.HAL_TIM_Base_Init                      0x0800193c   Section        0  stm32f4xx_hal_tim.o(i.HAL_TIM_Base_Init)
    i.HAL_TIM_Base_MspInit                   0x08001998   Section        0  tim.o(i.HAL_TIM_Base_MspInit)
    i.HAL_TIM_ConfigClockSource              0x080019d4   Section        0  stm32f4xx_hal_tim.o(i.HAL_TIM_ConfigClockSource)
    i.HAL_TIM_IC_CaptureCallback             0x08001ab0   Section        0  stm32f4xx_hal_tim.o(i.HAL_TIM_IC_CaptureCallback)
    i.HAL_TIM_IRQHandler                     0x08001ab2   Section        0  stm32f4xx_hal_tim.o(i.HAL_TIM_IRQHandler)
    i.HAL_TIM_OC_DelayElapsedCallback        0x08001c18   Section        0  stm32f4xx_hal_tim.o(i.HAL_TIM_OC_DelayElapsedCallback)
    i.HAL_TIM_PWM_PulseFinishedCallback      0x08001c1a   Section        0  stm32f4xx_hal_tim.o(i.HAL_TIM_PWM_PulseFinishedCallback)
    i.HAL_TIM_PeriodElapsedCallback          0x08001c1c   Section        0  stm32f4xx_hal_tim.o(i.HAL_TIM_PeriodElapsedCallback)
    i.HAL_TIM_TriggerCallback                0x08001c1e   Section        0  stm32f4xx_hal_tim.o(i.HAL_TIM_TriggerCallback)
    i.HAL_UARTEx_RxEventCallback             0x08001c20   Section        0  stm32f4xx_hal_uart.o(i.HAL_UARTEx_RxEventCallback)
    i.HAL_UART_ErrorCallback                 0x08001c22   Section        0  stm32f4xx_hal_uart.o(i.HAL_UART_ErrorCallback)
    i.HAL_UART_IRQHandler                    0x08001c24   Section        0  stm32f4xx_hal_uart.o(i.HAL_UART_IRQHandler)
    i.HAL_UART_Init                          0x08001e8c   Section        0  stm32f4xx_hal_uart.o(i.HAL_UART_Init)
    i.HAL_UART_MspInit                       0x08001ef0   Section        0  usart.o(i.HAL_UART_MspInit)
    i.HAL_UART_Receive_IT                    0x0800203c   Section        0  stm32f4xx_hal_uart.o(i.HAL_UART_Receive_IT)
    i.HAL_UART_RxCpltCallback                0x08002068   Section        0  main.o(i.HAL_UART_RxCpltCallback)
    i.HAL_UART_TxCpltCallback                0x080021c8   Section        0  main.o(i.HAL_UART_TxCpltCallback)
    i.HardFault_Handler                      0x080021ec   Section        0  stm32f4xx_it.o(i.HardFault_Handler)
    i.MX_CAN1_Init                           0x080021f0   Section        0  can.o(i.MX_CAN1_Init)
    i.MX_GPIO_Init                           0x08002234   Section        0  gpio.o(i.MX_GPIO_Init)
    i.MX_TIM1_Init                           0x08002310   Section        0  tim.o(i.MX_TIM1_Init)
    i.MX_USART1_UART_Init                    0x0800237c   Section        0  usart.o(i.MX_USART1_UART_Init)
    i.MX_USART3_UART_Init                    0x080023b4   Section        0  usart.o(i.MX_USART3_UART_Init)
    i.MX_USART6_UART_Init                    0x080023f4   Section        0  usart.o(i.MX_USART6_UART_Init)
    i.MemManage_Handler                      0x0800242c   Section        0  stm32f4xx_it.o(i.MemManage_Handler)
    i.NMI_Handler                            0x0800242e   Section        0  stm32f4xx_it.o(i.NMI_Handler)
    i.PendSV_Handler                         0x08002430   Section        0  stm32f4xx_it.o(i.PendSV_Handler)
    i.SVC_Handler                            0x08002432   Section        0  stm32f4xx_it.o(i.SVC_Handler)
    i.SysTick_Handler                        0x08002434   Section        0  stm32f4xx_it.o(i.SysTick_Handler)
    i.SystemClock_Config                     0x08002438   Section        0  main.o(i.SystemClock_Config)
    i.SystemInit                             0x080024bc   Section        0  system_stm32f4xx.o(i.SystemInit)
    i.TIM1_UP_TIM10_IRQHandler               0x080024cc   Section        0  stm32f4xx_it.o(i.TIM1_UP_TIM10_IRQHandler)
    i.TIM_Base_SetConfig                     0x080024e8   Section        0  stm32f4xx_hal_tim.o(i.TIM_Base_SetConfig)
    i.TIM_ETR_SetConfig                      0x080025b0   Section        0  stm32f4xx_hal_tim.o(i.TIM_ETR_SetConfig)
    i.TIM_ITRx_SetConfig                     0x080025c4   Section        0  stm32f4xx_hal_tim.o(i.TIM_ITRx_SetConfig)
    TIM_ITRx_SetConfig                       0x080025c5   Thumb Code    16  stm32f4xx_hal_tim.o(i.TIM_ITRx_SetConfig)
    i.TIM_TI1_ConfigInputStage               0x080025d4   Section        0  stm32f4xx_hal_tim.o(i.TIM_TI1_ConfigInputStage)
    TIM_TI1_ConfigInputStage                 0x080025d5   Thumb Code    34  stm32f4xx_hal_tim.o(i.TIM_TI1_ConfigInputStage)
    i.TIM_TI2_ConfigInputStage               0x080025f6   Section        0  stm32f4xx_hal_tim.o(i.TIM_TI2_ConfigInputStage)
    TIM_TI2_ConfigInputStage                 0x080025f7   Thumb Code    36  stm32f4xx_hal_tim.o(i.TIM_TI2_ConfigInputStage)
    i.UART_DMAAbortOnError                   0x0800261a   Section        0  stm32f4xx_hal_uart.o(i.UART_DMAAbortOnError)
    UART_DMAAbortOnError                     0x0800261b   Thumb Code    16  stm32f4xx_hal_uart.o(i.UART_DMAAbortOnError)
    i.UART_EndRxTransfer                     0x0800262a   Section        0  stm32f4xx_hal_uart.o(i.UART_EndRxTransfer)
    UART_EndRxTransfer                       0x0800262b   Thumb Code    78  stm32f4xx_hal_uart.o(i.UART_EndRxTransfer)
    i.UART_Receive_IT                        0x08002678   Section        0  stm32f4xx_hal_uart.o(i.UART_Receive_IT)
    UART_Receive_IT                          0x08002679   Thumb Code   192  stm32f4xx_hal_uart.o(i.UART_Receive_IT)
    i.UART_SetConfig                         0x08002738   Section        0  stm32f4xx_hal_uart.o(i.UART_SetConfig)
    UART_SetConfig                           0x08002739   Thumb Code   258  stm32f4xx_hal_uart.o(i.UART_SetConfig)
    i.UART_Start_Receive_IT                  0x08002844   Section        0  stm32f4xx_hal_uart.o(i.UART_Start_Receive_IT)
    i.USART1_IRQHandler                      0x08002880   Section        0  stm32f4xx_it.o(i.USART1_IRQHandler)
    i.USART3_IRQHandler                      0x0800288c   Section        0  stm32f4xx_it.o(i.USART3_IRQHandler)
    i.USART6_IRQHandler                      0x08002898   Section        0  stm32f4xx_it.o(i.USART6_IRQHandler)
    i.UsageFault_Handler                     0x080028a4   Section        0  stm32f4xx_it.o(i.UsageFault_Handler)
    i.__0printf$5                            0x080028a8   Section        0  printf5.o(i.__0printf$5)
    i.__NVIC_SetPriority                     0x080028c8   Section        0  stm32f4xx_hal_cortex.o(i.__NVIC_SetPriority)
    __NVIC_SetPriority                       0x080028c9   Thumb Code    32  stm32f4xx_hal_cortex.o(i.__NVIC_SetPriority)
    i.__scatterload_copy                     0x080028e8   Section       14  handlers.o(i.__scatterload_copy)
    i.__scatterload_null                     0x080028f6   Section        2  handlers.o(i.__scatterload_null)
    i.__scatterload_zeroinit                 0x080028f8   Section       14  handlers.o(i.__scatterload_zeroinit)
    i._printf_core                           0x08002908   Section        0  printf5.o(i._printf_core)
    _printf_core                             0x08002909   Thumb Code   660  printf5.o(i._printf_core)
    i.coffee_car_test                        0x08002bc8   Section        0  can.o(i.coffee_car_test)
    i.coffee_motor_control                   0x08002c18   Section        0  controler.o(i.coffee_motor_control)
    i.controler_control_motor                0x08002c40   Section        0  can.o(i.controler_control_motor)
    i.fputc                                  0x08002d04   Section        0  main.o(i.fputc)
    i.location_control_run                   0x08002d2c   Section        0  motor_can.o(i.location_control_run)
    i.main                                   0x08002fa0   Section        0  main.o(i.main)
    i.motor_clear_error                      0x0800310c   Section        0  can.o(i.motor_clear_error)
    i.motor_disable                          0x0800313c   Section        0  can.o(i.motor_disable)
    i.motor_enable                           0x08003174   Section        0  can.o(i.motor_enable)
    i.motor_mode_change                      0x08003238   Section        0  controler.o(i.motor_mode_change)
    i.motor_transmit_velo                    0x0800326c   Section        0  can.o(i.motor_transmit_velo)
    i.motor_velo_mode_init                   0x080032ac   Section        0  can.o(i.motor_velo_mode_init)
    i.parse_controler_data                   0x080033d0   Section        0  controler.o(i.parse_controler_data)
    i.read_motor_state_4                     0x080035ec   Section        0  motor_can.o(i.read_motor_state_4)
    i.read_motor_state_5                     0x08003630   Section        0  motor_can.o(i.read_motor_state_5)
    i.receive_data_handle                    0x08003674   Section        0  controler.o(i.receive_data_handle)
    i.soft_scram                             0x08003698   Section        0  motor_can.o(i.soft_scram)
    i.test_location_2                        0x08003738   Section        0  motor_can.o(i.test_location_2)
    i.test_remove_alarm                      0x080038ec   Section        0  motor_can.o(i.test_remove_alarm)
    i.velo_mode_controler                    0x08003948   Section        0  controler.o(i.velo_mode_controler)
    .constdata                               0x080039e4   Section       16  system_stm32f4xx.o(.constdata)
    .constdata                               0x080039f4   Section        8  system_stm32f4xx.o(.constdata)
    .data                                    0x20000000   Section        4  main.o(.data)
    .data                                    0x20000004   Section       16  main.o(.data)
    .data                                    0x20000014   Section        1  main.o(.data)
    .data                                    0x20000015   Section        1  main.o(.data)
    .data                                    0x20000016   Section        1  main.o(.data)
    .data                                    0x20000018   Section       68  can.o(.data)
    .data                                    0x2000005c   Section        1  can.o(.data)
    .data                                    0x20000060   Section        4  controler.o(.data)
    .data                                    0x20000064   Section       12  stm32f4xx_hal.o(.data)
    .data                                    0x20000070   Section        4  system_stm32f4xx.o(.data)
    .data                                    0x20000074   Section        4  motor_can.o(.data)
    .data                                    0x20000078   Section        4  stdout.o(.data)
    .bss                                     0x2000007c   Section     1034  main.o(.bss)
    .bss                                     0x20000488   Section      132  can.o(.bss)
    .bss                                     0x2000050c   Section       72  tim.o(.bss)
    .bss                                     0x20000554   Section      204  usart.o(.bss)
    .bss                                     0x20000620   Section       96  controler.o(.bss)
    STACK                                    0x20000680   Section     1024  startup_stm32f407xx.o(STACK)

    Global Symbols

    Symbol Name                              Value     Ov Type        Size  Object(Section)

    BuildAttributes$$THM_ISAv4$E$P$D$K$B$S$7EM$VFPi3$EXTD16$VFPS$VFMA$PE$A:L22UL41UL21$X:L11$S22US41US21$IEEE1$IW$USESV6$~STKCKD$USESV7$~SHL$OTIME$ROPI$IEEEJ$EBA8$MICROLIB$REQ8$PRES8$EABIv2 0x00000000   Number         0  anon$$obj.o ABSOLUTE
    __ARM_use_no_argv                        0x00000000   Number         0  main.o ABSOLUTE
    _printf_a                                0x00000000   Number         0  stubs.o ABSOLUTE
    _printf_c                                0x00000000   Number         0  stubs.o ABSOLUTE
    _printf_charcount                        0x00000000   Number         0  stubs.o ABSOLUTE
    _printf_d                                0x00000000   Number         0  stubs.o ABSOLUTE
    _printf_e                                0x00000000   Number         0  stubs.o ABSOLUTE
    _printf_f                                0x00000000   Number         0  stubs.o ABSOLUTE
    _printf_flags                            0x00000000   Number         0  stubs.o ABSOLUTE
    _printf_fp_dec                           0x00000000   Number         0  stubs.o ABSOLUTE
    _printf_fp_hex                           0x00000000   Number         0  stubs.o ABSOLUTE
    _printf_g                                0x00000000   Number         0  stubs.o ABSOLUTE
    _printf_i                                0x00000000   Number         0  stubs.o ABSOLUTE
    _printf_int_dec                          0x00000000   Number         0  stubs.o ABSOLUTE
    _printf_l                                0x00000000   Number         0  stubs.o ABSOLUTE
    _printf_lc                               0x00000000   Number         0  stubs.o ABSOLUTE
    _printf_ll                               0x00000000   Number         0  stubs.o ABSOLUTE
    _printf_lld                              0x00000000   Number         0  stubs.o ABSOLUTE
    _printf_lli                              0x00000000   Number         0  stubs.o ABSOLUTE
    _printf_llo                              0x00000000   Number         0  stubs.o ABSOLUTE
    _printf_llu                              0x00000000   Number         0  stubs.o ABSOLUTE
    _printf_llx                              0x00000000   Number         0  stubs.o ABSOLUTE
    _printf_longlong_dec                     0x00000000   Number         0  stubs.o ABSOLUTE
    _printf_longlong_hex                     0x00000000   Number         0  stubs.o ABSOLUTE
    _printf_longlong_oct                     0x00000000   Number         0  stubs.o ABSOLUTE
    _printf_ls                               0x00000000   Number         0  stubs.o ABSOLUTE
    _printf_mbtowc                           0x00000000   Number         0  stubs.o ABSOLUTE
    _printf_n                                0x00000000   Number         0  stubs.o ABSOLUTE
    _printf_o                                0x00000000   Number         0  stubs.o ABSOLUTE
    _printf_p                                0x00000000   Number         0  stubs.o ABSOLUTE
    _printf_percent                          0x00000000   Number         0  stubs.o ABSOLUTE
    _printf_pre_padding                      0x00000000   Number         0  stubs.o ABSOLUTE
    _printf_return_value                     0x00000000   Number         0  stubs.o ABSOLUTE
    _printf_s                                0x00000000   Number         0  stubs.o ABSOLUTE
    _printf_sizespec                         0x00000000   Number         0  stubs.o ABSOLUTE
    _printf_str                              0x00000000   Number         0  stubs.o ABSOLUTE
    _printf_truncate_signed                  0x00000000   Number         0  stubs.o ABSOLUTE
    _printf_truncate_unsigned                0x00000000   Number         0  stubs.o ABSOLUTE
    _printf_u                                0x00000000   Number         0  stubs.o ABSOLUTE
    _printf_wc                               0x00000000   Number         0  stubs.o ABSOLUTE
    _printf_wctomb                           0x00000000   Number         0  stubs.o ABSOLUTE
    _printf_widthprec                        0x00000000   Number         0  stubs.o ABSOLUTE
    _printf_x                                0x00000000   Number         0  stubs.o ABSOLUTE
    __arm_fini_                               - Undefined Weak Reference
    __cpp_initialize__aeabi_                  - Undefined Weak Reference
    __cxa_finalize                            - Undefined Weak Reference
    __decompress                              - Undefined Weak Reference
    _clock_init                               - Undefined Weak Reference
    _microlib_exit                            - Undefined Weak Reference
    __Vectors_Size                           0x00000188   Number         0  startup_stm32f407xx.o ABSOLUTE
    __Vectors                                0x08000000   Data           4  startup_stm32f407xx.o(RESET)
    __Vectors_End                            0x08000188   Data           0  startup_stm32f407xx.o(RESET)
    __main                                   0x08000189   Thumb Code     0  entry.o(.ARM.Collect$$$$00000000)
    _main_stk                                0x08000189   Thumb Code     0  entry2.o(.ARM.Collect$$$$00000001)
    _main_scatterload                        0x0800018d   Thumb Code     0  entry5.o(.ARM.Collect$$$$00000004)
    __main_after_scatterload                 0x08000191   Thumb Code     0  entry5.o(.ARM.Collect$$$$00000004)
    _main_clock                              0x08000191   Thumb Code     0  entry7b.o(.ARM.Collect$$$$00000008)
    _main_cpp_init                           0x08000191   Thumb Code     0  entry8b.o(.ARM.Collect$$$$0000000A)
    _main_init                               0x08000191   Thumb Code     0  entry9a.o(.ARM.Collect$$$$0000000B)
    __rt_lib_shutdown_fini                   0x08000199   Thumb Code     0  entry12b.o(.ARM.Collect$$$$0000000E)
    __rt_final_cpp                           0x0800019d   Thumb Code     0  entry10a.o(.ARM.Collect$$$$0000000F)
    __rt_final_exit                          0x0800019d   Thumb Code     0  entry11a.o(.ARM.Collect$$$$00000011)
    Reset_Handler                            0x080001a1   Thumb Code     8  startup_stm32f407xx.o(.text)
    ADC_IRQHandler                           0x080001bb   Thumb Code     0  startup_stm32f407xx.o(.text)
    CAN1_SCE_IRQHandler                      0x080001bb   Thumb Code     0  startup_stm32f407xx.o(.text)
    CAN1_TX_IRQHandler                       0x080001bb   Thumb Code     0  startup_stm32f407xx.o(.text)
    CAN2_RX0_IRQHandler                      0x080001bb   Thumb Code     0  startup_stm32f407xx.o(.text)
    CAN2_RX1_IRQHandler                      0x080001bb   Thumb Code     0  startup_stm32f407xx.o(.text)
    CAN2_SCE_IRQHandler                      0x080001bb   Thumb Code     0  startup_stm32f407xx.o(.text)
    CAN2_TX_IRQHandler                       0x080001bb   Thumb Code     0  startup_stm32f407xx.o(.text)
    DCMI_IRQHandler                          0x080001bb   Thumb Code     0  startup_stm32f407xx.o(.text)
    DMA1_Stream0_IRQHandler                  0x080001bb   Thumb Code     0  startup_stm32f407xx.o(.text)
    DMA1_Stream1_IRQHandler                  0x080001bb   Thumb Code     0  startup_stm32f407xx.o(.text)
    DMA1_Stream2_IRQHandler                  0x080001bb   Thumb Code     0  startup_stm32f407xx.o(.text)
    DMA1_Stream3_IRQHandler                  0x080001bb   Thumb Code     0  startup_stm32f407xx.o(.text)
    DMA1_Stream4_IRQHandler                  0x080001bb   Thumb Code     0  startup_stm32f407xx.o(.text)
    DMA1_Stream5_IRQHandler                  0x080001bb   Thumb Code     0  startup_stm32f407xx.o(.text)
    DMA1_Stream6_IRQHandler                  0x080001bb   Thumb Code     0  startup_stm32f407xx.o(.text)
    DMA1_Stream7_IRQHandler                  0x080001bb   Thumb Code     0  startup_stm32f407xx.o(.text)
    DMA2_Stream0_IRQHandler                  0x080001bb   Thumb Code     0  startup_stm32f407xx.o(.text)
    DMA2_Stream1_IRQHandler                  0x080001bb   Thumb Code     0  startup_stm32f407xx.o(.text)
    DMA2_Stream2_IRQHandler                  0x080001bb   Thumb Code     0  startup_stm32f407xx.o(.text)
    DMA2_Stream3_IRQHandler                  0x080001bb   Thumb Code     0  startup_stm32f407xx.o(.text)
    DMA2_Stream4_IRQHandler                  0x080001bb   Thumb Code     0  startup_stm32f407xx.o(.text)
    DMA2_Stream5_IRQHandler                  0x080001bb   Thumb Code     0  startup_stm32f407xx.o(.text)
    DMA2_Stream6_IRQHandler                  0x080001bb   Thumb Code     0  startup_stm32f407xx.o(.text)
    DMA2_Stream7_IRQHandler                  0x080001bb   Thumb Code     0  startup_stm32f407xx.o(.text)
    ETH_IRQHandler                           0x080001bb   Thumb Code     0  startup_stm32f407xx.o(.text)
    ETH_WKUP_IRQHandler                      0x080001bb   Thumb Code     0  startup_stm32f407xx.o(.text)
    EXTI15_10_IRQHandler                     0x080001bb   Thumb Code     0  startup_stm32f407xx.o(.text)
    EXTI1_IRQHandler                         0x080001bb   Thumb Code     0  startup_stm32f407xx.o(.text)
    EXTI2_IRQHandler                         0x080001bb   Thumb Code     0  startup_stm32f407xx.o(.text)
    EXTI3_IRQHandler                         0x080001bb   Thumb Code     0  startup_stm32f407xx.o(.text)
    EXTI4_IRQHandler                         0x080001bb   Thumb Code     0  startup_stm32f407xx.o(.text)
    EXTI9_5_IRQHandler                       0x080001bb   Thumb Code     0  startup_stm32f407xx.o(.text)
    FLASH_IRQHandler                         0x080001bb   Thumb Code     0  startup_stm32f407xx.o(.text)
    FMC_IRQHandler                           0x080001bb   Thumb Code     0  startup_stm32f407xx.o(.text)
    FPU_IRQHandler                           0x080001bb   Thumb Code     0  startup_stm32f407xx.o(.text)
    HASH_RNG_IRQHandler                      0x080001bb   Thumb Code     0  startup_stm32f407xx.o(.text)
    I2C1_ER_IRQHandler                       0x080001bb   Thumb Code     0  startup_stm32f407xx.o(.text)
    I2C1_EV_IRQHandler                       0x080001bb   Thumb Code     0  startup_stm32f407xx.o(.text)
    I2C2_ER_IRQHandler                       0x080001bb   Thumb Code     0  startup_stm32f407xx.o(.text)
    I2C2_EV_IRQHandler                       0x080001bb   Thumb Code     0  startup_stm32f407xx.o(.text)
    I2C3_ER_IRQHandler                       0x080001bb   Thumb Code     0  startup_stm32f407xx.o(.text)
    I2C3_EV_IRQHandler                       0x080001bb   Thumb Code     0  startup_stm32f407xx.o(.text)
    OTG_FS_IRQHandler                        0x080001bb   Thumb Code     0  startup_stm32f407xx.o(.text)
    OTG_FS_WKUP_IRQHandler                   0x080001bb   Thumb Code     0  startup_stm32f407xx.o(.text)
    OTG_HS_EP1_IN_IRQHandler                 0x080001bb   Thumb Code     0  startup_stm32f407xx.o(.text)
    OTG_HS_EP1_OUT_IRQHandler                0x080001bb   Thumb Code     0  startup_stm32f407xx.o(.text)
    OTG_HS_IRQHandler                        0x080001bb   Thumb Code     0  startup_stm32f407xx.o(.text)
    OTG_HS_WKUP_IRQHandler                   0x080001bb   Thumb Code     0  startup_stm32f407xx.o(.text)
    PVD_IRQHandler                           0x080001bb   Thumb Code     0  startup_stm32f407xx.o(.text)
    RCC_IRQHandler                           0x080001bb   Thumb Code     0  startup_stm32f407xx.o(.text)
    RTC_Alarm_IRQHandler                     0x080001bb   Thumb Code     0  startup_stm32f407xx.o(.text)
    RTC_WKUP_IRQHandler                      0x080001bb   Thumb Code     0  startup_stm32f407xx.o(.text)
    SDIO_IRQHandler                          0x080001bb   Thumb Code     0  startup_stm32f407xx.o(.text)
    SPI1_IRQHandler                          0x080001bb   Thumb Code     0  startup_stm32f407xx.o(.text)
    SPI2_IRQHandler                          0x080001bb   Thumb Code     0  startup_stm32f407xx.o(.text)
    SPI3_IRQHandler                          0x080001bb   Thumb Code     0  startup_stm32f407xx.o(.text)
    TAMP_STAMP_IRQHandler                    0x080001bb   Thumb Code     0  startup_stm32f407xx.o(.text)
    TIM1_BRK_TIM9_IRQHandler                 0x080001bb   Thumb Code     0  startup_stm32f407xx.o(.text)
    TIM1_CC_IRQHandler                       0x080001bb   Thumb Code     0  startup_stm32f407xx.o(.text)
    TIM1_TRG_COM_TIM11_IRQHandler            0x080001bb   Thumb Code     0  startup_stm32f407xx.o(.text)
    TIM2_IRQHandler                          0x080001bb   Thumb Code     0  startup_stm32f407xx.o(.text)
    TIM3_IRQHandler                          0x080001bb   Thumb Code     0  startup_stm32f407xx.o(.text)
    TIM4_IRQHandler                          0x080001bb   Thumb Code     0  startup_stm32f407xx.o(.text)
    TIM5_IRQHandler                          0x080001bb   Thumb Code     0  startup_stm32f407xx.o(.text)
    TIM6_DAC_IRQHandler                      0x080001bb   Thumb Code     0  startup_stm32f407xx.o(.text)
    TIM7_IRQHandler                          0x080001bb   Thumb Code     0  startup_stm32f407xx.o(.text)
    TIM8_BRK_TIM12_IRQHandler                0x080001bb   Thumb Code     0  startup_stm32f407xx.o(.text)
    TIM8_CC_IRQHandler                       0x080001bb   Thumb Code     0  startup_stm32f407xx.o(.text)
    TIM8_TRG_COM_TIM14_IRQHandler            0x080001bb   Thumb Code     0  startup_stm32f407xx.o(.text)
    TIM8_UP_TIM13_IRQHandler                 0x080001bb   Thumb Code     0  startup_stm32f407xx.o(.text)
    UART4_IRQHandler                         0x080001bb   Thumb Code     0  startup_stm32f407xx.o(.text)
    UART5_IRQHandler                         0x080001bb   Thumb Code     0  startup_stm32f407xx.o(.text)
    USART2_IRQHandler                        0x080001bb   Thumb Code     0  startup_stm32f407xx.o(.text)
    WWDG_IRQHandler                          0x080001bb   Thumb Code     0  startup_stm32f407xx.o(.text)
    __aeabi_uldivmod                         0x080001c5   Thumb Code    98  uldiv.o(.text)
    __aeabi_memset                           0x08000227   Thumb Code    14  memseta.o(.text)
    __aeabi_memset4                          0x08000227   Thumb Code     0  memseta.o(.text)
    __aeabi_memset8                          0x08000227   Thumb Code     0  memseta.o(.text)
    __aeabi_memclr                           0x08000235   Thumb Code     4  memseta.o(.text)
    __aeabi_memclr4                          0x08000235   Thumb Code     0  memseta.o(.text)
    __aeabi_memclr8                          0x08000235   Thumb Code     0  memseta.o(.text)
    _memset$wrapper                          0x08000239   Thumb Code    18  memseta.o(.text)
    __aeabi_dadd                             0x0800024b   Thumb Code   322  dadd.o(.text)
    __aeabi_dsub                             0x0800038d   Thumb Code     6  dadd.o(.text)
    __aeabi_drsub                            0x08000393   Thumb Code     6  dadd.o(.text)
    __aeabi_dmul                             0x08000399   Thumb Code   228  dmul.o(.text)
    __aeabi_ddiv                             0x0800047d   Thumb Code   222  ddiv.o(.text)
    __aeabi_i2d                              0x0800055b   Thumb Code    34  dflti.o(.text)
    __aeabi_d2iz                             0x0800057d   Thumb Code    62  dfixi.o(.text)
    __aeabi_llsl                             0x080005bb   Thumb Code    30  llshl.o(.text)
    _ll_shift_l                              0x080005bb   Thumb Code     0  llshl.o(.text)
    __aeabi_llsr                             0x080005d9   Thumb Code    32  llushr.o(.text)
    _ll_ushift_r                             0x080005d9   Thumb Code     0  llushr.o(.text)
    __aeabi_lasr                             0x080005f9   Thumb Code    36  llsshr.o(.text)
    _ll_sshift_r                             0x080005f9   Thumb Code     0  llsshr.o(.text)
    __I$use$fp                               0x0800061d   Thumb Code     0  iusefp.o(.text)
    _double_round                            0x0800061d   Thumb Code    30  depilogue.o(.text)
    _double_epilogue                         0x0800063b   Thumb Code   156  depilogue.o(.text)
    __scatterload                            0x080006d9   Thumb Code    28  init.o(.text)
    __scatterload_rt2                        0x080006d9   Thumb Code     0  init.o(.text)
    BusFault_Handler                         0x080006fd   Thumb Code     2  stm32f4xx_it.o(i.BusFault_Handler)
    CAN1_Filter                              0x08000701   Thumb Code    32  can.o(i.CAN1_Filter)
    CAN1_RX0_IRQHandler                      0x08000725   Thumb Code     6  stm32f4xx_it.o(i.CAN1_RX0_IRQHandler)
    CAN1_RX1_IRQHandler                      0x08000731   Thumb Code     6  stm32f4xx_it.o(i.CAN1_RX1_IRQHandler)
    CAN1_Tx                                  0x0800073d   Thumb Code    52  can.o(i.CAN1_Tx)
    DebugMon_Handler                         0x0800077d   Thumb Code     2  stm32f4xx_it.o(i.DebugMon_Handler)
    EXTI0_IRQHandler                         0x0800077f   Thumb Code     6  stm32f4xx_it.o(i.EXTI0_IRQHandler)
    Error_Handler                            0x08000785   Thumb Code     2  main.o(i.Error_Handler)
    HAL_CAN_ActivateNotification             0x08000787   Thumb Code    36  stm32f4xx_hal_can.o(i.HAL_CAN_ActivateNotification)
    HAL_CAN_AddTxMessage                     0x080007ab   Thumb Code   220  stm32f4xx_hal_can.o(i.HAL_CAN_AddTxMessage)
    HAL_CAN_ConfigFilter                     0x08000889   Thumb Code   262  stm32f4xx_hal_can.o(i.HAL_CAN_ConfigFilter)
    HAL_CAN_ErrorCallback                    0x08000995   Thumb Code     2  stm32f4xx_hal_can.o(i.HAL_CAN_ErrorCallback)
    HAL_CAN_GetRxMessage                     0x08000997   Thumb Code   232  stm32f4xx_hal_can.o(i.HAL_CAN_GetRxMessage)
    HAL_CAN_IRQHandler                       0x08000a7f   Thumb Code   508  stm32f4xx_hal_can.o(i.HAL_CAN_IRQHandler)
    HAL_CAN_Init                             0x08000c7b   Thumb Code   282  stm32f4xx_hal_can.o(i.HAL_CAN_Init)
    HAL_CAN_MspInit                          0x08000d95   Thumb Code   122  can.o(i.HAL_CAN_MspInit)
    HAL_CAN_RxFifo0FullCallback              0x08000e1d   Thumb Code     2  stm32f4xx_hal_can.o(i.HAL_CAN_RxFifo0FullCallback)
    HAL_CAN_RxFifo0MsgPendingCallback        0x08000e21   Thumb Code    36  can.o(i.HAL_CAN_RxFifo0MsgPendingCallback)
    HAL_CAN_RxFifo1FullCallback              0x08000e51   Thumb Code     2  stm32f4xx_hal_can.o(i.HAL_CAN_RxFifo1FullCallback)
    HAL_CAN_RxFifo1MsgPendingCallback        0x08000e53   Thumb Code     2  stm32f4xx_hal_can.o(i.HAL_CAN_RxFifo1MsgPendingCallback)
    HAL_CAN_SleepCallback                    0x08000e55   Thumb Code     2  stm32f4xx_hal_can.o(i.HAL_CAN_SleepCallback)
    HAL_CAN_Start                            0x08000e59   Thumb Code    88  stm32f4xx_hal_can.o(i.HAL_CAN_Start)
    HAL_CAN_TxMailbox0AbortCallback          0x08000eb1   Thumb Code     2  stm32f4xx_hal_can.o(i.HAL_CAN_TxMailbox0AbortCallback)
    HAL_CAN_TxMailbox0CompleteCallback       0x08000eb3   Thumb Code     2  stm32f4xx_hal_can.o(i.HAL_CAN_TxMailbox0CompleteCallback)
    HAL_CAN_TxMailbox1AbortCallback          0x08000eb5   Thumb Code     2  stm32f4xx_hal_can.o(i.HAL_CAN_TxMailbox1AbortCallback)
    HAL_CAN_TxMailbox1CompleteCallback       0x08000eb7   Thumb Code     2  stm32f4xx_hal_can.o(i.HAL_CAN_TxMailbox1CompleteCallback)
    HAL_CAN_TxMailbox2AbortCallback          0x08000eb9   Thumb Code     2  stm32f4xx_hal_can.o(i.HAL_CAN_TxMailbox2AbortCallback)
    HAL_CAN_TxMailbox2CompleteCallback       0x08000ebb   Thumb Code     2  stm32f4xx_hal_can.o(i.HAL_CAN_TxMailbox2CompleteCallback)
    HAL_CAN_WakeUpFromRxMsgCallback          0x08000ebd   Thumb Code     2  stm32f4xx_hal_can.o(i.HAL_CAN_WakeUpFromRxMsgCallback)
    HAL_DMA_Abort                            0x08000ebf   Thumb Code   146  stm32f4xx_hal_dma.o(i.HAL_DMA_Abort)
    HAL_DMA_Abort_IT                         0x08000f51   Thumb Code    36  stm32f4xx_hal_dma.o(i.HAL_DMA_Abort_IT)
    HAL_Delay                                0x08000f75   Thumb Code    32  stm32f4xx_hal.o(i.HAL_Delay)
    HAL_GPIO_EXTI_Callback                   0x08000f99   Thumb Code    44  main.o(i.HAL_GPIO_EXTI_Callback)
    HAL_GPIO_EXTI_IRQHandler                 0x08000fd1   Thumb Code    18  stm32f4xx_hal_gpio.o(i.HAL_GPIO_EXTI_IRQHandler)
    HAL_GPIO_Init                            0x08000fe9   Thumb Code   450  stm32f4xx_hal_gpio.o(i.HAL_GPIO_Init)
    HAL_GPIO_ReadPin                         0x080011d9   Thumb Code    10  stm32f4xx_hal_gpio.o(i.HAL_GPIO_ReadPin)
    HAL_GPIO_TogglePin                       0x080011e3   Thumb Code    16  stm32f4xx_hal_gpio.o(i.HAL_GPIO_TogglePin)
    HAL_GPIO_WritePin                        0x080011f3   Thumb Code    10  stm32f4xx_hal_gpio.o(i.HAL_GPIO_WritePin)
    HAL_GetTick                              0x080011fd   Thumb Code     6  stm32f4xx_hal.o(i.HAL_GetTick)
    HAL_IncTick                              0x08001209   Thumb Code    12  stm32f4xx_hal.o(i.HAL_IncTick)
    HAL_Init                                 0x08001219   Thumb Code    48  stm32f4xx_hal.o(i.HAL_Init)
    HAL_InitTick                             0x0800124d   Thumb Code    54  stm32f4xx_hal.o(i.HAL_InitTick)
    HAL_MspInit                              0x0800128d   Thumb Code    42  stm32f4xx_hal_msp.o(i.HAL_MspInit)
    HAL_NVIC_EnableIRQ                       0x080012bd   Thumb Code    26  stm32f4xx_hal_cortex.o(i.HAL_NVIC_EnableIRQ)
    HAL_NVIC_SetPriority                     0x080012d9   Thumb Code    60  stm32f4xx_hal_cortex.o(i.HAL_NVIC_SetPriority)
    HAL_NVIC_SetPriorityGrouping             0x08001319   Thumb Code    26  stm32f4xx_hal_cortex.o(i.HAL_NVIC_SetPriorityGrouping)
    HAL_RCC_ClockConfig                      0x0800133d   Thumb Code   288  stm32f4xx_hal_rcc.o(i.HAL_RCC_ClockConfig)
    HAL_RCC_GetPCLK1Freq                     0x08001471   Thumb Code    20  stm32f4xx_hal_rcc.o(i.HAL_RCC_GetPCLK1Freq)
    HAL_RCC_GetPCLK2Freq                     0x08001491   Thumb Code    20  stm32f4xx_hal_rcc.o(i.HAL_RCC_GetPCLK2Freq)
    HAL_RCC_GetSysClockFreq                  0x080014b1   Thumb Code    88  stm32f4xx_hal_rcc.o(i.HAL_RCC_GetSysClockFreq)
    HAL_RCC_OscConfig                        0x08001515   Thumb Code   856  stm32f4xx_hal_rcc.o(i.HAL_RCC_OscConfig)
    HAL_SYSTICK_Config                       0x08001881   Thumb Code    40  stm32f4xx_hal_cortex.o(i.HAL_SYSTICK_Config)
    HAL_TIMEx_BreakCallback                  0x080018a9   Thumb Code     2  stm32f4xx_hal_tim_ex.o(i.HAL_TIMEx_BreakCallback)
    HAL_TIMEx_CommutCallback                 0x080018ab   Thumb Code     2  stm32f4xx_hal_tim_ex.o(i.HAL_TIMEx_CommutCallback)
    HAL_TIMEx_MasterConfigSynchronization    0x080018ad   Thumb Code   116  stm32f4xx_hal_tim_ex.o(i.HAL_TIMEx_MasterConfigSynchronization)
    HAL_TIM_Base_Init                        0x0800193d   Thumb Code    90  stm32f4xx_hal_tim.o(i.HAL_TIM_Base_Init)
    HAL_TIM_Base_MspInit                     0x08001999   Thumb Code    50  tim.o(i.HAL_TIM_Base_MspInit)
    HAL_TIM_ConfigClockSource                0x080019d5   Thumb Code   220  stm32f4xx_hal_tim.o(i.HAL_TIM_ConfigClockSource)
    HAL_TIM_IC_CaptureCallback               0x08001ab1   Thumb Code     2  stm32f4xx_hal_tim.o(i.HAL_TIM_IC_CaptureCallback)
    HAL_TIM_IRQHandler                       0x08001ab3   Thumb Code   358  stm32f4xx_hal_tim.o(i.HAL_TIM_IRQHandler)
    HAL_TIM_OC_DelayElapsedCallback          0x08001c19   Thumb Code     2  stm32f4xx_hal_tim.o(i.HAL_TIM_OC_DelayElapsedCallback)
    HAL_TIM_PWM_PulseFinishedCallback        0x08001c1b   Thumb Code     2  stm32f4xx_hal_tim.o(i.HAL_TIM_PWM_PulseFinishedCallback)
    HAL_TIM_PeriodElapsedCallback            0x08001c1d   Thumb Code     2  stm32f4xx_hal_tim.o(i.HAL_TIM_PeriodElapsedCallback)
    HAL_TIM_TriggerCallback                  0x08001c1f   Thumb Code     2  stm32f4xx_hal_tim.o(i.HAL_TIM_TriggerCallback)
    HAL_UARTEx_RxEventCallback               0x08001c21   Thumb Code     2  stm32f4xx_hal_uart.o(i.HAL_UARTEx_RxEventCallback)
    HAL_UART_ErrorCallback                   0x08001c23   Thumb Code     2  stm32f4xx_hal_uart.o(i.HAL_UART_ErrorCallback)
    HAL_UART_IRQHandler                      0x08001c25   Thumb Code   610  stm32f4xx_hal_uart.o(i.HAL_UART_IRQHandler)
    HAL_UART_Init                            0x08001e8d   Thumb Code    98  stm32f4xx_hal_uart.o(i.HAL_UART_Init)
    HAL_UART_MspInit                         0x08001ef1   Thumb Code   298  usart.o(i.HAL_UART_MspInit)
    HAL_UART_Receive_IT                      0x0800203d   Thumb Code    42  stm32f4xx_hal_uart.o(i.HAL_UART_Receive_IT)
    HAL_UART_RxCpltCallback                  0x08002069   Thumb Code   272  main.o(i.HAL_UART_RxCpltCallback)
    HAL_UART_TxCpltCallback                  0x080021c9   Thumb Code    16  main.o(i.HAL_UART_TxCpltCallback)
    HardFault_Handler                        0x080021ed   Thumb Code     2  stm32f4xx_it.o(i.HardFault_Handler)
    MX_CAN1_Init                             0x080021f1   Thumb Code    60  can.o(i.MX_CAN1_Init)
    MX_GPIO_Init                             0x08002235   Thumb Code   204  gpio.o(i.MX_GPIO_Init)
    MX_TIM1_Init                             0x08002311   Thumb Code    98  tim.o(i.MX_TIM1_Init)
    MX_USART1_UART_Init                      0x0800237d   Thumb Code    48  usart.o(i.MX_USART1_UART_Init)
    MX_USART3_UART_Init                      0x080023b5   Thumb Code    50  usart.o(i.MX_USART3_UART_Init)
    MX_USART6_UART_Init                      0x080023f5   Thumb Code    48  usart.o(i.MX_USART6_UART_Init)
    MemManage_Handler                        0x0800242d   Thumb Code     2  stm32f4xx_it.o(i.MemManage_Handler)
    NMI_Handler                              0x0800242f   Thumb Code     2  stm32f4xx_it.o(i.NMI_Handler)
    PendSV_Handler                           0x08002431   Thumb Code     2  stm32f4xx_it.o(i.PendSV_Handler)
    SVC_Handler                              0x08002433   Thumb Code     2  stm32f4xx_it.o(i.SVC_Handler)
    SysTick_Handler                          0x08002435   Thumb Code     4  stm32f4xx_it.o(i.SysTick_Handler)
    SystemClock_Config                       0x08002439   Thumb Code   124  main.o(i.SystemClock_Config)
    SystemInit                               0x080024bd   Thumb Code    12  system_stm32f4xx.o(i.SystemInit)
    TIM1_UP_TIM10_IRQHandler                 0x080024cd   Thumb Code    18  stm32f4xx_it.o(i.TIM1_UP_TIM10_IRQHandler)
    TIM_Base_SetConfig                       0x080024e9   Thumb Code   156  stm32f4xx_hal_tim.o(i.TIM_Base_SetConfig)
    TIM_ETR_SetConfig                        0x080025b1   Thumb Code    20  stm32f4xx_hal_tim.o(i.TIM_ETR_SetConfig)
    UART_Start_Receive_IT                    0x08002845   Thumb Code    58  stm32f4xx_hal_uart.o(i.UART_Start_Receive_IT)
    USART1_IRQHandler                        0x08002881   Thumb Code     6  stm32f4xx_it.o(i.USART1_IRQHandler)
    USART3_IRQHandler                        0x0800288d   Thumb Code     6  stm32f4xx_it.o(i.USART3_IRQHandler)
    USART6_IRQHandler                        0x08002899   Thumb Code     6  stm32f4xx_it.o(i.USART6_IRQHandler)
    UsageFault_Handler                       0x080028a5   Thumb Code     2  stm32f4xx_it.o(i.UsageFault_Handler)
    __0printf$5                              0x080028a9   Thumb Code    22  printf5.o(i.__0printf$5)
    __1printf$5                              0x080028a9   Thumb Code     0  printf5.o(i.__0printf$5)
    __2printf                                0x080028a9   Thumb Code     0  printf5.o(i.__0printf$5)
    __scatterload_copy                       0x080028e9   Thumb Code    14  handlers.o(i.__scatterload_copy)
    __scatterload_null                       0x080028f7   Thumb Code     2  handlers.o(i.__scatterload_null)
    __scatterload_zeroinit                   0x080028f9   Thumb Code    14  handlers.o(i.__scatterload_zeroinit)
    coffee_car_test                          0x08002bc9   Thumb Code    72  can.o(i.coffee_car_test)
    coffee_motor_control                     0x08002c19   Thumb Code    32  controler.o(i.coffee_motor_control)
    controler_control_motor                  0x08002c41   Thumb Code   184  can.o(i.controler_control_motor)
    fputc                                    0x08002d05   Thumb Code    36  main.o(i.fputc)
    location_control_run                     0x08002d2d   Thumb Code   616  motor_can.o(i.location_control_run)
    main                                     0x08002fa1   Thumb Code   318  main.o(i.main)
    motor_clear_error                        0x0800310d   Thumb Code    44  can.o(i.motor_clear_error)
    motor_disable                            0x0800313d   Thumb Code    50  can.o(i.motor_disable)
    motor_enable                             0x08003175   Thumb Code   190  can.o(i.motor_enable)
    motor_mode_change                        0x08003239   Thumb Code    42  controler.o(i.motor_mode_change)
    motor_transmit_velo                      0x0800326d   Thumb Code    60  can.o(i.motor_transmit_velo)
    motor_velo_mode_init                     0x080032ad   Thumb Code   288  can.o(i.motor_velo_mode_init)
    parse_controler_data                     0x080033d1   Thumb Code   494  controler.o(i.parse_controler_data)
    read_motor_state_4                       0x080035ed   Thumb Code    54  motor_can.o(i.read_motor_state_4)
    read_motor_state_5                       0x08003631   Thumb Code    54  motor_can.o(i.read_motor_state_5)
    receive_data_handle                      0x08003675   Thumb Code    32  controler.o(i.receive_data_handle)
    soft_scram                               0x08003699   Thumb Code   100  motor_can.o(i.soft_scram)
    test_location_2                          0x08003739   Thumb Code   332  motor_can.o(i.test_location_2)
    test_remove_alarm                        0x080038ed   Thumb Code    84  motor_can.o(i.test_remove_alarm)
    velo_mode_controler                      0x08003949   Thumb Code   126  controler.o(i.velo_mode_controler)
    AHBPrescTable                            0x080039e4   Data          16  system_stm32f4xx.o(.constdata)
    APBPrescTable                            0x080039f4   Data           8  system_stm32f4xx.o(.constdata)
    Region$$Table$$Base                      0x080039fc   Number         0  anon$$obj.o(Region$$Table)
    Region$$Table$$Limit                     0x08003a1c   Number         0  anon$$obj.o(Region$$Table)
    count                                    0x20000000   Data           4  main.o(.data)
    rising_falling_flag                      0x20000004   Data           1  main.o(.data)
    test_flag                                0x20000006   Data           2  main.o(.data)
    ID3                                      0x20000008   Data           4  main.o(.data)
    len                                      0x2000000c   Data           4  main.o(.data)
    countmain                                0x20000010   Data           4  main.o(.data)
    jerk_process4                            0x20000014   Data           1  main.o(.data)
    ID3_Rx_Data_4                            0x20000015   Data           1  main.o(.data)
    ID3_Rx_Data_5                            0x20000016   Data           1  main.o(.data)
    flag_init                                0x20000018   Data           1  can.o(.data)
    flag_enabled                             0x20000019   Data           1  can.o(.data)
    flag_quick_stop                          0x2000001a   Data           1  can.o(.data)
    pTxMailbox                               0x2000001c   Data           4  can.o(.data)
    startup_step                             0x20000020   Data           4  can.o(.data)
    filtered_linear_velocity                 0x20000024   Data           4  can.o(.data)
    filtered_angular_velocity                0x20000028   Data           4  can.o(.data)
    target_linear_velocity                   0x2000002c   Data           4  can.o(.data)
    target_angular_velocity                  0x20000030   Data           4  can.o(.data)
    target_velocity_left                     0x20000034   Data           4  can.o(.data)
    target_velocity_right                    0x20000038   Data           4  can.o(.data)
    velo_left                                0x2000003c   Data           4  can.o(.data)
    velo_right                               0x20000040   Data           4  can.o(.data)
    act_velo_left                            0x20000044   Data           4  can.o(.data)
    act_velo_right                           0x20000048   Data           4  can.o(.data)
    CAN_Tx_Data                              0x2000004c   Data           8  can.o(.data)
    CAN_Rx_Data                              0x20000054   Data           8  can.o(.data)
    jerk_process                             0x2000005c   Data           1  can.o(.data)
    i                                        0x20000060   Data           4  controler.o(.data)
    uwTickFreq                               0x20000064   Data           1  stm32f4xx_hal.o(.data)
    uwTickPrio                               0x20000068   Data           4  stm32f4xx_hal.o(.data)
    uwTick                                   0x2000006c   Data           4  stm32f4xx_hal.o(.data)
    SystemCoreClock                          0x20000070   Data           4  system_stm32f4xx.o(.data)
    jerk_process2                            0x20000074   Data           1  motor_can.o(.data)
    jerk_process3                            0x20000075   Data           1  motor_can.o(.data)
    flag_location_run                        0x20000076   Data           1  motor_can.o(.data)
    flag_coffee                              0x20000077   Data           1  motor_can.o(.data)
    __stdout                                 0x20000078   Data           4  stdout.o(.data)
    RX                                       0x2000007c   Data          10  main.o(.bss)
    rec                                      0x20000086   Data        1024  main.o(.bss)
    CAN_Filter_Structure                     0x20000488   Data          40  can.o(.bss)
    Can_Tx                                   0x200004b0   Data          24  can.o(.bss)
    CAN_Rx                                   0x200004c8   Data          28  can.o(.bss)
    hcan1                                    0x200004e4   Data          40  can.o(.bss)
    htim1                                    0x2000050c   Data          72  tim.o(.bss)
    huart1                                   0x20000554   Data          68  usart.o(.bss)
    huart3                                   0x20000598   Data          68  usart.o(.bss)
    huart6                                   0x200005dc   Data          68  usart.o(.bss)
    channels                                 0x20000620   Data          48  controler.o(.bss)
    last_channels                            0x20000650   Data          48  controler.o(.bss)
    __initial_sp                             0x20000a80   Data           0  startup_stm32f407xx.o(STACK)



==============================================================================

Memory Map of the image

  Image Entry point : 0x08000189

  Load Region LR_IROM1 (Base: 0x08000000, Size: 0x00003a98, Max: 0x00100000, ABSOLUTE)

    Execution Region ER_IROM1 (Exec base: 0x08000000, Load base: 0x08000000, Size: 0x00003a1c, Max: 0x00100000, ABSOLUTE)

    Exec Addr    Load Addr    Size         Type   Attr      Idx    E Section Name        Object

    0x08000000   0x08000000   0x00000188   Data   RO            3    RESET               startup_stm32f407xx.o
    0x08000188   0x08000188   0x00000000   Code   RO         3628  * .ARM.Collect$$$$00000000  mc_w.l(entry.o)
    0x08000188   0x08000188   0x00000004   Code   RO         3912    .ARM.Collect$$$$00000001  mc_w.l(entry2.o)
    0x0800018c   0x0800018c   0x00000004   Code   RO         3915    .ARM.Collect$$$$00000004  mc_w.l(entry5.o)
    0x08000190   0x08000190   0x00000000   Code   RO         3917    .ARM.Collect$$$$00000008  mc_w.l(entry7b.o)
    0x08000190   0x08000190   0x00000000   Code   RO         3919    .ARM.Collect$$$$0000000A  mc_w.l(entry8b.o)
    0x08000190   0x08000190   0x00000008   Code   RO         3920    .ARM.Collect$$$$0000000B  mc_w.l(entry9a.o)
    0x08000198   0x08000198   0x00000004   Code   RO         3927    .ARM.Collect$$$$0000000E  mc_w.l(entry12b.o)
    0x0800019c   0x0800019c   0x00000000   Code   RO         3922    .ARM.Collect$$$$0000000F  mc_w.l(entry10a.o)
    0x0800019c   0x0800019c   0x00000000   Code   RO         3924    .ARM.Collect$$$$00000011  mc_w.l(entry11a.o)
    0x0800019c   0x0800019c   0x00000004   Code   RO         3913    .ARM.Collect$$$$00002712  mc_w.l(entry2.o)
    0x080001a0   0x080001a0   0x00000024   Code   RO            4    .text               startup_stm32f407xx.o
    0x080001c4   0x080001c4   0x00000062   Code   RO         3631    .text               mc_w.l(uldiv.o)
    0x08000226   0x08000226   0x00000024   Code   RO         3633    .text               mc_w.l(memseta.o)
    0x0800024a   0x0800024a   0x0000014e   Code   RO         3896    .text               mf_w.l(dadd.o)
    0x08000398   0x08000398   0x000000e4   Code   RO         3898    .text               mf_w.l(dmul.o)
    0x0800047c   0x0800047c   0x000000de   Code   RO         3900    .text               mf_w.l(ddiv.o)
    0x0800055a   0x0800055a   0x00000022   Code   RO         3904    .text               mf_w.l(dflti.o)
    0x0800057c   0x0800057c   0x0000003e   Code   RO         3906    .text               mf_w.l(dfixi.o)
    0x080005ba   0x080005ba   0x0000001e   Code   RO         3931    .text               mc_w.l(llshl.o)
    0x080005d8   0x080005d8   0x00000020   Code   RO         3933    .text               mc_w.l(llushr.o)
    0x080005f8   0x080005f8   0x00000024   Code   RO         3935    .text               mc_w.l(llsshr.o)
    0x0800061c   0x0800061c   0x00000000   Code   RO         3937    .text               mc_w.l(iusefp.o)
    0x0800061c   0x0800061c   0x000000ba   Code   RO         3938    .text               mf_w.l(depilogue.o)
    0x080006d6   0x080006d6   0x00000002   PAD
    0x080006d8   0x080006d8   0x00000024   Code   RO         3942    .text               mc_w.l(init.o)
    0x080006fc   0x080006fc   0x00000002   Code   RO          504    i.BusFault_Handler  stm32f4xx_it.o
    0x080006fe   0x080006fe   0x00000002   PAD
    0x08000700   0x08000700   0x00000024   Code   RO          263    i.CAN1_Filter       can.o
    0x08000724   0x08000724   0x0000000c   Code   RO          505    i.CAN1_RX0_IRQHandler  stm32f4xx_it.o
    0x08000730   0x08000730   0x0000000c   Code   RO          506    i.CAN1_RX1_IRQHandler  stm32f4xx_it.o
    0x0800073c   0x0800073c   0x00000040   Code   RO          264    i.CAN1_Tx           can.o
    0x0800077c   0x0800077c   0x00000002   Code   RO          507    i.DebugMon_Handler  stm32f4xx_it.o
    0x0800077e   0x0800077e   0x00000006   Code   RO          508    i.EXTI0_IRQHandler  stm32f4xx_it.o
    0x08000784   0x08000784   0x00000002   Code   RO           13    i.Error_Handler     main.o
    0x08000786   0x08000786   0x00000024   Code   RO          751    i.HAL_CAN_ActivateNotification  stm32f4xx_hal_can.o
    0x080007aa   0x080007aa   0x000000dc   Code   RO          752    i.HAL_CAN_AddTxMessage  stm32f4xx_hal_can.o
    0x08000886   0x08000886   0x00000002   PAD
    0x08000888   0x08000888   0x0000010c   Code   RO          753    i.HAL_CAN_ConfigFilter  stm32f4xx_hal_can.o
    0x08000994   0x08000994   0x00000002   Code   RO          756    i.HAL_CAN_ErrorCallback  stm32f4xx_hal_can.o
    0x08000996   0x08000996   0x000000e8   Code   RO          759    i.HAL_CAN_GetRxMessage  stm32f4xx_hal_can.o
    0x08000a7e   0x08000a7e   0x000001fc   Code   RO          763    i.HAL_CAN_IRQHandler  stm32f4xx_hal_can.o
    0x08000c7a   0x08000c7a   0x0000011a   Code   RO          764    i.HAL_CAN_Init      stm32f4xx_hal_can.o
    0x08000d94   0x08000d94   0x00000088   Code   RO          266    i.HAL_CAN_MspInit   can.o
    0x08000e1c   0x08000e1c   0x00000002   Code   RO          771    i.HAL_CAN_RxFifo0FullCallback  stm32f4xx_hal_can.o
    0x08000e1e   0x08000e1e   0x00000002   PAD
    0x08000e20   0x08000e20   0x00000030   Code   RO          267    i.HAL_CAN_RxFifo0MsgPendingCallback  can.o
    0x08000e50   0x08000e50   0x00000002   Code   RO          773    i.HAL_CAN_RxFifo1FullCallback  stm32f4xx_hal_can.o
    0x08000e52   0x08000e52   0x00000002   Code   RO          774    i.HAL_CAN_RxFifo1MsgPendingCallback  stm32f4xx_hal_can.o
    0x08000e54   0x08000e54   0x00000002   Code   RO          775    i.HAL_CAN_SleepCallback  stm32f4xx_hal_can.o
    0x08000e56   0x08000e56   0x00000002   PAD
    0x08000e58   0x08000e58   0x00000058   Code   RO          776    i.HAL_CAN_Start     stm32f4xx_hal_can.o
    0x08000eb0   0x08000eb0   0x00000002   Code   RO          778    i.HAL_CAN_TxMailbox0AbortCallback  stm32f4xx_hal_can.o
    0x08000eb2   0x08000eb2   0x00000002   Code   RO          779    i.HAL_CAN_TxMailbox0CompleteCallback  stm32f4xx_hal_can.o
    0x08000eb4   0x08000eb4   0x00000002   Code   RO          780    i.HAL_CAN_TxMailbox1AbortCallback  stm32f4xx_hal_can.o
    0x08000eb6   0x08000eb6   0x00000002   Code   RO          781    i.HAL_CAN_TxMailbox1CompleteCallback  stm32f4xx_hal_can.o
    0x08000eb8   0x08000eb8   0x00000002   Code   RO          782    i.HAL_CAN_TxMailbox2AbortCallback  stm32f4xx_hal_can.o
    0x08000eba   0x08000eba   0x00000002   Code   RO          783    i.HAL_CAN_TxMailbox2CompleteCallback  stm32f4xx_hal_can.o
    0x08000ebc   0x08000ebc   0x00000002   Code   RO          785    i.HAL_CAN_WakeUpFromRxMsgCallback  stm32f4xx_hal_can.o
    0x08000ebe   0x08000ebe   0x00000092   Code   RO         1446    i.HAL_DMA_Abort     stm32f4xx_hal_dma.o
    0x08000f50   0x08000f50   0x00000024   Code   RO         1447    i.HAL_DMA_Abort_IT  stm32f4xx_hal_dma.o
    0x08000f74   0x08000f74   0x00000024   Code   RO         1865    i.HAL_Delay         stm32f4xx_hal.o
    0x08000f98   0x08000f98   0x00000038   Code   RO           14    i.HAL_GPIO_EXTI_Callback  main.o
    0x08000fd0   0x08000fd0   0x00000018   Code   RO         1338    i.HAL_GPIO_EXTI_IRQHandler  stm32f4xx_hal_gpio.o
    0x08000fe8   0x08000fe8   0x000001f0   Code   RO         1339    i.HAL_GPIO_Init     stm32f4xx_hal_gpio.o
    0x080011d8   0x080011d8   0x0000000a   Code   RO         1341    i.HAL_GPIO_ReadPin  stm32f4xx_hal_gpio.o
    0x080011e2   0x080011e2   0x00000010   Code   RO         1342    i.HAL_GPIO_TogglePin  stm32f4xx_hal_gpio.o
    0x080011f2   0x080011f2   0x0000000a   Code   RO         1343    i.HAL_GPIO_WritePin  stm32f4xx_hal_gpio.o
    0x080011fc   0x080011fc   0x0000000c   Code   RO         1871    i.HAL_GetTick       stm32f4xx_hal.o
    0x08001208   0x08001208   0x00000010   Code   RO         1877    i.HAL_IncTick       stm32f4xx_hal.o
    0x08001218   0x08001218   0x00000034   Code   RO         1878    i.HAL_Init          stm32f4xx_hal.o
    0x0800124c   0x0800124c   0x00000040   Code   RO         1879    i.HAL_InitTick      stm32f4xx_hal.o
    0x0800128c   0x0800128c   0x00000030   Code   RO          631    i.HAL_MspInit       stm32f4xx_hal_msp.o
    0x080012bc   0x080012bc   0x0000001a   Code   RO         1728    i.HAL_NVIC_EnableIRQ  stm32f4xx_hal_cortex.o
    0x080012d6   0x080012d6   0x00000002   PAD
    0x080012d8   0x080012d8   0x00000040   Code   RO         1734    i.HAL_NVIC_SetPriority  stm32f4xx_hal_cortex.o
    0x08001318   0x08001318   0x00000024   Code   RO         1735    i.HAL_NVIC_SetPriorityGrouping  stm32f4xx_hal_cortex.o
    0x0800133c   0x0800133c   0x00000134   Code   RO          985    i.HAL_RCC_ClockConfig  stm32f4xx_hal_rcc.o
    0x08001470   0x08001470   0x00000020   Code   RO          992    i.HAL_RCC_GetPCLK1Freq  stm32f4xx_hal_rcc.o
    0x08001490   0x08001490   0x00000020   Code   RO          993    i.HAL_RCC_GetPCLK2Freq  stm32f4xx_hal_rcc.o
    0x080014b0   0x080014b0   0x00000064   Code   RO          994    i.HAL_RCC_GetSysClockFreq  stm32f4xx_hal_rcc.o
    0x08001514   0x08001514   0x0000036c   Code   RO          997    i.HAL_RCC_OscConfig  stm32f4xx_hal_rcc.o
    0x08001880   0x08001880   0x00000028   Code   RO         1739    i.HAL_SYSTICK_Config  stm32f4xx_hal_cortex.o
    0x080018a8   0x080018a8   0x00000002   Code   RO         2822    i.HAL_TIMEx_BreakCallback  stm32f4xx_hal_tim_ex.o
    0x080018aa   0x080018aa   0x00000002   Code   RO         2823    i.HAL_TIMEx_CommutCallback  stm32f4xx_hal_tim_ex.o
    0x080018ac   0x080018ac   0x00000090   Code   RO         2841    i.HAL_TIMEx_MasterConfigSynchronization  stm32f4xx_hal_tim_ex.o
    0x0800193c   0x0800193c   0x0000005a   Code   RO         2118    i.HAL_TIM_Base_Init  stm32f4xx_hal_tim.o
    0x08001996   0x08001996   0x00000002   PAD
    0x08001998   0x08001998   0x0000003c   Code   RO          409    i.HAL_TIM_Base_MspInit  tim.o
    0x080019d4   0x080019d4   0x000000dc   Code   RO         2127    i.HAL_TIM_ConfigClockSource  stm32f4xx_hal_tim.o
    0x08001ab0   0x08001ab0   0x00000002   Code   RO         2152    i.HAL_TIM_IC_CaptureCallback  stm32f4xx_hal_tim.o
    0x08001ab2   0x08001ab2   0x00000166   Code   RO         2166    i.HAL_TIM_IRQHandler  stm32f4xx_hal_tim.o
    0x08001c18   0x08001c18   0x00000002   Code   RO         2169    i.HAL_TIM_OC_DelayElapsedCallback  stm32f4xx_hal_tim.o
    0x08001c1a   0x08001c1a   0x00000002   Code   RO         2196    i.HAL_TIM_PWM_PulseFinishedCallback  stm32f4xx_hal_tim.o
    0x08001c1c   0x08001c1c   0x00000002   Code   RO         2204    i.HAL_TIM_PeriodElapsedCallback  stm32f4xx_hal_tim.o
    0x08001c1e   0x08001c1e   0x00000002   Code   RO         2209    i.HAL_TIM_TriggerCallback  stm32f4xx_hal_tim.o
    0x08001c20   0x08001c20   0x00000002   Code   RO         3100    i.HAL_UARTEx_RxEventCallback  stm32f4xx_hal_uart.o
    0x08001c22   0x08001c22   0x00000002   Code   RO         3114    i.HAL_UART_ErrorCallback  stm32f4xx_hal_uart.o
    0x08001c24   0x08001c24   0x00000268   Code   RO         3117    i.HAL_UART_IRQHandler  stm32f4xx_hal_uart.o
    0x08001e8c   0x08001e8c   0x00000062   Code   RO         3118    i.HAL_UART_Init     stm32f4xx_hal_uart.o
    0x08001eee   0x08001eee   0x00000002   PAD
    0x08001ef0   0x08001ef0   0x0000014c   Code   RO          451    i.HAL_UART_MspInit  usart.o
    0x0800203c   0x0800203c   0x0000002a   Code   RO         3123    i.HAL_UART_Receive_IT  stm32f4xx_hal_uart.o
    0x08002066   0x08002066   0x00000002   PAD
    0x08002068   0x08002068   0x00000160   Code   RO           15    i.HAL_UART_RxCpltCallback  main.o
    0x080021c8   0x080021c8   0x00000024   Code   RO           16    i.HAL_UART_TxCpltCallback  main.o
    0x080021ec   0x080021ec   0x00000002   Code   RO          509    i.HardFault_Handler  stm32f4xx_it.o
    0x080021ee   0x080021ee   0x00000002   PAD
    0x080021f0   0x080021f0   0x00000044   Code   RO          268    i.MX_CAN1_Init      can.o
    0x08002234   0x08002234   0x000000dc   Code   RO          231    i.MX_GPIO_Init      gpio.o
    0x08002310   0x08002310   0x0000006c   Code   RO          410    i.MX_TIM1_Init      tim.o
    0x0800237c   0x0800237c   0x00000038   Code   RO          452    i.MX_USART1_UART_Init  usart.o
    0x080023b4   0x080023b4   0x00000040   Code   RO          453    i.MX_USART3_UART_Init  usart.o
    0x080023f4   0x080023f4   0x00000038   Code   RO          454    i.MX_USART6_UART_Init  usart.o
    0x0800242c   0x0800242c   0x00000002   Code   RO          510    i.MemManage_Handler  stm32f4xx_it.o
    0x0800242e   0x0800242e   0x00000002   Code   RO          511    i.NMI_Handler       stm32f4xx_it.o
    0x08002430   0x08002430   0x00000002   Code   RO          512    i.PendSV_Handler    stm32f4xx_it.o
    0x08002432   0x08002432   0x00000002   Code   RO          513    i.SVC_Handler       stm32f4xx_it.o
    0x08002434   0x08002434   0x00000004   Code   RO          514    i.SysTick_Handler   stm32f4xx_it.o
    0x08002438   0x08002438   0x00000084   Code   RO           17    i.SystemClock_Config  main.o
    0x080024bc   0x080024bc   0x00000010   Code   RO         3447    i.SystemInit        system_stm32f4xx.o
    0x080024cc   0x080024cc   0x0000001c   Code   RO          515    i.TIM1_UP_TIM10_IRQHandler  stm32f4xx_it.o
    0x080024e8   0x080024e8   0x000000c8   Code   RO         2211    i.TIM_Base_SetConfig  stm32f4xx_hal_tim.o
    0x080025b0   0x080025b0   0x00000014   Code   RO         2222    i.TIM_ETR_SetConfig  stm32f4xx_hal_tim.o
    0x080025c4   0x080025c4   0x00000010   Code   RO         2223    i.TIM_ITRx_SetConfig  stm32f4xx_hal_tim.o
    0x080025d4   0x080025d4   0x00000022   Code   RO         2229    i.TIM_TI1_ConfigInputStage  stm32f4xx_hal_tim.o
    0x080025f6   0x080025f6   0x00000024   Code   RO         2231    i.TIM_TI2_ConfigInputStage  stm32f4xx_hal_tim.o
    0x0800261a   0x0800261a   0x00000010   Code   RO         3131    i.UART_DMAAbortOnError  stm32f4xx_hal_uart.o
    0x0800262a   0x0800262a   0x0000004e   Code   RO         3141    i.UART_EndRxTransfer  stm32f4xx_hal_uart.o
    0x08002678   0x08002678   0x000000c0   Code   RO         3143    i.UART_Receive_IT   stm32f4xx_hal_uart.o
    0x08002738   0x08002738   0x0000010c   Code   RO         3144    i.UART_SetConfig    stm32f4xx_hal_uart.o
    0x08002844   0x08002844   0x0000003a   Code   RO         3146    i.UART_Start_Receive_IT  stm32f4xx_hal_uart.o
    0x0800287e   0x0800287e   0x00000002   PAD
    0x08002880   0x08002880   0x0000000c   Code   RO          516    i.USART1_IRQHandler  stm32f4xx_it.o
    0x0800288c   0x0800288c   0x0000000c   Code   RO          517    i.USART3_IRQHandler  stm32f4xx_it.o
    0x08002898   0x08002898   0x0000000c   Code   RO          518    i.USART6_IRQHandler  stm32f4xx_it.o
    0x080028a4   0x080028a4   0x00000002   Code   RO          519    i.UsageFault_Handler  stm32f4xx_it.o
    0x080028a6   0x080028a6   0x00000002   PAD
    0x080028a8   0x080028a8   0x00000020   Code   RO         3768    i.__0printf$5       mc_w.l(printf5.o)
    0x080028c8   0x080028c8   0x00000020   Code   RO         1741    i.__NVIC_SetPriority  stm32f4xx_hal_cortex.o
    0x080028e8   0x080028e8   0x0000000e   Code   RO         3946    i.__scatterload_copy  mc_w.l(handlers.o)
    0x080028f6   0x080028f6   0x00000002   Code   RO         3947    i.__scatterload_null  mc_w.l(handlers.o)
    0x080028f8   0x080028f8   0x0000000e   Code   RO         3948    i.__scatterload_zeroinit  mc_w.l(handlers.o)
    0x08002906   0x08002906   0x00000002   PAD
    0x08002908   0x08002908   0x000002c0   Code   RO         3775    i._printf_core      mc_w.l(printf5.o)
    0x08002bc8   0x08002bc8   0x00000050   Code   RO          270    i.coffee_car_test   can.o
    0x08002c18   0x08002c18   0x00000028   Code   RO          692    i.coffee_motor_control  controler.o
    0x08002c40   0x08002c40   0x000000c4   Code   RO          271    i.controler_control_motor  can.o
    0x08002d04   0x08002d04   0x00000028   Code   RO           18    i.fputc             main.o
    0x08002d2c   0x08002d2c   0x00000274   Code   RO         3489    i.location_control_run  motor_can.o
    0x08002fa0   0x08002fa0   0x0000016c   Code   RO           19    i.main              main.o
    0x0800310c   0x0800310c   0x00000030   Code   RO          272    i.motor_clear_error  can.o
    0x0800313c   0x0800313c   0x00000038   Code   RO          273    i.motor_disable     can.o
    0x08003174   0x08003174   0x000000c4   Code   RO          274    i.motor_enable      can.o
    0x08003238   0x08003238   0x00000034   Code   RO          693    i.motor_mode_change  controler.o
    0x0800326c   0x0800326c   0x00000040   Code   RO          276    i.motor_transmit_velo  can.o
    0x080032ac   0x080032ac   0x00000124   Code   RO          277    i.motor_velo_mode_init  can.o
    0x080033d0   0x080033d0   0x0000021c   Code   RO          694    i.parse_controler_data  controler.o
    0x080035ec   0x080035ec   0x00000044   Code   RO         3493    i.read_motor_state_4  motor_can.o
    0x08003630   0x08003630   0x00000044   Code   RO         3494    i.read_motor_state_5  motor_can.o
    0x08003674   0x08003674   0x00000024   Code   RO          695    i.receive_data_handle  controler.o
    0x08003698   0x08003698   0x000000a0   Code   RO         3495    i.soft_scram        motor_can.o
    0x08003738   0x08003738   0x000001b4   Code   RO         3497    i.test_location_2   motor_can.o
    0x080038ec   0x080038ec   0x0000005c   Code   RO         3500    i.test_remove_alarm  motor_can.o
    0x08003948   0x08003948   0x0000009c   Code   RO          696    i.velo_mode_controler  controler.o
    0x080039e4   0x080039e4   0x00000010   Data   RO         3448    .constdata          system_stm32f4xx.o
    0x080039f4   0x080039f4   0x00000008   Data   RO         3449    .constdata          system_stm32f4xx.o
    0x080039fc   0x080039fc   0x00000020   Data   RO         3944    Region$$Table       anon$$obj.o


    Execution Region RW_IRAM1 (Exec base: 0x20000000, Load base: 0x08003a1c, Size: 0x00000a80, Max: 0x0001c000, ABSOLUTE)

    Exec Addr    Load Addr    Size         Type   Attr      Idx    E Section Name        Object

    0x20000000   0x08003a1c   0x00000004   Data   RW           21    .data               main.o
    0x20000004   0x08003a20   0x00000010   Data   RW           25    .data               main.o
    0x20000014   0x08003a30   0x00000001   Data   RW           26    .data               main.o
    0x20000015   0x08003a31   0x00000001   Data   RW           40    .data               main.o
    0x20000016   0x08003a32   0x00000001   Data   RW           43    .data               main.o
    0x20000017   0x08003a33   0x00000001   PAD
    0x20000018   0x08003a34   0x00000044   Data   RW          282    .data               can.o
    0x2000005c   0x08003a78   0x00000001   Data   RW          283    .data               can.o
    0x2000005d   0x08003a79   0x00000003   PAD
    0x20000060   0x08003a7c   0x00000004   Data   RW          698    .data               controler.o
    0x20000064   0x08003a80   0x0000000c   Data   RW         1885    .data               stm32f4xx_hal.o
    0x20000070   0x08003a8c   0x00000004   Data   RW         3450    .data               system_stm32f4xx.o
    0x20000074   0x08003a90   0x00000004   Data   RW         3504    .data               motor_can.o
    0x20000078   0x08003a94   0x00000004   Data   RW         3928    .data               mc_w.l(stdout.o)
    0x2000007c        -       0x0000040a   Zero   RW           20    .bss                main.o
    0x20000486   0x08003a98   0x00000002   PAD
    0x20000488        -       0x00000084   Zero   RW          280    .bss                can.o
    0x2000050c        -       0x00000048   Zero   RW          411    .bss                tim.o
    0x20000554        -       0x000000cc   Zero   RW          455    .bss                usart.o
    0x20000620        -       0x00000060   Zero   RW          697    .bss                controler.o
    0x20000680        -       0x00000400   Zero   RW            1    STACK               startup_stm32f407xx.o


    Execution Region RW_IRAM2 (Exec base: 0x2001c000, Load base: 0x08003a98, Size: 0x00000000, Max: 0x00004000, ABSOLUTE)

    **** No section assigned to this execution region ****


==============================================================================

Image component sizes


      Code (inc. data)   RO Data    RW Data    ZI Data      Debug   Object Name

      1284         94          0         69        132      10448   can.o
       824         98          0          4         96       3882   controler.o
       220         16          0          0          0       1119   gpio.o
       982        170          0         23       1034     738926   main.o
      1452        226          0          4          0       6517   motor_can.o
        36          8        392          0       1024        868   startup_stm32f407xx.o
       180         28          0         12          0       9665   stm32f4xx_hal.o
      1658          6          0          0          0      14899   stm32f4xx_hal_can.o
       198         14          0          0          0      34135   stm32f4xx_hal_cortex.o
       182          0          0          0          0       2195   stm32f4xx_hal_dma.o
       556         52          0          0          0       4315   stm32f4xx_hal_gpio.o
        48          6          0          0          0        918   stm32f4xx_hal_msp.o
      1348         76          0          0          0       5432   stm32f4xx_hal_rcc.o
       984         44          0          0          0      10461   stm32f4xx_hal_tim.o
       148         28          0          0          0       2581   stm32f4xx_hal_tim_ex.o
      1372         16          0          0          0       9030   stm32f4xx_hal_uart.o
       114         40          0          0          0       8008   stm32f4xx_it.o
        16          4         24          4          0       1223   system_stm32f4xx.o
       168         20          0          0         72       1830   tim.o
       508         64          0          0        204       3416   usart.o

    ----------------------------------------------------------------------
     12300       1010        448        120       2564     869868   Object Totals
         0          0         32          0          0          0   (incl. Generated)
        22          0          0          4          2          0   (incl. Padding)

    ----------------------------------------------------------------------

      Code (inc. data)   RO Data    RW Data    ZI Data      Debug   Library Member Name

         0          0          0          0          0          0   entry.o
         0          0          0          0          0          0   entry10a.o
         0          0          0          0          0          0   entry11a.o
         4          0          0          0          0          0   entry12b.o
         8          4          0          0          0          0   entry2.o
         4          0          0          0          0          0   entry5.o
         0          0          0          0          0          0   entry7b.o
         0          0          0          0          0          0   entry8b.o
         8          4          0          0          0          0   entry9a.o
        30          0          0          0          0          0   handlers.o
        36          8          0          0          0         68   init.o
         0          0          0          0          0          0   iusefp.o
        30          0          0          0          0         68   llshl.o
        36          0          0          0          0         68   llsshr.o
        32          0          0          0          0         68   llushr.o
        36          0          0          0          0        108   memseta.o
       736         54          0          0          0        184   printf5.o
         0          0          0          4          0          0   stdout.o
        98          0          0          0          0         92   uldiv.o
       334          0          0          0          0        148   dadd.o
       222          0          0          0          0        100   ddiv.o
       186          0          0          0          0        176   depilogue.o
        62          0          0          0          0         80   dfixi.o
        34          0          0          0          0         76   dflti.o
       228          0          0          0          0         96   dmul.o

    ----------------------------------------------------------------------
      2128         70          0          4          0       1332   Library Totals
         4          0          0          0          0          0   (incl. Padding)

    ----------------------------------------------------------------------

      Code (inc. data)   RO Data    RW Data    ZI Data      Debug   Library Name

      1058         70          0          4          0        656   mc_w.l
      1066          0          0          0          0        676   mf_w.l

    ----------------------------------------------------------------------
      2128         70          0          4          0       1332   Library Totals

    ----------------------------------------------------------------------

==============================================================================


      Code (inc. data)   RO Data    RW Data    ZI Data      Debug   

     14428       1080        448        124       2564     859280   Grand Totals
     14428       1080        448        124       2564     859280   ELF Image Totals
     14428       1080        448        124          0          0   ROM Totals

==============================================================================

    Total RO  Size (Code + RO Data)                14876 (  14.53kB)
    Total RW  Size (RW Data + ZI Data)              2688 (   2.63kB)
    Total ROM Size (Code + RO Data + RW Data)      15000 (  14.65kB)

==============================================================================

