<html>
<body>
<pre>
<h1>µVision Build Log</h1>
<h2>Tool Versions:</h2>
IDE-Version: ¦ÌVision V5.39.0.0
Copyright (C) 2023 ARM Ltd and ARM Germany GmbH. All rights reserved.
License Information: b lyh, b, LIC=EXJT4-FLTCI-30CNC-75LA4-SI4FY-XM5VZ
 
Tool Versions:
Toolchain:       MDK-ARM Plus  Version: 5.39.0.0
Toolchain Path:  D:\Keil\ARM\ARMCC\Bin
C Compiler:      Armcc.exe V5.06 update 7 (build 960)
Assembler:       Armasm.exe V5.06 update 7 (build 960)
Linker/Locator:  ArmLink.exe V5.06 update 7 (build 960)
Library Manager: ArmAr.exe V5.06 update 7 (build 960)
Hex Converter:   FromElf.exe V5.06 update 7 (build 960)
CPU DLL:         SARMCM3.DLL V5.39.0.0
Dialog DLL:      DCM.DLL V1.17.5.0
Target DLL:      STLink\ST-LINKIII-KEIL_SWO.dll V3.2.0.0
Dialog DLL:      TCM.DLL V1.56.4.0
 
<h2>Project:</h2>
d:\software\expertise\dachuang\super_coffee_car\coffee_car_forMARK03\MDK-ARM\can.uvprojx
Project File Date:  10/13/2025

<h2>Output:</h2>
*** Using Compiler 'V5.06 update 7 (build 960)', folder: 'D:\Keil\ARM\ARMCC\Bin'
Build target 'can'
compiling main.c...
../Core/Src/main.c(181): warning:  #223-D: function "coffee_motor_control" declared implicitly
          coffee_motor_control();
../Core/Src/main.c(205): warning:  #187-D: use of "=" where "==" may have been intended
          if (test_flag = 111)
../Core/Src/main.c: 2 warnings, 0 errors
compiling motor_can.c...
..\Core\Inc\APP\motor_can.c(2173): warning:  #223-D: function "coffee_motor_control" declared implicitly
                  coffee_motor_control();
..\Core\Inc\APP\motor_can.c(2202): warning:  #223-D: function "coffee_motor_control" declared implicitly
                  coffee_motor_control();
..\Core\Inc\APP\motor_can.c: 2 warnings, 0 errors
linking...
Program Size: Code=14428 RO-data=448 RW-data=124 ZI-data=2564  
FromELF: creating hex file...
"can\can.axf" - 0 Error(s), 4 Warning(s).

<h2>Software Packages used:</h2>

Package Vendor: ARM
                http://www.keil.com/pack/ARM.CMSIS.5.9.0.pack
                ARM::CMSIS@5.9.0
                CMSIS (Common Microcontroller Software Interface Standard)
   * Component: CORE Version: 5.6.0

Package Vendor: Keil
                https://www.keil.com/pack/Keil.STM32F4xx_DFP.3.0.0.pack
                Keil::STM32F4xx_DFP@3.0.0
                STMicroelectronics STM32F4 Series Device Support

<h2>Collection of Component include folders:</h2>
  ./RTE/_can
  D:/Keil/ARM/PACK/ARM/CMSIS/5.9.0/CMSIS/Core/Include

<h2>Collection of Component Files used:</h2>

   * Component: ARM::CMSIS:CORE@5.6.0
      Include file:  CMSIS/Core/Include/tz_context.h
Build Time Elapsed:  00:00:02
</pre>
</body>
</html>
